Archive member included because of file (symbol)

.\CortexM3\ARM_GCC_484\Debug\Module HF STA.a(cyfitter_cfg.o)
                              .\CortexM3\ARM_GCC_484\Debug\Cm3Start.o (cyfitter_cfg)
.\CortexM3\ARM_GCC_484\Debug\Module HF STA.a(CyBootAsmGnu.o)
                              .\CortexM3\ARM_GCC_484\Debug\Module HF STA.a(cyfitter_cfg.o) (CyDelayCycles)
.\CortexM3\ARM_GCC_484\Debug\Module HF STA.a(CyLib.o)
                              .\CortexM3\ARM_GCC_484\Debug\Cm3Start.o (CyResetStatus)
.\CortexM3\ARM_GCC_484\Debug\Module HF STA.a(cyPm.o)
                              .\CortexM3\ARM_GCC_484\Debug\Module HF STA.a(CyLib.o) (CyPmReadStatus)
.\CortexM3\ARM_GCC_484\Debug\Module HF STA.a(UART.o)
                              .\CortexM3\ARM_GCC_484\Debug\RxUART.o (UART_Start)
.\CortexM3\ARM_GCC_484\Debug\Module HF STA.a(UART_INT.o)
                              .\CortexM3\ARM_GCC_484\Debug\Module HF STA.a(UART.o) (UART_RXISR)
.\CortexM3\ARM_GCC_484\Debug\Module HF STA.a(LCD.o)
                              .\CortexM3\ARM_GCC_484\Debug\main.o (LCD_WriteControl)
.\CortexM3\ARM_GCC_484\Debug\Module HF STA.a(UART_IntClock.o)
                              .\CortexM3\ARM_GCC_484\Debug\Module HF STA.a(UART.o) (UART_IntClock_Start)
.\CortexM3\ARM_GCC_484\Debug\Module HF STA.a(Rx_Int.o)
                              .\CortexM3\ARM_GCC_484\Debug\RxUART.o (Rx_Int_StartEx)
.\CortexM3\ARM_GCC_484\Debug\Module HF STA.a(SW2.o)
                              .\CortexM3\ARM_GCC_484\Debug\main.o (SW2_Read)
.\CortexM3\ARM_GCC_484\Debug\Module HF STA.a(CyFlash.o)
                              .\CortexM3\ARM_GCC_484\Debug\Module HF STA.a(cyPm.o) (CyFlash_SetWaitCycles)
.\CortexM3\ARM_GCC_484\Debug\Module HF STA.a(CySpc.o)
                              .\CortexM3\ARM_GCC_484\Debug\Module HF STA.a(CyFlash.o) (CySpcStart)
c:/program files (x86)/cypress/psoc creator/3.1/psoc creator/import/gnu_cs/arm/4.8.4/bin/../lib/gcc/arm-none-eabi/4.8.4/../../../../arm-none-eabi/lib/armv7-m\libg_s.a(lib_a-errno.o)
                              .\CortexM3\ARM_GCC_484\Debug\Cm3Start.o (__errno)
c:/program files (x86)/cypress/psoc creator/3.1/psoc creator/import/gnu_cs/arm/4.8.4/bin/../lib/gcc/arm-none-eabi/4.8.4/../../../../arm-none-eabi/lib/armv7-m\libg_s.a(lib_a-exit.o)
                              c:/program files (x86)/cypress/psoc creator/3.1/psoc creator/import/gnu_cs/arm/4.8.4/bin/../lib/gcc/arm-none-eabi/4.8.4/../../../../arm-none-eabi/lib/armv7-m/crt0.o (exit)
c:/program files (x86)/cypress/psoc creator/3.1/psoc creator/import/gnu_cs/arm/4.8.4/bin/../lib/gcc/arm-none-eabi/4.8.4/../../../../arm-none-eabi/lib/armv7-m\libg_s.a(lib_a-impure.o)
                              c:/program files (x86)/cypress/psoc creator/3.1/psoc creator/import/gnu_cs/arm/4.8.4/bin/../lib/gcc/arm-none-eabi/4.8.4/../../../../arm-none-eabi/lib/armv7-m\libg_s.a(lib_a-exit.o) (_global_impure_ptr)
c:/program files (x86)/cypress/psoc creator/3.1/psoc creator/import/gnu_cs/arm/4.8.4/bin/../lib/gcc/arm-none-eabi/4.8.4/../../../../arm-none-eabi/lib/armv7-m\libg_s.a(lib_a-init.o)
                              c:/program files (x86)/cypress/psoc creator/3.1/psoc creator/import/gnu_cs/arm/4.8.4/bin/../lib/gcc/arm-none-eabi/4.8.4/../../../../arm-none-eabi/lib/armv7-m/crt0.o (__libc_init_array)
c:/program files (x86)/cypress/psoc creator/3.1/psoc creator/import/gnu_cs/arm/4.8.4/bin/../lib/gcc/arm-none-eabi/4.8.4/../../../../arm-none-eabi/lib/armv7-m\libg_s.a(lib_a-memcpy-stub.o)
                              .\CortexM3\ARM_GCC_484\Debug\Module HF STA.a(cyfitter_cfg.o) (memcpy)
c:/program files (x86)/cypress/psoc creator/3.1/psoc creator/import/gnu_cs/arm/4.8.4/bin/../lib/gcc/arm-none-eabi/4.8.4/../../../../arm-none-eabi/lib/armv7-m\libg_s.a(lib_a-memset.o)
                              c:/program files (x86)/cypress/psoc creator/3.1/psoc creator/import/gnu_cs/arm/4.8.4/bin/../lib/gcc/arm-none-eabi/4.8.4/../../../../arm-none-eabi/lib/armv7-m/crt0.o (memset)

Allocating common symbols
Common symbol       size              file

ConfigEnd           0x1               .\CortexM3\ARM_GCC_484\Debug\main.o
UART_rxBuffer       0x8               .\CortexM3\ARM_GCC_484\Debug\Module HF STA.a(UART.o)
RxData              0x1               .\CortexM3\ARM_GCC_484\Debug\main.o
dieTemperature      0x2               .\CortexM3\ARM_GCC_484\Debug\Module HF STA.a(CyFlash.o)
UART_txBuffer       0x8               .\CortexM3\ARM_GCC_484\Debug\Module HF STA.a(UART.o)

Discarded input sections

 .text          0x00000000        0x0 c:/program files (x86)/cypress/psoc creator/3.1/psoc creator/import/gnu_cs/arm/4.8.4/bin/../lib/gcc/arm-none-eabi/4.8.4/armv7-m/crti.o
 .data          0x00000000        0x0 c:/program files (x86)/cypress/psoc creator/3.1/psoc creator/import/gnu_cs/arm/4.8.4/bin/../lib/gcc/arm-none-eabi/4.8.4/armv7-m/crti.o
 .bss           0x00000000        0x0 c:/program files (x86)/cypress/psoc creator/3.1/psoc creator/import/gnu_cs/arm/4.8.4/bin/../lib/gcc/arm-none-eabi/4.8.4/armv7-m/crti.o
 .data          0x00000000        0x4 c:/program files (x86)/cypress/psoc creator/3.1/psoc creator/import/gnu_cs/arm/4.8.4/bin/../lib/gcc/arm-none-eabi/4.8.4/armv7-m/crtbegin.o
 .text          0x00000000       0x74 c:/program files (x86)/cypress/psoc creator/3.1/psoc creator/import/gnu_cs/arm/4.8.4/bin/../lib/gcc/arm-none-eabi/4.8.4/../../../../arm-none-eabi/lib/armv7-m/crt0.o
 .data          0x00000000        0x0 c:/program files (x86)/cypress/psoc creator/3.1/psoc creator/import/gnu_cs/arm/4.8.4/bin/../lib/gcc/arm-none-eabi/4.8.4/../../../../arm-none-eabi/lib/armv7-m/crt0.o
 .bss           0x00000000        0x0 c:/program files (x86)/cypress/psoc creator/3.1/psoc creator/import/gnu_cs/arm/4.8.4/bin/../lib/gcc/arm-none-eabi/4.8.4/../../../../arm-none-eabi/lib/armv7-m/crt0.o
 .ARM.extab     0x00000000        0x0 c:/program files (x86)/cypress/psoc creator/3.1/psoc creator/import/gnu_cs/arm/4.8.4/bin/../lib/gcc/arm-none-eabi/4.8.4/../../../../arm-none-eabi/lib/armv7-m/crt0.o
 .ARM.exidx     0x00000000        0x8 c:/program files (x86)/cypress/psoc creator/3.1/psoc creator/import/gnu_cs/arm/4.8.4/bin/../lib/gcc/arm-none-eabi/4.8.4/../../../../arm-none-eabi/lib/armv7-m/crt0.o
 .text          0x00000000        0x0 .\CortexM3\ARM_GCC_484\Debug\main.o
 .data          0x00000000        0x0 .\CortexM3\ARM_GCC_484\Debug\main.o
 .bss           0x00000000        0x0 .\CortexM3\ARM_GCC_484\Debug\main.o
 .text          0x00000000        0x0 .\CortexM3\ARM_GCC_484\Debug\wifi.o
 .bss           0x00000000        0x0 .\CortexM3\ARM_GCC_484\Debug\wifi.o
 .text          0x00000000        0x0 .\CortexM3\ARM_GCC_484\Debug\RxUART.o
 .data          0x00000000        0x0 .\CortexM3\ARM_GCC_484\Debug\RxUART.o
 .bss           0x00000000        0x0 .\CortexM3\ARM_GCC_484\Debug\RxUART.o
 .text          0x00000000        0x0 .\CortexM3\ARM_GCC_484\Debug\cymetadata.o
 .data          0x00000000        0x0 .\CortexM3\ARM_GCC_484\Debug\cymetadata.o
 .bss           0x00000000        0x0 .\CortexM3\ARM_GCC_484\Debug\cymetadata.o
 .text          0x00000000        0x0 .\CortexM3\ARM_GCC_484\Debug\Cm3Start.o
 .data          0x00000000        0x4 .\CortexM3\ARM_GCC_484\Debug\Cm3Start.o
 .bss           0x00000000        0x0 .\CortexM3\ARM_GCC_484\Debug\Cm3Start.o
 .text._exit    0x00000000       0x28 .\CortexM3\ARM_GCC_484\Debug\Cm3Start.o
 .text._sbrk    0x00000000       0x50 .\CortexM3\ARM_GCC_484\Debug\Cm3Start.o
 .text          0x00000000        0x0 .\CortexM3\ARM_GCC_484\Debug\Module HF STA.a(cyfitter_cfg.o)
 .data          0x00000000        0x0 .\CortexM3\ARM_GCC_484\Debug\Module HF STA.a(cyfitter_cfg.o)
 .bss           0x00000000        0x0 .\CortexM3\ARM_GCC_484\Debug\Module HF STA.a(cyfitter_cfg.o)
 .text.CYCONFIGCPYCODE
                0x00000000       0x1c .\CortexM3\ARM_GCC_484\Debug\Module HF STA.a(cyfitter_cfg.o)
 .text.SetAnalogRoutingPumps
                0x00000000       0x28 .\CortexM3\ARM_GCC_484\Debug\Module HF STA.a(cyfitter_cfg.o)
 .data          0x00000000        0x0 .\CortexM3\ARM_GCC_484\Debug\Module HF STA.a(CyBootAsmGnu.o)
 .bss           0x00000000        0x0 .\CortexM3\ARM_GCC_484\Debug\Module HF STA.a(CyBootAsmGnu.o)
 .text          0x00000000        0x0 .\CortexM3\ARM_GCC_484\Debug\Module HF STA.a(CyLib.o)
 .bss           0x00000000       0x18 .\CortexM3\ARM_GCC_484\Debug\Module HF STA.a(CyLib.o)
 .text.CyPLL_OUT_Start
                0x00000000       0xb0 .\CortexM3\ARM_GCC_484\Debug\Module HF STA.a(CyLib.o)
 .text.CyPLL_OUT_Stop
                0x00000000       0x20 .\CortexM3\ARM_GCC_484\Debug\Module HF STA.a(CyLib.o)
 .text.CyPLL_OUT_SetPQ
                0x00000000       0x90 .\CortexM3\ARM_GCC_484\Debug\Module HF STA.a(CyLib.o)
 .text.CyPLL_OUT_SetSource
                0x00000000       0x54 .\CortexM3\ARM_GCC_484\Debug\Module HF STA.a(CyLib.o)
 .text.CyIMO_Start
                0x00000000       0x94 .\CortexM3\ARM_GCC_484\Debug\Module HF STA.a(CyLib.o)
 .text.CyIMO_Stop
                0x00000000       0x34 .\CortexM3\ARM_GCC_484\Debug\Module HF STA.a(CyLib.o)
 .text.CyUSB_PowerOnCheck
                0x00000000       0x60 .\CortexM3\ARM_GCC_484\Debug\Module HF STA.a(CyLib.o)
 .text.CyIMO_SetTrimValue
                0x00000000      0x108 .\CortexM3\ARM_GCC_484\Debug\Module HF STA.a(CyLib.o)
 .text.CyIMO_SetFreq
                0x00000000      0x1ac .\CortexM3\ARM_GCC_484\Debug\Module HF STA.a(CyLib.o)
 .text.CyIMO_SetSource
                0x00000000       0x8c .\CortexM3\ARM_GCC_484\Debug\Module HF STA.a(CyLib.o)
 .text.CyIMO_EnableDoubler
                0x00000000       0x20 .\CortexM3\ARM_GCC_484\Debug\Module HF STA.a(CyLib.o)
 .text.CyIMO_DisableDoubler
                0x00000000       0x20 .\CortexM3\ARM_GCC_484\Debug\Module HF STA.a(CyLib.o)
 .text.CyMasterClk_SetSource
                0x00000000       0x34 .\CortexM3\ARM_GCC_484\Debug\Module HF STA.a(CyLib.o)
 .text.CyMasterClk_SetDivider
                0x00000000       0x20 .\CortexM3\ARM_GCC_484\Debug\Module HF STA.a(CyLib.o)
 .text.CyBusClk_Internal_SetDivider
                0x00000000       0x78 .\CortexM3\ARM_GCC_484\Debug\Module HF STA.a(CyLib.o)
 .text.CyBusClk_SetDivider
                0x00000000       0xb0 .\CortexM3\ARM_GCC_484\Debug\Module HF STA.a(CyLib.o)
 .text.CyUsbClk_SetSource
                0x00000000       0x34 .\CortexM3\ARM_GCC_484\Debug\Module HF STA.a(CyLib.o)
 .text.CyILO_Start1K
                0x00000000       0x20 .\CortexM3\ARM_GCC_484\Debug\Module HF STA.a(CyLib.o)
 .text.CyILO_Stop1K
                0x00000000       0x20 .\CortexM3\ARM_GCC_484\Debug\Module HF STA.a(CyLib.o)
 .text.CyILO_Start100K
                0x00000000       0x20 .\CortexM3\ARM_GCC_484\Debug\Module HF STA.a(CyLib.o)
 .text.CyILO_Stop100K
                0x00000000       0x20 .\CortexM3\ARM_GCC_484\Debug\Module HF STA.a(CyLib.o)
 .text.CyILO_Enable33K
                0x00000000       0x20 .\CortexM3\ARM_GCC_484\Debug\Module HF STA.a(CyLib.o)
 .text.CyILO_Disable33K
                0x00000000       0x20 .\CortexM3\ARM_GCC_484\Debug\Module HF STA.a(CyLib.o)
 .text.CyILO_SetSource
                0x00000000       0x38 .\CortexM3\ARM_GCC_484\Debug\Module HF STA.a(CyLib.o)
 .text.CyILO_SetPowerMode
                0x00000000       0x4c .\CortexM3\ARM_GCC_484\Debug\Module HF STA.a(CyLib.o)
 .text.CyXTAL_32KHZ_Start
                0x00000000       0x84 .\CortexM3\ARM_GCC_484\Debug\Module HF STA.a(CyLib.o)
 .text.CyXTAL_32KHZ_Stop
                0x00000000       0x50 .\CortexM3\ARM_GCC_484\Debug\Module HF STA.a(CyLib.o)
 .text.CyXTAL_32KHZ_ReadStatus
                0x00000000       0x20 .\CortexM3\ARM_GCC_484\Debug\Module HF STA.a(CyLib.o)
 .text.CyXTAL_32KHZ_SetPowerMode
                0x00000000       0xb4 .\CortexM3\ARM_GCC_484\Debug\Module HF STA.a(CyLib.o)
 .text.CyXTAL_Start
                0x00000000       0xd0 .\CortexM3\ARM_GCC_484\Debug\Module HF STA.a(CyLib.o)
 .text.CyXTAL_Stop
                0x00000000       0x20 .\CortexM3\ARM_GCC_484\Debug\Module HF STA.a(CyLib.o)
 .text.CyXTAL_EnableErrStatus
                0x00000000       0x20 .\CortexM3\ARM_GCC_484\Debug\Module HF STA.a(CyLib.o)
 .text.CyXTAL_DisableErrStatus
                0x00000000       0x20 .\CortexM3\ARM_GCC_484\Debug\Module HF STA.a(CyLib.o)
 .text.CyXTAL_ReadStatus
                0x00000000       0x28 .\CortexM3\ARM_GCC_484\Debug\Module HF STA.a(CyLib.o)
 .text.CyXTAL_EnableFaultRecovery
                0x00000000       0x20 .\CortexM3\ARM_GCC_484\Debug\Module HF STA.a(CyLib.o)
 .text.CyXTAL_DisableFaultRecovery
                0x00000000       0x20 .\CortexM3\ARM_GCC_484\Debug\Module HF STA.a(CyLib.o)
 .text.CyXTAL_SetStartup
                0x00000000       0x34 .\CortexM3\ARM_GCC_484\Debug\Module HF STA.a(CyLib.o)
 .text.CyXTAL_SetFbVoltage
                0x00000000       0x34 .\CortexM3\ARM_GCC_484\Debug\Module HF STA.a(CyLib.o)
 .text.CyXTAL_SetWdVoltage
                0x00000000       0x38 .\CortexM3\ARM_GCC_484\Debug\Module HF STA.a(CyLib.o)
 .text.CySoftwareReset
                0x00000000       0x20 .\CortexM3\ARM_GCC_484\Debug\Module HF STA.a(CyLib.o)
 .text.CyDelayFreq
                0x00000000       0x7c .\CortexM3\ARM_GCC_484\Debug\Module HF STA.a(CyLib.o)
 .text.CyWdtStart
                0x00000000       0x88 .\CortexM3\ARM_GCC_484\Debug\Module HF STA.a(CyLib.o)
 .text.CyWdtClear
                0x00000000       0x18 .\CortexM3\ARM_GCC_484\Debug\Module HF STA.a(CyLib.o)
 .text.CyVdLvDigitEnable
                0x00000000       0xb0 .\CortexM3\ARM_GCC_484\Debug\Module HF STA.a(CyLib.o)
 .text.CyVdLvAnalogEnable
                0x00000000       0xb0 .\CortexM3\ARM_GCC_484\Debug\Module HF STA.a(CyLib.o)
 .text.CyVdLvDigitDisable
                0x00000000       0x48 .\CortexM3\ARM_GCC_484\Debug\Module HF STA.a(CyLib.o)
 .text.CyVdLvAnalogDisable
                0x00000000       0x48 .\CortexM3\ARM_GCC_484\Debug\Module HF STA.a(CyLib.o)
 .text.CyVdHvAnalogEnable
                0x00000000       0x5c .\CortexM3\ARM_GCC_484\Debug\Module HF STA.a(CyLib.o)
 .text.CyVdHvAnalogDisable
                0x00000000       0x20 .\CortexM3\ARM_GCC_484\Debug\Module HF STA.a(CyLib.o)
 .text.CyVdStickyStatus
                0x00000000       0x38 .\CortexM3\ARM_GCC_484\Debug\Module HF STA.a(CyLib.o)
 .text.CyVdRealTimeStatus
                0x00000000       0x2c .\CortexM3\ARM_GCC_484\Debug\Module HF STA.a(CyLib.o)
 .text.CyDisableInts
                0x00000000       0x34 .\CortexM3\ARM_GCC_484\Debug\Module HF STA.a(CyLib.o)
 .text.CyEnableInts
                0x00000000       0x28 .\CortexM3\ARM_GCC_484\Debug\Module HF STA.a(CyLib.o)
 .text.CyFlushCache
                0x00000000       0x58 .\CortexM3\ARM_GCC_484\Debug\Module HF STA.a(CyLib.o)
 .text.CyIntSetSysVector
                0x00000000       0x4c .\CortexM3\ARM_GCC_484\Debug\Module HF STA.a(CyLib.o)
 .text.CyIntGetSysVector
                0x00000000       0x38 .\CortexM3\ARM_GCC_484\Debug\Module HF STA.a(CyLib.o)
 .text.CyIntGetVector
                0x00000000       0x38 .\CortexM3\ARM_GCC_484\Debug\Module HF STA.a(CyLib.o)
 .text.CyIntGetPriority
                0x00000000       0x38 .\CortexM3\ARM_GCC_484\Debug\Module HF STA.a(CyLib.o)
 .text.CyIntGetState
                0x00000000       0x44 .\CortexM3\ARM_GCC_484\Debug\Module HF STA.a(CyLib.o)
 .text.CySysTickStart
                0x00000000       0x20 .\CortexM3\ARM_GCC_484\Debug\Module HF STA.a(CyLib.o)
 .text.CySysTickInit
                0x00000000       0x68 .\CortexM3\ARM_GCC_484\Debug\Module HF STA.a(CyLib.o)
 .text.CySysTickEnable
                0x00000000       0x1c .\CortexM3\ARM_GCC_484\Debug\Module HF STA.a(CyLib.o)
 .text.CySysTickStop
                0x00000000       0x1c .\CortexM3\ARM_GCC_484\Debug\Module HF STA.a(CyLib.o)
 .text.CySysTickEnableInterrupt
                0x00000000       0x1c .\CortexM3\ARM_GCC_484\Debug\Module HF STA.a(CyLib.o)
 .text.CySysTickDisableInterrupt
                0x00000000       0x1c .\CortexM3\ARM_GCC_484\Debug\Module HF STA.a(CyLib.o)
 .text.CySysTickSetReload
                0x00000000       0x20 .\CortexM3\ARM_GCC_484\Debug\Module HF STA.a(CyLib.o)
 .text.CySysTickGetReload
                0x00000000       0x1c .\CortexM3\ARM_GCC_484\Debug\Module HF STA.a(CyLib.o)
 .text.CySysTickGetValue
                0x00000000       0x20 .\CortexM3\ARM_GCC_484\Debug\Module HF STA.a(CyLib.o)
 .text.CySysTickSetClockSource
                0x00000000       0x38 .\CortexM3\ARM_GCC_484\Debug\Module HF STA.a(CyLib.o)
 .text.CySysTickGetCountFlag
                0x00000000       0x1c .\CortexM3\ARM_GCC_484\Debug\Module HF STA.a(CyLib.o)
 .text.CySysTickClear
                0x00000000       0x18 .\CortexM3\ARM_GCC_484\Debug\Module HF STA.a(CyLib.o)
 .text.CySysTickSetCallback
                0x00000000       0x30 .\CortexM3\ARM_GCC_484\Debug\Module HF STA.a(CyLib.o)
 .text.CySysTickGetCallback
                0x00000000       0x20 .\CortexM3\ARM_GCC_484\Debug\Module HF STA.a(CyLib.o)
 .text.CySysTickServiceCallbacks
                0x00000000       0x44 .\CortexM3\ARM_GCC_484\Debug\Module HF STA.a(CyLib.o)
 .text          0x00000000        0x0 .\CortexM3\ARM_GCC_484\Debug\Module HF STA.a(cyPm.o)
 .data          0x00000000        0x0 .\CortexM3\ARM_GCC_484\Debug\Module HF STA.a(cyPm.o)
 .bss           0x00000000       0x44 .\CortexM3\ARM_GCC_484\Debug\Module HF STA.a(cyPm.o)
 .rodata        0x00000000       0x10 .\CortexM3\ARM_GCC_484\Debug\Module HF STA.a(cyPm.o)
 .text.CyPmSaveClocks
                0x00000000      0x280 .\CortexM3\ARM_GCC_484\Debug\Module HF STA.a(cyPm.o)
 .text.CyPmRestoreClocks
                0x00000000      0x300 .\CortexM3\ARM_GCC_484\Debug\Module HF STA.a(cyPm.o)
 .text.CyPmAltAct
                0x00000000       0xb8 .\CortexM3\ARM_GCC_484\Debug\Module HF STA.a(cyPm.o)
 .text.CyPmSleep
                0x00000000      0x16c .\CortexM3\ARM_GCC_484\Debug\Module HF STA.a(cyPm.o)
 .text.CyPmHibernate
                0x00000000      0x140 .\CortexM3\ARM_GCC_484\Debug\Module HF STA.a(cyPm.o)
 .text.CyPmReadStatus
                0x00000000       0x58 .\CortexM3\ARM_GCC_484\Debug\Module HF STA.a(cyPm.o)
 .text.CyPmHibSaveSet
                0x00000000       0xd4 .\CortexM3\ARM_GCC_484\Debug\Module HF STA.a(cyPm.o)
 .text.CyPmHibRestore
                0x00000000       0x68 .\CortexM3\ARM_GCC_484\Debug\Module HF STA.a(cyPm.o)
 .text.CyPmCtwSetInterval
                0x00000000       0x90 .\CortexM3\ARM_GCC_484\Debug\Module HF STA.a(cyPm.o)
 .text.CyPmOppsSet
                0x00000000       0x40 .\CortexM3\ARM_GCC_484\Debug\Module HF STA.a(cyPm.o)
 .text.CyPmFtwSetInterval
                0x00000000       0x90 .\CortexM3\ARM_GCC_484\Debug\Module HF STA.a(cyPm.o)
 .text.CyPmHibSlpSaveSet
                0x00000000      0x280 .\CortexM3\ARM_GCC_484\Debug\Module HF STA.a(cyPm.o)
 .text.CyPmHibSlpRestore
                0x00000000      0x188 .\CortexM3\ARM_GCC_484\Debug\Module HF STA.a(cyPm.o)
 .text.CyPmHviLviSaveDisable
                0x00000000       0xd4 .\CortexM3\ARM_GCC_484\Debug\Module HF STA.a(cyPm.o)
 .text.CyPmHviLviRestore
                0x00000000       0x54 .\CortexM3\ARM_GCC_484\Debug\Module HF STA.a(cyPm.o)
 .text          0x00000000        0x0 .\CortexM3\ARM_GCC_484\Debug\Module HF STA.a(UART.o)
 .text.UART_Stop
                0x00000000       0x6c .\CortexM3\ARM_GCC_484\Debug\Module HF STA.a(UART.o)
 .text.UART_ReadControlRegister
                0x00000000       0x18 .\CortexM3\ARM_GCC_484\Debug\Module HF STA.a(UART.o)
 .text.UART_WriteControlRegister
                0x00000000       0x20 .\CortexM3\ARM_GCC_484\Debug\Module HF STA.a(UART.o)
 .text.UART_SetRxInterruptMode
                0x00000000       0x20 .\CortexM3\ARM_GCC_484\Debug\Module HF STA.a(UART.o)
 .text.UART_GetChar
                0x00000000       0xb8 .\CortexM3\ARM_GCC_484\Debug\Module HF STA.a(UART.o)
 .text.UART_GetRxBufferSize
                0x00000000       0x90 .\CortexM3\ARM_GCC_484\Debug\Module HF STA.a(UART.o)
 .text.UART_SetTxInterruptMode
                0x00000000       0x20 .\CortexM3\ARM_GCC_484\Debug\Module HF STA.a(UART.o)
 .text.UART_WriteTxData
                0x00000000       0x90 .\CortexM3\ARM_GCC_484\Debug\Module HF STA.a(UART.o)
 .text.UART_ReadTxStatus
                0x00000000       0x18 .\CortexM3\ARM_GCC_484\Debug\Module HF STA.a(UART.o)
 .text.UART_PutArray
                0x00000000       0x40 .\CortexM3\ARM_GCC_484\Debug\Module HF STA.a(UART.o)
 .text.UART_GetTxBufferSize
                0x00000000       0x74 .\CortexM3\ARM_GCC_484\Debug\Module HF STA.a(UART.o)
 .text.UART_ClearTxBuffer
                0x00000000       0x68 .\CortexM3\ARM_GCC_484\Debug\Module HF STA.a(UART.o)
 .text.UART_SendBreak
                0x00000000       0x9c .\CortexM3\ARM_GCC_484\Debug\Module HF STA.a(UART.o)
 .text.UART_SetTxAddressMode
                0x00000000       0x3c .\CortexM3\ARM_GCC_484\Debug\Module HF STA.a(UART.o)
 .text          0x00000000        0x0 .\CortexM3\ARM_GCC_484\Debug\Module HF STA.a(UART_INT.o)
 .data          0x00000000        0x0 .\CortexM3\ARM_GCC_484\Debug\Module HF STA.a(UART_INT.o)
 .bss           0x00000000        0x0 .\CortexM3\ARM_GCC_484\Debug\Module HF STA.a(UART_INT.o)
 .text          0x00000000        0x0 .\CortexM3\ARM_GCC_484\Debug\Module HF STA.a(LCD.o)
 .data          0x00000000        0x0 .\CortexM3\ARM_GCC_484\Debug\Module HF STA.a(LCD.o)
 .text.LCD_Stop
                0x00000000       0x18 .\CortexM3\ARM_GCC_484\Debug\Module HF STA.a(LCD.o)
 .text.LCD_PrintInt8
                0x00000000       0x34 .\CortexM3\ARM_GCC_484\Debug\Module HF STA.a(LCD.o)
 .text.LCD_PrintInt16
                0x00000000       0x28 .\CortexM3\ARM_GCC_484\Debug\Module HF STA.a(LCD.o)
 .text.LCD_PrintInt32
                0x00000000       0x30 .\CortexM3\ARM_GCC_484\Debug\Module HF STA.a(LCD.o)
 .text.LCD_PrintU32Number
                0x00000000       0xa4 .\CortexM3\ARM_GCC_484\Debug\Module HF STA.a(LCD.o)
 .rodata        0x00000000       0x10 .\CortexM3\ARM_GCC_484\Debug\Module HF STA.a(LCD.o)
 .text          0x00000000        0x0 .\CortexM3\ARM_GCC_484\Debug\Module HF STA.a(UART_IntClock.o)
 .data          0x00000000        0x0 .\CortexM3\ARM_GCC_484\Debug\Module HF STA.a(UART_IntClock.o)
 .bss           0x00000000        0x0 .\CortexM3\ARM_GCC_484\Debug\Module HF STA.a(UART_IntClock.o)
 .text.UART_IntClock_Stop
                0x00000000       0x34 .\CortexM3\ARM_GCC_484\Debug\Module HF STA.a(UART_IntClock.o)
 .text.UART_IntClock_StopBlock
                0x00000000       0xb0 .\CortexM3\ARM_GCC_484\Debug\Module HF STA.a(UART_IntClock.o)
 .text.UART_IntClock_StandbyPower
                0x00000000       0x40 .\CortexM3\ARM_GCC_484\Debug\Module HF STA.a(UART_IntClock.o)
 .text.UART_IntClock_SetDividerRegister
                0x00000000      0x15c .\CortexM3\ARM_GCC_484\Debug\Module HF STA.a(UART_IntClock.o)
 .text.UART_IntClock_GetDividerRegister
                0x00000000       0x18 .\CortexM3\ARM_GCC_484\Debug\Module HF STA.a(UART_IntClock.o)
 .text.UART_IntClock_SetModeRegister
                0x00000000       0x34 .\CortexM3\ARM_GCC_484\Debug\Module HF STA.a(UART_IntClock.o)
 .text.UART_IntClock_ClearModeRegister
                0x00000000       0x34 .\CortexM3\ARM_GCC_484\Debug\Module HF STA.a(UART_IntClock.o)
 .text.UART_IntClock_GetModeRegister
                0x00000000       0x20 .\CortexM3\ARM_GCC_484\Debug\Module HF STA.a(UART_IntClock.o)
 .text.UART_IntClock_SetSourceRegister
                0x00000000       0xbc .\CortexM3\ARM_GCC_484\Debug\Module HF STA.a(UART_IntClock.o)
 .text.UART_IntClock_GetSourceRegister
                0x00000000       0x20 .\CortexM3\ARM_GCC_484\Debug\Module HF STA.a(UART_IntClock.o)
 .text          0x00000000        0x0 .\CortexM3\ARM_GCC_484\Debug\Module HF STA.a(Rx_Int.o)
 .data          0x00000000        0x0 .\CortexM3\ARM_GCC_484\Debug\Module HF STA.a(Rx_Int.o)
 .bss           0x00000000        0x0 .\CortexM3\ARM_GCC_484\Debug\Module HF STA.a(Rx_Int.o)
 .text.Rx_Int_Start
                0x00000000       0x20 .\CortexM3\ARM_GCC_484\Debug\Module HF STA.a(Rx_Int.o)
 .text.Rx_Int_Stop
                0x00000000       0x14 .\CortexM3\ARM_GCC_484\Debug\Module HF STA.a(Rx_Int.o)
 .text.Rx_Int_Interrupt
                0x00000000        0xc .\CortexM3\ARM_GCC_484\Debug\Module HF STA.a(Rx_Int.o)
 .text.Rx_Int_GetVector
                0x00000000       0x20 .\CortexM3\ARM_GCC_484\Debug\Module HF STA.a(Rx_Int.o)
 .text.Rx_Int_GetPriority
                0x00000000       0x24 .\CortexM3\ARM_GCC_484\Debug\Module HF STA.a(Rx_Int.o)
 .text.Rx_Int_GetState
                0x00000000       0x20 .\CortexM3\ARM_GCC_484\Debug\Module HF STA.a(Rx_Int.o)
 .text.Rx_Int_SetPending
                0x00000000       0x18 .\CortexM3\ARM_GCC_484\Debug\Module HF STA.a(Rx_Int.o)
 .text.Rx_Int_ClearPending
                0x00000000       0x18 .\CortexM3\ARM_GCC_484\Debug\Module HF STA.a(Rx_Int.o)
 .text          0x00000000        0x0 .\CortexM3\ARM_GCC_484\Debug\Module HF STA.a(SW2.o)
 .data          0x00000000        0x0 .\CortexM3\ARM_GCC_484\Debug\Module HF STA.a(SW2.o)
 .bss           0x00000000        0x0 .\CortexM3\ARM_GCC_484\Debug\Module HF STA.a(SW2.o)
 .text.SW2_Write
                0x00000000       0x3c .\CortexM3\ARM_GCC_484\Debug\Module HF STA.a(SW2.o)
 .text.SW2_SetDriveMode
                0x00000000       0x38 .\CortexM3\ARM_GCC_484\Debug\Module HF STA.a(SW2.o)
 .text.SW2_ReadDataReg
                0x00000000       0x20 .\CortexM3\ARM_GCC_484\Debug\Module HF STA.a(SW2.o)
 .text          0x00000000        0x0 .\CortexM3\ARM_GCC_484\Debug\Module HF STA.a(CyFlash.o)
 .data          0x00000000        0x0 .\CortexM3\ARM_GCC_484\Debug\Module HF STA.a(CyFlash.o)
 .bss           0x00000000        0x4 .\CortexM3\ARM_GCC_484\Debug\Module HF STA.a(CyFlash.o)
 .text.CyFlash_Start
                0x00000000       0x8c .\CortexM3\ARM_GCC_484\Debug\Module HF STA.a(CyFlash.o)
 .text.CyFlash_Stop
                0x00000000       0x44 .\CortexM3\ARM_GCC_484\Debug\Module HF STA.a(CyFlash.o)
 .text.CySetTempInt
                0x00000000       0x7c .\CortexM3\ARM_GCC_484\Debug\Module HF STA.a(CyFlash.o)
 .text.CyFlashGetSpcAlgorithm
                0x00000000       0x70 .\CortexM3\ARM_GCC_484\Debug\Module HF STA.a(CyFlash.o)
 .text.CySetTemp
                0x00000000       0x24 .\CortexM3\ARM_GCC_484\Debug\Module HF STA.a(CyFlash.o)
 .text.CySetFlashEEBuffer
                0x00000000       0x54 .\CortexM3\ARM_GCC_484\Debug\Module HF STA.a(CyFlash.o)
 .text.CyWriteRowData
                0x00000000       0x3c .\CortexM3\ARM_GCC_484\Debug\Module HF STA.a(CyFlash.o)
 .text.CyWriteRowFull
                0x00000000      0x154 .\CortexM3\ARM_GCC_484\Debug\Module HF STA.a(CyFlash.o)
 .text.CyFlash_SetWaitCycles
                0x00000000       0xbc .\CortexM3\ARM_GCC_484\Debug\Module HF STA.a(CyFlash.o)
 .text.CyEEPROM_Start
                0x00000000       0x8c .\CortexM3\ARM_GCC_484\Debug\Module HF STA.a(CyFlash.o)
 .text.CyEEPROM_Stop
                0x00000000       0x44 .\CortexM3\ARM_GCC_484\Debug\Module HF STA.a(CyFlash.o)
 .text.CyEEPROM_ReadReserve
                0x00000000       0x30 .\CortexM3\ARM_GCC_484\Debug\Module HF STA.a(CyFlash.o)
 .text.CyEEPROM_ReadRelease
                0x00000000       0x20 .\CortexM3\ARM_GCC_484\Debug\Module HF STA.a(CyFlash.o)
 COMMON         0x00000000        0x2 .\CortexM3\ARM_GCC_484\Debug\Module HF STA.a(CyFlash.o)
 .text          0x00000000        0x0 .\CortexM3\ARM_GCC_484\Debug\Module HF STA.a(CySpc.o)
 .data          0x00000000        0x0 .\CortexM3\ARM_GCC_484\Debug\Module HF STA.a(CySpc.o)
 .bss           0x00000000        0x8 .\CortexM3\ARM_GCC_484\Debug\Module HF STA.a(CySpc.o)
 .text.CySpcStart
                0x00000000       0x44 .\CortexM3\ARM_GCC_484\Debug\Module HF STA.a(CySpc.o)
 .text.CySpcStop
                0x00000000       0x44 .\CortexM3\ARM_GCC_484\Debug\Module HF STA.a(CySpc.o)
 .text.CySpcReadData
                0x00000000       0x58 .\CortexM3\ARM_GCC_484\Debug\Module HF STA.a(CySpc.o)
 .text.CySpcLoadMultiByte
                0x00000000       0xd0 .\CortexM3\ARM_GCC_484\Debug\Module HF STA.a(CySpc.o)
 .text.CySpcLoadRow
                0x00000000       0x8c .\CortexM3\ARM_GCC_484\Debug\Module HF STA.a(CySpc.o)
 .text.CySpcLoadRowFull
                0x00000000       0xcc .\CortexM3\ARM_GCC_484\Debug\Module HF STA.a(CySpc.o)
 .text.CySpcWriteRow
                0x00000000       0x88 .\CortexM3\ARM_GCC_484\Debug\Module HF STA.a(CySpc.o)
 .text.CySpcEraseSector
                0x00000000       0x70 .\CortexM3\ARM_GCC_484\Debug\Module HF STA.a(CySpc.o)
 .text.CySpcGetTemp
                0x00000000       0x64 .\CortexM3\ARM_GCC_484\Debug\Module HF STA.a(CySpc.o)
 .text.CySpcLock
                0x00000000       0x68 .\CortexM3\ARM_GCC_484\Debug\Module HF STA.a(CySpc.o)
 .text.CySpcUnlock
                0x00000000       0x50 .\CortexM3\ARM_GCC_484\Debug\Module HF STA.a(CySpc.o)
 .text.CySpcGetAlgorithm
                0x00000000       0x48 .\CortexM3\ARM_GCC_484\Debug\Module HF STA.a(CySpc.o)
 .text          0x00000000        0x0 c:/program files (x86)/cypress/psoc creator/3.1/psoc creator/import/gnu_cs/arm/4.8.4/bin/../lib/gcc/arm-none-eabi/4.8.4/../../../../arm-none-eabi/lib/armv7-m\libg_s.a(lib_a-errno.o)
 .data          0x00000000        0x0 c:/program files (x86)/cypress/psoc creator/3.1/psoc creator/import/gnu_cs/arm/4.8.4/bin/../lib/gcc/arm-none-eabi/4.8.4/../../../../arm-none-eabi/lib/armv7-m\libg_s.a(lib_a-errno.o)
 .bss           0x00000000        0x0 c:/program files (x86)/cypress/psoc creator/3.1/psoc creator/import/gnu_cs/arm/4.8.4/bin/../lib/gcc/arm-none-eabi/4.8.4/../../../../arm-none-eabi/lib/armv7-m\libg_s.a(lib_a-errno.o)
 .text.__errno  0x00000000        0xc c:/program files (x86)/cypress/psoc creator/3.1/psoc creator/import/gnu_cs/arm/4.8.4/bin/../lib/gcc/arm-none-eabi/4.8.4/../../../../arm-none-eabi/lib/armv7-m\libg_s.a(lib_a-errno.o)
 .text          0x00000000        0x0 c:/program files (x86)/cypress/psoc creator/3.1/psoc creator/import/gnu_cs/arm/4.8.4/bin/../lib/gcc/arm-none-eabi/4.8.4/../../../../arm-none-eabi/lib/armv7-m\libg_s.a(lib_a-exit.o)
 .data          0x00000000        0x0 c:/program files (x86)/cypress/psoc creator/3.1/psoc creator/import/gnu_cs/arm/4.8.4/bin/../lib/gcc/arm-none-eabi/4.8.4/../../../../arm-none-eabi/lib/armv7-m\libg_s.a(lib_a-exit.o)
 .bss           0x00000000        0x0 c:/program files (x86)/cypress/psoc creator/3.1/psoc creator/import/gnu_cs/arm/4.8.4/bin/../lib/gcc/arm-none-eabi/4.8.4/../../../../arm-none-eabi/lib/armv7-m\libg_s.a(lib_a-exit.o)
 .text.exit     0x00000000       0x28 c:/program files (x86)/cypress/psoc creator/3.1/psoc creator/import/gnu_cs/arm/4.8.4/bin/../lib/gcc/arm-none-eabi/4.8.4/../../../../arm-none-eabi/lib/armv7-m\libg_s.a(lib_a-exit.o)
 .text          0x00000000        0x0 c:/program files (x86)/cypress/psoc creator/3.1/psoc creator/import/gnu_cs/arm/4.8.4/bin/../lib/gcc/arm-none-eabi/4.8.4/../../../../arm-none-eabi/lib/armv7-m\libg_s.a(lib_a-impure.o)
 .data          0x00000000        0x0 c:/program files (x86)/cypress/psoc creator/3.1/psoc creator/import/gnu_cs/arm/4.8.4/bin/../lib/gcc/arm-none-eabi/4.8.4/../../../../arm-none-eabi/lib/armv7-m\libg_s.a(lib_a-impure.o)
 .bss           0x00000000        0x0 c:/program files (x86)/cypress/psoc creator/3.1/psoc creator/import/gnu_cs/arm/4.8.4/bin/../lib/gcc/arm-none-eabi/4.8.4/../../../../arm-none-eabi/lib/armv7-m\libg_s.a(lib_a-impure.o)
 .data.impure_data
                0x00000000       0x60 c:/program files (x86)/cypress/psoc creator/3.1/psoc creator/import/gnu_cs/arm/4.8.4/bin/../lib/gcc/arm-none-eabi/4.8.4/../../../../arm-none-eabi/lib/armv7-m\libg_s.a(lib_a-impure.o)
 .data._impure_ptr
                0x00000000        0x4 c:/program files (x86)/cypress/psoc creator/3.1/psoc creator/import/gnu_cs/arm/4.8.4/bin/../lib/gcc/arm-none-eabi/4.8.4/../../../../arm-none-eabi/lib/armv7-m\libg_s.a(lib_a-impure.o)
 .rodata.str1.1
                0x00000000        0x2 c:/program files (x86)/cypress/psoc creator/3.1/psoc creator/import/gnu_cs/arm/4.8.4/bin/../lib/gcc/arm-none-eabi/4.8.4/../../../../arm-none-eabi/lib/armv7-m\libg_s.a(lib_a-impure.o)
 .rodata._global_impure_ptr
                0x00000000        0x4 c:/program files (x86)/cypress/psoc creator/3.1/psoc creator/import/gnu_cs/arm/4.8.4/bin/../lib/gcc/arm-none-eabi/4.8.4/../../../../arm-none-eabi/lib/armv7-m\libg_s.a(lib_a-impure.o)
 .text          0x00000000        0x0 c:/program files (x86)/cypress/psoc creator/3.1/psoc creator/import/gnu_cs/arm/4.8.4/bin/../lib/gcc/arm-none-eabi/4.8.4/../../../../arm-none-eabi/lib/armv7-m\libg_s.a(lib_a-init.o)
 .data          0x00000000        0x0 c:/program files (x86)/cypress/psoc creator/3.1/psoc creator/import/gnu_cs/arm/4.8.4/bin/../lib/gcc/arm-none-eabi/4.8.4/../../../../arm-none-eabi/lib/armv7-m\libg_s.a(lib_a-init.o)
 .bss           0x00000000        0x0 c:/program files (x86)/cypress/psoc creator/3.1/psoc creator/import/gnu_cs/arm/4.8.4/bin/../lib/gcc/arm-none-eabi/4.8.4/../../../../arm-none-eabi/lib/armv7-m\libg_s.a(lib_a-init.o)
 .text          0x00000000        0x0 c:/program files (x86)/cypress/psoc creator/3.1/psoc creator/import/gnu_cs/arm/4.8.4/bin/../lib/gcc/arm-none-eabi/4.8.4/../../../../arm-none-eabi/lib/armv7-m\libg_s.a(lib_a-memcpy-stub.o)
 .data          0x00000000        0x0 c:/program files (x86)/cypress/psoc creator/3.1/psoc creator/import/gnu_cs/arm/4.8.4/bin/../lib/gcc/arm-none-eabi/4.8.4/../../../../arm-none-eabi/lib/armv7-m\libg_s.a(lib_a-memcpy-stub.o)
 .bss           0x00000000        0x0 c:/program files (x86)/cypress/psoc creator/3.1/psoc creator/import/gnu_cs/arm/4.8.4/bin/../lib/gcc/arm-none-eabi/4.8.4/../../../../arm-none-eabi/lib/armv7-m\libg_s.a(lib_a-memcpy-stub.o)
 .text          0x00000000        0x0 c:/program files (x86)/cypress/psoc creator/3.1/psoc creator/import/gnu_cs/arm/4.8.4/bin/../lib/gcc/arm-none-eabi/4.8.4/../../../../arm-none-eabi/lib/armv7-m\libg_s.a(lib_a-memset.o)
 .data          0x00000000        0x0 c:/program files (x86)/cypress/psoc creator/3.1/psoc creator/import/gnu_cs/arm/4.8.4/bin/../lib/gcc/arm-none-eabi/4.8.4/../../../../arm-none-eabi/lib/armv7-m\libg_s.a(lib_a-memset.o)
 .bss           0x00000000        0x0 c:/program files (x86)/cypress/psoc creator/3.1/psoc creator/import/gnu_cs/arm/4.8.4/bin/../lib/gcc/arm-none-eabi/4.8.4/../../../../arm-none-eabi/lib/armv7-m\libg_s.a(lib_a-memset.o)
 .text          0x00000000        0x0 c:/program files (x86)/cypress/psoc creator/3.1/psoc creator/import/gnu_cs/arm/4.8.4/bin/../lib/gcc/arm-none-eabi/4.8.4/armv7-m/crtend.o
 .data          0x00000000        0x0 c:/program files (x86)/cypress/psoc creator/3.1/psoc creator/import/gnu_cs/arm/4.8.4/bin/../lib/gcc/arm-none-eabi/4.8.4/armv7-m/crtend.o
 .bss           0x00000000        0x0 c:/program files (x86)/cypress/psoc creator/3.1/psoc creator/import/gnu_cs/arm/4.8.4/bin/../lib/gcc/arm-none-eabi/4.8.4/armv7-m/crtend.o
 .text          0x00000000        0x0 c:/program files (x86)/cypress/psoc creator/3.1/psoc creator/import/gnu_cs/arm/4.8.4/bin/../lib/gcc/arm-none-eabi/4.8.4/armv7-m/crtn.o
 .data          0x00000000        0x0 c:/program files (x86)/cypress/psoc creator/3.1/psoc creator/import/gnu_cs/arm/4.8.4/bin/../lib/gcc/arm-none-eabi/4.8.4/armv7-m/crtn.o
 .bss           0x00000000        0x0 c:/program files (x86)/cypress/psoc creator/3.1/psoc creator/import/gnu_cs/arm/4.8.4/bin/../lib/gcc/arm-none-eabi/4.8.4/armv7-m/crtn.o

Memory Configuration

Name             Origin             Length             Attributes
rom              0x00000000         0x00040000         xr
ram              0x1fff8000         0x00010000         xrw
*default*        0x00000000         0xffffffff

Linker script and memory map

LOAD c:/program files (x86)/cypress/psoc creator/3.1/psoc creator/import/gnu_cs/arm/4.8.4/bin/../lib/gcc/arm-none-eabi/4.8.4/armv7-m/crti.o
LOAD c:/program files (x86)/cypress/psoc creator/3.1/psoc creator/import/gnu_cs/arm/4.8.4/bin/../lib/gcc/arm-none-eabi/4.8.4/armv7-m/crtbegin.o
LOAD c:/program files (x86)/cypress/psoc creator/3.1/psoc creator/import/gnu_cs/arm/4.8.4/bin/../lib/gcc/arm-none-eabi/4.8.4/../../../../arm-none-eabi/lib/armv7-m/crt0.o
START GROUP
LOAD .\CortexM3\ARM_GCC_484\Debug\main.o
LOAD .\CortexM3\ARM_GCC_484\Debug\wifi.o
LOAD .\CortexM3\ARM_GCC_484\Debug\RxUART.o
LOAD .\CortexM3\ARM_GCC_484\Debug\cymetadata.o
LOAD .\CortexM3\ARM_GCC_484\Debug\Cm3Start.o
LOAD .\CortexM3\ARM_GCC_484\Debug\Module HF STA.a
LOAD C:\Program Files (x86)\Cypress\PSoC Creator\3.1\PSoC Creator\psoc\content\cycomponentlibrary\CyComponentLibrary.cylib\CortexM3\ARM_GCC_484\Debug\CyComponentLibrary.a
END GROUP
START GROUP
LOAD c:/program files (x86)/cypress/psoc creator/3.1/psoc creator/import/gnu_cs/arm/4.8.4/bin/../lib/gcc/arm-none-eabi/4.8.4/armv7-m\libgcc.a
LOAD c:/program files (x86)/cypress/psoc creator/3.1/psoc creator/import/gnu_cs/arm/4.8.4/bin/../lib/gcc/arm-none-eabi/4.8.4/../../../../arm-none-eabi/lib/armv7-m\libg_s.a
LOAD c:/program files (x86)/cypress/psoc creator/3.1/psoc creator/import/gnu_cs/arm/4.8.4/bin/../lib/gcc/arm-none-eabi/4.8.4/../../../../arm-none-eabi/lib/armv7-m\libc_s.a
END GROUP
START GROUP
LOAD c:/program files (x86)/cypress/psoc creator/3.1/psoc creator/import/gnu_cs/arm/4.8.4/bin/../lib/gcc/arm-none-eabi/4.8.4/armv7-m\libgcc.a
LOAD c:/program files (x86)/cypress/psoc creator/3.1/psoc creator/import/gnu_cs/arm/4.8.4/bin/../lib/gcc/arm-none-eabi/4.8.4/../../../../arm-none-eabi/lib/armv7-m\libc_s.a
END GROUP
LOAD c:/program files (x86)/cypress/psoc creator/3.1/psoc creator/import/gnu_cs/arm/4.8.4/bin/../lib/gcc/arm-none-eabi/4.8.4/armv7-m/crtend.o
LOAD c:/program files (x86)/cypress/psoc creator/3.1/psoc creator/import/gnu_cs/arm/4.8.4/bin/../lib/gcc/arm-none-eabi/4.8.4/armv7-m/crtn.o
START GROUP
LOAD c:/program files (x86)/cypress/psoc creator/3.1/psoc creator/import/gnu_cs/arm/4.8.4/bin/../lib/gcc/arm-none-eabi/4.8.4/armv7-m\libgcc.a
LOAD c:/program files (x86)/cypress/psoc creator/3.1/psoc creator/import/gnu_cs/arm/4.8.4/bin/../lib/gcc/arm-none-eabi/4.8.4/../../../../arm-none-eabi/lib/armv7-m\libc.a
LOAD c:/program files (x86)/cypress/psoc creator/3.1/psoc creator/import/gnu_cs/arm/4.8.4/bin/../lib/gcc/arm-none-eabi/4.8.4/../../../../arm-none-eabi/lib/armv7-m\libnosys.a
END GROUP
                0x00000000                CY_APPL_ORIGIN = 0x0
                0x00000100                CY_FLASH_ROW_SIZE = 0x100
                0x00000020                CY_ECC_ROW_SIZE = 0x20
                0x00000000                CY_EE_IN_BTLDR = 0x0
                0x00000000                CY_APPL_LOADABLE = 0x0
                0x00000800                CY_EE_SIZE = 0x800
                0x00000001                CY_APPL_NUM = 0x1
                0x00000001                CY_APPL_MAX = 0x1
                0x00000040                CY_METADATA_SIZE = 0x40
                0x1fff8188                PROVIDE (__cy_heap_start, _end)
                0x00000001                PROVIDE (__cy_region_num, ((__cy_regions_end - __cy_regions) / 0x10))
                0x20008000                PROVIDE (__cy_stack, (ORIGIN (ram) + 0x10000))
                0x20007800                PROVIDE (__cy_heap_end, (__cy_stack - 0x800))

.cybootloader   0x00000000        0x0
 *(.cybootloader)
                0x00000000                appl1_start = CY_APPL_ORIGIN?CY_APPL_ORIGIN:ALIGN (CY_FLASH_ROW_SIZE)
                0x0001ff00                appl2_start = (appl1_start + ALIGN ((((0x40000 - appl1_start) - (0x2 * CY_FLASH_ROW_SIZE)) / 0x2), CY_FLASH_ROW_SIZE))
                0x00000000                appl_start = (CY_APPL_NUM == 0x1)?appl1_start:appl2_start
                0x00000000                ecc_offset = ((appl_start / CY_FLASH_ROW_SIZE) * CY_ECC_ROW_SIZE)
                0x00000000                ee_offset = (CY_APPL_LOADABLE && ! (CY_EE_IN_BTLDR))?((CY_EE_SIZE / CY_APPL_MAX) * (CY_APPL_NUM - 0x1)):0x0
                0x00000800                ee_size = (CY_APPL_LOADABLE && ! (CY_EE_IN_BTLDR))?(CY_EE_SIZE / CY_APPL_MAX):CY_EE_SIZE
                0x00000000                PROVIDE (CY_ECC_OFFSET, ecc_offset)

.text           0x00000000     0x137a
 CREATE_OBJECT_SYMBOLS
                0x00000000                PROVIDE (__cy_interrupt_vector, RomVectors)
 *(.romvectors)
 .romvectors    0x00000000       0x10 .\CortexM3\ARM_GCC_484\Debug\Cm3Start.o
                0x00000000                RomVectors
                0x00000001                ASSERT ((. != __cy_interrupt_vector), No interrupt vector)
                0x00000001                ASSERT (CY_APPL_ORIGIN?(SIZEOF (.cybootloader) <= CY_APPL_ORIGIN):0x1, Wrong image location)
                0x00000010                PROVIDE (__cy_reset, Reset)
 *(.text.Reset)
 .text.Reset    0x00000010       0x18 .\CortexM3\ARM_GCC_484\Debug\Cm3Start.o
                0x00000010                Reset
                0x00000001                ASSERT ((. != __cy_reset), No reset code)
 *(.dma_init)
                0x00000001                ASSERT ((((appl_start + .) <= 0x10000) || 0x1), DMA Init must be within the first 64k of flash)
 *(.text .text.* .gnu.linkonce.t.*)
 .text          0x00000028       0x54 c:/program files (x86)/cypress/psoc creator/3.1/psoc creator/import/gnu_cs/arm/4.8.4/bin/../lib/gcc/arm-none-eabi/4.8.4/armv7-m/crtbegin.o
 .text.main     0x0000007c       0x90 .\CortexM3\ARM_GCC_484\Debug\main.o
                0x0000007c                main
 .text.Init     0x0000010c       0x14 .\CortexM3\ARM_GCC_484\Debug\main.o
                0x0000010c                Init
 .text.Config   0x00000120       0x24 .\CortexM3\ARM_GCC_484\Debug\main.o
                0x00000120                Config
 .text.Init_LCD
                0x00000144       0x34 .\CortexM3\ARM_GCC_484\Debug\main.o
                0x00000144                Init_LCD
 .text.EnterATMode
                0x00000178       0x2c .\CortexM3\ARM_GCC_484\Debug\wifi.o
                0x00000178                EnterATMode
 .text.ConfigSTA
                0x000001a4       0x30 .\CortexM3\ARM_GCC_484\Debug\wifi.o
                0x000001a4                ConfigSTA
 .text.SendATCommand
                0x000001d4       0x20 .\CortexM3\ARM_GCC_484\Debug\wifi.o
                0x000001d4                SendATCommand
 .text.TCPOK    0x000001f4       0x38 .\CortexM3\ARM_GCC_484\Debug\wifi.o
                0x000001f4                TCPOK
 .text.Rx_ISR   0x0000022c       0x34 .\CortexM3\ARM_GCC_484\Debug\RxUART.o
                0x0000022c                Rx_ISR
 .text.Init_Rx_ISR
                0x00000260       0x14 .\CortexM3\ARM_GCC_484\Debug\RxUART.o
                0x00000260                Init_Rx_ISR
 .text.Init_UART
                0x00000274       0x10 .\CortexM3\ARM_GCC_484\Debug\RxUART.o
                0x00000274                Init_UART
 .text.IntDefaultHandler
                0x00000284        0x8 .\CortexM3\ARM_GCC_484\Debug\Cm3Start.o
                0x00000284                IntDefaultHandler
 .text.Start_c  0x0000028c       0x98 .\CortexM3\ARM_GCC_484\Debug\Cm3Start.o
                0x0000028c                Start_c
 .text.initialize_psoc
                0x00000324       0x8c .\CortexM3\ARM_GCC_484\Debug\Cm3Start.o
                0x00000324                initialize_psoc
 .text.CYMEMZERO
                0x000003b0       0x1c .\CortexM3\ARM_GCC_484\Debug\Module HF STA.a(cyfitter_cfg.o)
 .text.CYCONFIGCPY
                0x000003cc       0x1c .\CortexM3\ARM_GCC_484\Debug\Module HF STA.a(cyfitter_cfg.o)
 .text.CyClockStartupError
                0x000003e8        0xc .\CortexM3\ARM_GCC_484\Debug\Module HF STA.a(cyfitter_cfg.o)
 .text.cfg_write_bytes32
                0x000003f4       0x74 .\CortexM3\ARM_GCC_484\Debug\Module HF STA.a(cyfitter_cfg.o)
 .text.ClockSetup
                0x00000468      0x100 .\CortexM3\ARM_GCC_484\Debug\Module HF STA.a(cyfitter_cfg.o)
 .text.AnalogSetDefault
                0x00000568       0x44 .\CortexM3\ARM_GCC_484\Debug\Module HF STA.a(cyfitter_cfg.o)
 .text.cyfitter_cfg
                0x000005ac      0x134 .\CortexM3\ARM_GCC_484\Debug\Module HF STA.a(cyfitter_cfg.o)
                0x000005ac                cyfitter_cfg
 .text          0x000006e0       0x28 .\CortexM3\ARM_GCC_484\Debug\Module HF STA.a(CyBootAsmGnu.o)
                0x000006e0                CyDelayCycles
                0x000006f4                CyEnterCriticalSection
                0x000006fc                CyExitCriticalSection
 .text.CyHalt   0x00000708       0x18 .\CortexM3\ARM_GCC_484\Debug\Module HF STA.a(CyLib.o)
                0x00000708                CyHalt
 .text.CyDelay  0x00000720       0x44 .\CortexM3\ARM_GCC_484\Debug\Module HF STA.a(CyLib.o)
                0x00000720                CyDelay
 .text.CyDelayUs
                0x00000764       0x24 .\CortexM3\ARM_GCC_484\Debug\Module HF STA.a(CyLib.o)
                0x00000764                CyDelayUs
 .text.CyIntSetVector
                0x00000788       0x50 .\CortexM3\ARM_GCC_484\Debug\Module HF STA.a(CyLib.o)
                0x00000788                CyIntSetVector
 .text.CyIntSetPriority
                0x000007d8       0x44 .\CortexM3\ARM_GCC_484\Debug\Module HF STA.a(CyLib.o)
                0x000007d8                CyIntSetPriority
 .text.UART_Start
                0x0000081c       0x20 .\CortexM3\ARM_GCC_484\Debug\Module HF STA.a(UART.o)
                0x0000081c                UART_Start
 .text.UART_Init
                0x0000083c       0x7c .\CortexM3\ARM_GCC_484\Debug\Module HF STA.a(UART.o)
                0x0000083c                UART_Init
 .text.UART_Enable
                0x000008b8       0x80 .\CortexM3\ARM_GCC_484\Debug\Module HF STA.a(UART.o)
                0x000008b8                UART_Enable
 .text.UART_ReadRxData
                0x00000938       0x94 .\CortexM3\ARM_GCC_484\Debug\Module HF STA.a(UART.o)
                0x00000938                UART_ReadRxData
 .text.UART_ReadRxStatus
                0x000009cc       0x40 .\CortexM3\ARM_GCC_484\Debug\Module HF STA.a(UART.o)
                0x000009cc                UART_ReadRxStatus
 .text.UART_GetByte
                0x00000a0c       0x44 .\CortexM3\ARM_GCC_484\Debug\Module HF STA.a(UART.o)
                0x00000a0c                UART_GetByte
 .text.UART_ClearRxBuffer
                0x00000a50       0x7c .\CortexM3\ARM_GCC_484\Debug\Module HF STA.a(UART.o)
                0x00000a50                UART_ClearRxBuffer
 .text.UART_SetRxAddressMode
                0x00000acc       0x4c .\CortexM3\ARM_GCC_484\Debug\Module HF STA.a(UART.o)
                0x00000acc                UART_SetRxAddressMode
 .text.UART_SetRxAddress1
                0x00000b18       0x20 .\CortexM3\ARM_GCC_484\Debug\Module HF STA.a(UART.o)
                0x00000b18                UART_SetRxAddress1
 .text.UART_SetRxAddress2
                0x00000b38       0x20 .\CortexM3\ARM_GCC_484\Debug\Module HF STA.a(UART.o)
                0x00000b38                UART_SetRxAddress2
 .text.UART_PutChar
                0x00000b58       0xb8 .\CortexM3\ARM_GCC_484\Debug\Module HF STA.a(UART.o)
                0x00000b58                UART_PutChar
 .text.UART_PutString
                0x00000c10       0x40 .\CortexM3\ARM_GCC_484\Debug\Module HF STA.a(UART.o)
                0x00000c10                UART_PutString
 .text.UART_PutCRLF
                0x00000c50       0x30 .\CortexM3\ARM_GCC_484\Debug\Module HF STA.a(UART.o)
                0x00000c50                UART_PutCRLF
 .text.UART_RXISR
                0x00000c80      0x118 .\CortexM3\ARM_GCC_484\Debug\Module HF STA.a(UART_INT.o)
                0x00000c80                UART_RXISR
 .text.UART_TXISR
                0x00000d98       0x6c .\CortexM3\ARM_GCC_484\Debug\Module HF STA.a(UART_INT.o)
                0x00000d98                UART_TXISR
 .text.LCD_Init
                0x00000e04       0x6c .\CortexM3\ARM_GCC_484\Debug\Module HF STA.a(LCD.o)
                0x00000e04                LCD_Init
 .text.LCD_Enable
                0x00000e70       0x18 .\CortexM3\ARM_GCC_484\Debug\Module HF STA.a(LCD.o)
                0x00000e70                LCD_Enable
 .text.LCD_Start
                0x00000e88       0x20 .\CortexM3\ARM_GCC_484\Debug\Module HF STA.a(LCD.o)
                0x00000e88                LCD_Start
 .text.LCD_Position
                0x00000ea8       0x6c .\CortexM3\ARM_GCC_484\Debug\Module HF STA.a(LCD.o)
                0x00000ea8                LCD_Position
 .text.LCD_PrintString
                0x00000f14       0x38 .\CortexM3\ARM_GCC_484\Debug\Module HF STA.a(LCD.o)
                0x00000f14                LCD_PrintString
 .text.LCD_PutChar
                0x00000f4c       0x18 .\CortexM3\ARM_GCC_484\Debug\Module HF STA.a(LCD.o)
                0x00000f4c                LCD_PutChar
 .text.LCD_WriteData
                0x00000f64       0x34 .\CortexM3\ARM_GCC_484\Debug\Module HF STA.a(LCD.o)
                0x00000f64                LCD_WriteData
 .text.LCD_WriteControl
                0x00000f98       0x34 .\CortexM3\ARM_GCC_484\Debug\Module HF STA.a(LCD.o)
                0x00000f98                LCD_WriteControl
 .text.LCD_IsReady
                0x00000fcc      0x178 .\CortexM3\ARM_GCC_484\Debug\Module HF STA.a(LCD.o)
                0x00000fcc                LCD_IsReady
 .text.LCD_WrDatNib
                0x00001144       0x78 .\CortexM3\ARM_GCC_484\Debug\Module HF STA.a(LCD.o)
 .text.LCD_WrCntrlNib
                0x000011bc       0x60 .\CortexM3\ARM_GCC_484\Debug\Module HF STA.a(LCD.o)
 .text.UART_IntClock_Start
                0x0000121c       0x34 .\CortexM3\ARM_GCC_484\Debug\Module HF STA.a(UART_IntClock.o)
                0x0000121c                UART_IntClock_Start
 .text.Rx_Int_StartEx
                0x00001250       0x24 .\CortexM3\ARM_GCC_484\Debug\Module HF STA.a(Rx_Int.o)
                0x00001250                Rx_Int_StartEx
 .text.Rx_Int_SetVector
                0x00001274       0x24 .\CortexM3\ARM_GCC_484\Debug\Module HF STA.a(Rx_Int.o)
                0x00001274                Rx_Int_SetVector
 .text.Rx_Int_SetPriority
                0x00001298       0x24 .\CortexM3\ARM_GCC_484\Debug\Module HF STA.a(Rx_Int.o)
                0x00001298                Rx_Int_SetPriority
 .text.Rx_Int_Enable
                0x000012bc       0x18 .\CortexM3\ARM_GCC_484\Debug\Module HF STA.a(Rx_Int.o)
                0x000012bc                Rx_Int_Enable
 .text.Rx_Int_Disable
                0x000012d4       0x18 .\CortexM3\ARM_GCC_484\Debug\Module HF STA.a(Rx_Int.o)
                0x000012d4                Rx_Int_Disable
 .text.SW2_Read
                0x000012ec       0x20 .\CortexM3\ARM_GCC_484\Debug\Module HF STA.a(SW2.o)
                0x000012ec                SW2_Read
 .text.__libc_init_array
                0x0000130c       0x4c c:/program files (x86)/cypress/psoc creator/3.1/psoc creator/import/gnu_cs/arm/4.8.4/bin/../lib/gcc/arm-none-eabi/4.8.4/../../../../arm-none-eabi/lib/armv7-m\libg_s.a(lib_a-init.o)
                0x0000130c                __libc_init_array
 .text.memcpy   0x00001358       0x12 c:/program files (x86)/cypress/psoc creator/3.1/psoc creator/import/gnu_cs/arm/4.8.4/bin/../lib/gcc/arm-none-eabi/4.8.4/../../../../arm-none-eabi/lib/armv7-m\libg_s.a(lib_a-memcpy-stub.o)
                0x00001358                memcpy
 .text.memset   0x0000136a       0x10 c:/program files (x86)/cypress/psoc creator/3.1/psoc creator/import/gnu_cs/arm/4.8.4/bin/../lib/gcc/arm-none-eabi/4.8.4/../../../../arm-none-eabi/lib/armv7-m\libg_s.a(lib_a-memset.o)
                0x0000136a                memset
 *(.plt)
 *(.gnu.warning)
 *(.glue_7t)
 .glue_7t       0x00000000        0x0 linker stubs
 *(.glue_7)
 .glue_7        0x00000000        0x0 linker stubs
 *(.vfp11_veneer)
 .vfp11_veneer  0x00000000        0x0 linker stubs
 *(.bootloader)
 *(.ARM.extab* .gnu.linkonce.armextab.*)
 *(.gcc_except_table)

.v4_bx          0x0000137c        0x0
 .v4_bx         0x00000000        0x0 linker stubs

.iplt           0x0000137c        0x0
 .iplt          0x00000000        0x0 c:/program files (x86)/cypress/psoc creator/3.1/psoc creator/import/gnu_cs/arm/4.8.4/bin/../lib/gcc/arm-none-eabi/4.8.4/armv7-m/crtbegin.o

.eh_frame_hdr
 *(.eh_frame_hdr)

.eh_frame       0x0000137c        0x4
 *(.eh_frame)
 .eh_frame      0x0000137c        0x0 c:/program files (x86)/cypress/psoc creator/3.1/psoc creator/import/gnu_cs/arm/4.8.4/bin/../lib/gcc/arm-none-eabi/4.8.4/armv7-m/crtbegin.o
 .eh_frame      0x0000137c        0x4 c:/program files (x86)/cypress/psoc creator/3.1/psoc creator/import/gnu_cs/arm/4.8.4/bin/../lib/gcc/arm-none-eabi/4.8.4/armv7-m/crtend.o
                0x00001380                PROVIDE (__exidx_start, .)

.ARM.exidx
 *(.ARM.exidx* .gnu.linkonce.armexidx.*)
                0x00001380                __exidx_end = .

.rodata         0x00001380      0x198
 *(.rodata .rodata.* .gnu.linkonce.r.*)
 .rodata        0x00001380       0x3c .\CortexM3\ARM_GCC_484\Debug\main.o
 .rodata        0x000013bc       0xec .\CortexM3\ARM_GCC_484\Debug\wifi.o
 .rodata        0x000014a8       0x38 .\CortexM3\ARM_GCC_484\Debug\Module HF STA.a(cyfitter_cfg.o)
                0x000014e0                . = ALIGN (0x4)
 *(.init)
 .init          0x000014e0        0x4 c:/program files (x86)/cypress/psoc creator/3.1/psoc creator/import/gnu_cs/arm/4.8.4/bin/../lib/gcc/arm-none-eabi/4.8.4/armv7-m/crti.o
                0x000014e0                _init
 .init          0x000014e4        0x8 c:/program files (x86)/cypress/psoc creator/3.1/psoc creator/import/gnu_cs/arm/4.8.4/bin/../lib/gcc/arm-none-eabi/4.8.4/armv7-m/crtn.o
                0x000014ec                . = ALIGN (0x4)
                0x000014ec                __preinit_array_start = .
 *(.preinit_array)
                0x000014ec                __preinit_array_end = .
                0x000014ec                . = ALIGN (0x4)
                0x000014ec                __init_array_start = .
 *(SORT(.init_array.*))
 *(.init_array)
 .init_array    0x000014ec        0x4 c:/program files (x86)/cypress/psoc creator/3.1/psoc creator/import/gnu_cs/arm/4.8.4/bin/../lib/gcc/arm-none-eabi/4.8.4/armv7-m/crtbegin.o
 .init_array    0x000014f0        0x4 .\CortexM3\ARM_GCC_484\Debug\Cm3Start.o
                0x000014f4                __init_array_end = .
                0x000014f4                . = ALIGN (0x4)
 *(.fini)
 .fini          0x000014f4        0x4 c:/program files (x86)/cypress/psoc creator/3.1/psoc creator/import/gnu_cs/arm/4.8.4/bin/../lib/gcc/arm-none-eabi/4.8.4/armv7-m/crti.o
                0x000014f4                _fini
 .fini          0x000014f8        0x8 c:/program files (x86)/cypress/psoc creator/3.1/psoc creator/import/gnu_cs/arm/4.8.4/bin/../lib/gcc/arm-none-eabi/4.8.4/armv7-m/crtn.o
                0x00001500                . = ALIGN (0x4)
                0x00001500                __fini_array_start = .
 *(.fini_array)
 .fini_array    0x00001500        0x4 c:/program files (x86)/cypress/psoc creator/3.1/psoc creator/import/gnu_cs/arm/4.8.4/bin/../lib/gcc/arm-none-eabi/4.8.4/armv7-m/crtbegin.o
 *(SORT(.fini_array.*))
                0x00001504                __fini_array_end = .
                0x00001504                . = ALIGN (0x4)
 *crtbegin.o(.ctors)
 *(EXCLUDE_FILE(*crtend.o) .ctors)
 *(SORT(.ctors.*))
 *crtend.o(.ctors)
                0x00001504                . = ALIGN (0x4)
 *crtbegin.o(.dtors)
 *(EXCLUDE_FILE(*crtend.o) .dtors)
 *(SORT(.dtors.*))
 *crtend.o(.dtors)
                0x00001504                . = ALIGN (0x4)
                0x00001504                __cy_regions = .
                0x00001504        0x4 LONG 0x1518 __cy_region_init_ram
                0x00001508        0x4 LONG 0x1fff8108 __cy_region_start_data
                0x0000150c        0x4 LONG 0x40 __cy_region_init_size_ram
                0x00001510        0x4 LONG 0x40 __cy_region_zero_size_ram
                0x00001514                __cy_regions_end = .
                0x00001518                . = ALIGN (0x8)
 *fill*         0x00001514        0x4 
                0x00001518                _etext = .

.ramvectors     0x1fff8000      0x100
                0x1fff8000                __cy_region_start_ram = .
 *(.ramvectors)
 .ramvectors    0x1fff8000      0x100 .\CortexM3\ARM_GCC_484\Debug\Cm3Start.o
                0x1fff8000                CyRamVectors

.noinit         0x1fff8100        0x5
 *(.noinit)
 .noinit        0x1fff8100        0x4 .\CortexM3\ARM_GCC_484\Debug\Cm3Start.o
 .noinit        0x1fff8104        0x1 .\CortexM3\ARM_GCC_484\Debug\Module HF STA.a(CyLib.o)
                0x1fff8104                CyResetStatus

.data           0x1fff8108       0x40 load address 0x00001518
                0x1fff8108                __cy_region_start_data = .
 *(.jcr)
 .jcr           0x1fff8108        0x0 c:/program files (x86)/cypress/psoc creator/3.1/psoc creator/import/gnu_cs/arm/4.8.4/bin/../lib/gcc/arm-none-eabi/4.8.4/armv7-m/crtbegin.o
 .jcr           0x1fff8108        0x4 c:/program files (x86)/cypress/psoc creator/3.1/psoc creator/import/gnu_cs/arm/4.8.4/bin/../lib/gcc/arm-none-eabi/4.8.4/armv7-m/crtend.o
 *(.got.plt)
 *(.got)
 *(.shdata)
 *(.data .data.* .gnu.linkonce.d.*)
 .data          0x1fff810c       0x28 .\CortexM3\ARM_GCC_484\Debug\wifi.o
                0x1fff810c                AT
 .data          0x1fff8134       0x10 .\CortexM3\ARM_GCC_484\Debug\Module HF STA.a(CyLib.o)
                0x1fff8134                cydelay_freq_hz
                0x1fff8138                cydelay_freq_khz
                0x1fff813c                cydelay_freq_mhz
                0x1fff8140                cydelay_32k_ms
 .data          0x1fff8144        0x1 .\CortexM3\ARM_GCC_484\Debug\Module HF STA.a(UART.o)
                0x1fff8144                UART_rxAddressMode
                0x1fff8148                . = ALIGN (0x8)
 *fill*         0x1fff8145        0x3 
 *(.ram)
                0x1fff8148                _edata = .

.igot.plt       0x1fff8148        0x0 load address 0x00001558
 .igot.plt      0x00000000        0x0 c:/program files (x86)/cypress/psoc creator/3.1/psoc creator/import/gnu_cs/arm/4.8.4/bin/../lib/gcc/arm-none-eabi/4.8.4/armv7-m/crtbegin.o

.bss            0x1fff8148       0x40 load address 0x00001558
                0x1fff8148                PROVIDE (__bss_start__, .)
 *(.shbss)
 *(.bss .bss.* .gnu.linkonce.b.*)
 .bss           0x1fff8148       0x1c c:/program files (x86)/cypress/psoc creator/3.1/psoc creator/import/gnu_cs/arm/4.8.4/bin/../lib/gcc/arm-none-eabi/4.8.4/armv7-m/crtbegin.o
 .bss           0x1fff8164        0xa .\CortexM3\ARM_GCC_484\Debug\Module HF STA.a(UART.o)
                0x1fff8164                UART_initVar
                0x1fff8165                UART_txBufferRead
                0x1fff8166                UART_txBufferWrite
                0x1fff8167                UART_errorStatus
                0x1fff8168                UART_rxBufferRead
                0x1fff8169                UART_rxBufferWrite
                0x1fff816a                UART_rxBufferLoopDetect
                0x1fff816b                UART_rxBufferOverflow
                0x1fff816c                UART_rxAddressDetected
 .bss           0x1fff816e        0x2 .\CortexM3\ARM_GCC_484\Debug\Module HF STA.a(LCD.o)
                0x1fff816e                LCD_enableState
                0x1fff816f                LCD_initVar
 *(COMMON)
 COMMON         0x1fff8170        0x2 .\CortexM3\ARM_GCC_484\Debug\main.o
                0x1fff8170                ConfigEnd
                0x1fff8171                RxData
 *fill*         0x1fff8172        0x2 
 COMMON         0x1fff8174       0x10 .\CortexM3\ARM_GCC_484\Debug\Module HF STA.a(UART.o)
                0x1fff8174                UART_rxBuffer
                0x1fff817c                UART_txBuffer
                0x1fff8188                . = ALIGN (0x8)
 *fill*         0x1fff8184        0x4 
 *(.ram.b)
                0x1fff8188                _end = .
                0x1fff8188                __end = .
                0x1fff8188                PROVIDE (end, .)
                0x1fff8188                PROVIDE (__bss_end__, .)
                0x00001518                __cy_region_init_ram = LOADADDR (.data)
                0x00000040                __cy_region_init_size_ram = (_edata - ADDR (.data))
                0x00000040                __cy_region_zero_size_ram = (_end - _edata)

.heap           0x1fff8188       0x80 load address 0x00001558
                0x1fff8188                . = _end
                0x1fff8208                . = (. + 0x80)
 *fill*         0x1fff8188       0x80 
                0x1fff8208                __cy_heap_limit = .

.stack          0x20007800      0x800
                0x20007800                __cy_stack_limit = .
                0x20008000                . = (. + 0x800)
 *fill*         0x20007800      0x800 
                0x00000001                ASSERT ((__cy_stack_limit >= __cy_heap_limit), region RAM overflowed with stack)

.cyloadermeta
 *(.cyloadermeta)

.cyloadablemeta
 *(.cyloadablemeta)

.cyconfigecc    0x80000000      0x60c
 *(.cyconfigecc)
 .cyconfigecc   0x80000000      0x60c .\CortexM3\ARM_GCC_484\Debug\cymetadata.o
                0x80000000                cy_meta_configecc

.cycustnvl      0x90000000        0x4
 *(.cycustnvl)
 .cycustnvl     0x90000000        0x4 .\CortexM3\ARM_GCC_484\Debug\cymetadata.o
                0x90000000                cy_meta_custnvl

.cywolatch      0x90100000        0x4
 *(.cywolatch)
 .cywolatch     0x90100000        0x4 .\CortexM3\ARM_GCC_484\Debug\cymetadata.o
                0x90100000                cy_meta_wonvl

.cyeeprom       0x90200000        0x0
 *(.cyeeprom)
                0x00000001                ASSERT ((. <= ((0x90200000 + ee_offset) + ee_size)), .cyeeprom data will not fit in EEPROM)

.cyflashprotect
                0x90400000      0x100
 *(.cyflashprotect)
 .cyflashprotect
                0x90400000      0x100 .\CortexM3\ARM_GCC_484\Debug\cymetadata.o
                0x90400000                cy_meta_flashprotect

.cymeta         0x90500000        0xc
 *(.cymeta)
 .cymeta        0x90500000        0xc .\CortexM3\ARM_GCC_484\Debug\cymetadata.o
                0x90500000                cy_metadata

.rel.dyn        0x00001558        0x0 load address 0x9050000c
 .rel.iplt      0x00000000        0x0 c:/program files (x86)/cypress/psoc creator/3.1/psoc creator/import/gnu_cs/arm/4.8.4/bin/../lib/gcc/arm-none-eabi/4.8.4/armv7-m/crtbegin.o

.stab
 *(.stab)

.stabstr
 *(.stabstr)

.debug
 *(.debug)

.line
 *(.line)

.debug_srcinfo
 *(.debug_srcinfo)

.debug_sfnames
 *(.debug_sfnames)

.debug_aranges  0x00000000      0x870
 *(.debug_aranges)
 .debug_aranges
                0x00000000       0x38 .\CortexM3\ARM_GCC_484\Debug\main.o
 .debug_aranges
                0x00000038       0x38 .\CortexM3\ARM_GCC_484\Debug\wifi.o
 .debug_aranges
                0x00000070       0x30 .\CortexM3\ARM_GCC_484\Debug\RxUART.o
 .debug_aranges
                0x000000a0       0x18 .\CortexM3\ARM_GCC_484\Debug\cymetadata.o
 .debug_aranges
                0x000000b8       0x48 .\CortexM3\ARM_GCC_484\Debug\Cm3Start.o
 .debug_aranges
                0x00000100       0x60 .\CortexM3\ARM_GCC_484\Debug\Module HF STA.a(cyfitter_cfg.o)
 .debug_aranges
                0x00000160       0x20 .\CortexM3\ARM_GCC_484\Debug\Module HF STA.a(CyBootAsmGnu.o)
 .debug_aranges
                0x00000180      0x290 .\CortexM3\ARM_GCC_484\Debug\Module HF STA.a(CyLib.o)
 .debug_aranges
                0x00000410       0x90 .\CortexM3\ARM_GCC_484\Debug\Module HF STA.a(cyPm.o)
 .debug_aranges
                0x000004a0       0xf0 .\CortexM3\ARM_GCC_484\Debug\Module HF STA.a(UART.o)
 .debug_aranges
                0x00000590       0x28 .\CortexM3\ARM_GCC_484\Debug\Module HF STA.a(UART_INT.o)
 .debug_aranges
                0x000005b8       0x98 .\CortexM3\ARM_GCC_484\Debug\Module HF STA.a(LCD.o)
 .debug_aranges
                0x00000650       0x70 .\CortexM3\ARM_GCC_484\Debug\Module HF STA.a(UART_IntClock.o)
 .debug_aranges
                0x000006c0       0x80 .\CortexM3\ARM_GCC_484\Debug\Module HF STA.a(Rx_Int.o)
 .debug_aranges
                0x00000740       0x38 .\CortexM3\ARM_GCC_484\Debug\Module HF STA.a(SW2.o)
 .debug_aranges
                0x00000778       0x80 .\CortexM3\ARM_GCC_484\Debug\Module HF STA.a(CyFlash.o)
 .debug_aranges
                0x000007f8       0x78 .\CortexM3\ARM_GCC_484\Debug\Module HF STA.a(CySpc.o)

.debug_pubnames
 *(.debug_pubnames)

.debug_info     0x00000000     0x37f0
 *(.debug_info .gnu.linkonce.wi.*)
 .debug_info    0x00000000      0x140 .\CortexM3\ARM_GCC_484\Debug\main.o
 .debug_info    0x00000140      0x14c .\CortexM3\ARM_GCC_484\Debug\wifi.o
 .debug_info    0x0000028c      0x103 .\CortexM3\ARM_GCC_484\Debug\RxUART.o
 .debug_info    0x0000038f      0x13b .\CortexM3\ARM_GCC_484\Debug\cymetadata.o
 .debug_info    0x000004ca      0x323 .\CortexM3\ARM_GCC_484\Debug\Cm3Start.o
 .debug_info    0x000007ed      0x390 .\CortexM3\ARM_GCC_484\Debug\Module HF STA.a(cyfitter_cfg.o)
 .debug_info    0x00000b7d       0x93 .\CortexM3\ARM_GCC_484\Debug\Module HF STA.a(CyBootAsmGnu.o)
 .debug_info    0x00000c10      0xd85 .\CortexM3\ARM_GCC_484\Debug\Module HF STA.a(CyLib.o)
 .debug_info    0x00001995      0x536 .\CortexM3\ARM_GCC_484\Debug\Module HF STA.a(cyPm.o)
 .debug_info    0x00001ecb      0x66e .\CortexM3\ARM_GCC_484\Debug\Module HF STA.a(UART.o)
 .debug_info    0x00002539      0x185 .\CortexM3\ARM_GCC_484\Debug\Module HF STA.a(UART_INT.o)
 .debug_info    0x000026be      0x3c4 .\CortexM3\ARM_GCC_484\Debug\Module HF STA.a(LCD.o)
 .debug_info    0x00002a82      0x25b .\CortexM3\ARM_GCC_484\Debug\Module HF STA.a(UART_IntClock.o)
 .debug_info    0x00002cdd      0x236 .\CortexM3\ARM_GCC_484\Debug\Module HF STA.a(Rx_Int.o)
 .debug_info    0x00002f13      0x11d .\CortexM3\ARM_GCC_484\Debug\Module HF STA.a(SW2.o)
 .debug_info    0x00003030      0x36a .\CortexM3\ARM_GCC_484\Debug\Module HF STA.a(CyFlash.o)
 .debug_info    0x0000339a      0x456 .\CortexM3\ARM_GCC_484\Debug\Module HF STA.a(CySpc.o)

.debug_abbrev   0x00000000     0x1292
 *(.debug_abbrev)
 .debug_abbrev  0x00000000       0x9f .\CortexM3\ARM_GCC_484\Debug\main.o
 .debug_abbrev  0x0000009f       0xe8 .\CortexM3\ARM_GCC_484\Debug\wifi.o
 .debug_abbrev  0x00000187       0x8e .\CortexM3\ARM_GCC_484\Debug\RxUART.o
 .debug_abbrev  0x00000215       0x77 .\CortexM3\ARM_GCC_484\Debug\cymetadata.o
 .debug_abbrev  0x0000028c      0x1c5 .\CortexM3\ARM_GCC_484\Debug\Cm3Start.o
 .debug_abbrev  0x00000451      0x19d .\CortexM3\ARM_GCC_484\Debug\Module HF STA.a(cyfitter_cfg.o)
 .debug_abbrev  0x000005ee       0x14 .\CortexM3\ARM_GCC_484\Debug\Module HF STA.a(CyBootAsmGnu.o)
 .debug_abbrev  0x00000602      0x217 .\CortexM3\ARM_GCC_484\Debug\Module HF STA.a(CyLib.o)
 .debug_abbrev  0x00000819      0x16e .\CortexM3\ARM_GCC_484\Debug\Module HF STA.a(cyPm.o)
 .debug_abbrev  0x00000987      0x16c .\CortexM3\ARM_GCC_484\Debug\Module HF STA.a(UART.o)
 .debug_abbrev  0x00000af3       0xaf .\CortexM3\ARM_GCC_484\Debug\Module HF STA.a(UART_INT.o)
 .debug_abbrev  0x00000ba2      0x12d .\CortexM3\ARM_GCC_484\Debug\Module HF STA.a(LCD.o)
 .debug_abbrev  0x00000ccf      0x12a .\CortexM3\ARM_GCC_484\Debug\Module HF STA.a(UART_IntClock.o)
 .debug_abbrev  0x00000df9      0x156 .\CortexM3\ARM_GCC_484\Debug\Module HF STA.a(Rx_Int.o)
 .debug_abbrev  0x00000f4f       0x9d .\CortexM3\ARM_GCC_484\Debug\Module HF STA.a(SW2.o)
 .debug_abbrev  0x00000fec      0x12d .\CortexM3\ARM_GCC_484\Debug\Module HF STA.a(CyFlash.o)
 .debug_abbrev  0x00001119      0x179 .\CortexM3\ARM_GCC_484\Debug\Module HF STA.a(CySpc.o)

.debug_line     0x00000000     0x22e9
 *(.debug_line)
 .debug_line    0x00000000      0x1cf .\CortexM3\ARM_GCC_484\Debug\main.o
 .debug_line    0x000001cf      0x1b8 .\CortexM3\ARM_GCC_484\Debug\wifi.o
 .debug_line    0x00000387      0x19d .\CortexM3\ARM_GCC_484\Debug\RxUART.o
 .debug_line    0x00000524       0x53 .\CortexM3\ARM_GCC_484\Debug\cymetadata.o
 .debug_line    0x00000577      0x1d0 .\CortexM3\ARM_GCC_484\Debug\Cm3Start.o
 .debug_line    0x00000747      0x1ed .\CortexM3\ARM_GCC_484\Debug\Module HF STA.a(cyfitter_cfg.o)
 .debug_line    0x00000934       0x68 .\CortexM3\ARM_GCC_484\Debug\Module HF STA.a(CyBootAsmGnu.o)
 .debug_line    0x0000099c      0x839 .\CortexM3\ARM_GCC_484\Debug\Module HF STA.a(CyLib.o)
 .debug_line    0x000011d5      0x366 .\CortexM3\ARM_GCC_484\Debug\Module HF STA.a(cyPm.o)
 .debug_line    0x0000153b      0x361 .\CortexM3\ARM_GCC_484\Debug\Module HF STA.a(UART.o)
 .debug_line    0x0000189c       0xc1 .\CortexM3\ARM_GCC_484\Debug\Module HF STA.a(UART_INT.o)
 .debug_line    0x0000195d      0x1ef .\CortexM3\ARM_GCC_484\Debug\Module HF STA.a(LCD.o)
 .debug_line    0x00001b4c      0x1a5 .\CortexM3\ARM_GCC_484\Debug\Module HF STA.a(UART_IntClock.o)
 .debug_line    0x00001cf1      0x141 .\CortexM3\ARM_GCC_484\Debug\Module HF STA.a(Rx_Int.o)
 .debug_line    0x00001e32       0x94 .\CortexM3\ARM_GCC_484\Debug\Module HF STA.a(SW2.o)
 .debug_line    0x00001ec6      0x217 .\CortexM3\ARM_GCC_484\Debug\Module HF STA.a(CyFlash.o)
 .debug_line    0x000020dd      0x20c .\CortexM3\ARM_GCC_484\Debug\Module HF STA.a(CySpc.o)

.debug_frame    0x00000000     0x1ae0
 *(.debug_frame)
 .debug_frame   0x00000000       0x84 .\CortexM3\ARM_GCC_484\Debug\main.o
 .debug_frame   0x00000084       0x88 .\CortexM3\ARM_GCC_484\Debug\wifi.o
 .debug_frame   0x0000010c       0x64 .\CortexM3\ARM_GCC_484\Debug\RxUART.o
 .debug_frame   0x00000170       0xc4 .\CortexM3\ARM_GCC_484\Debug\Cm3Start.o
 .debug_frame   0x00000234      0x120 .\CortexM3\ARM_GCC_484\Debug\Module HF STA.a(cyfitter_cfg.o)
 .debug_frame   0x00000354      0x924 .\CortexM3\ARM_GCC_484\Debug\Module HF STA.a(CyLib.o)
 .debug_frame   0x00000c78      0x1d0 .\CortexM3\ARM_GCC_484\Debug\Module HF STA.a(cyPm.o)
 .debug_frame   0x00000e48      0x32c .\CortexM3\ARM_GCC_484\Debug\Module HF STA.a(UART.o)
 .debug_frame   0x00001174       0x48 .\CortexM3\ARM_GCC_484\Debug\Module HF STA.a(UART_INT.o)
 .debug_frame   0x000011bc      0x200 .\CortexM3\ARM_GCC_484\Debug\Module HF STA.a(LCD.o)
 .debug_frame   0x000013bc      0x14c .\CortexM3\ARM_GCC_484\Debug\Module HF STA.a(UART_IntClock.o)
 .debug_frame   0x00001508      0x180 .\CortexM3\ARM_GCC_484\Debug\Module HF STA.a(Rx_Int.o)
 .debug_frame   0x00001688       0x80 .\CortexM3\ARM_GCC_484\Debug\Module HF STA.a(SW2.o)
 .debug_frame   0x00001708      0x1a8 .\CortexM3\ARM_GCC_484\Debug\Module HF STA.a(CyFlash.o)
 .debug_frame   0x000018b0      0x174 .\CortexM3\ARM_GCC_484\Debug\Module HF STA.a(CySpc.o)
 .debug_frame   0x00001a24       0x20 c:/program files (x86)/cypress/psoc creator/3.1/psoc creator/import/gnu_cs/arm/4.8.4/bin/../lib/gcc/arm-none-eabi/4.8.4/../../../../arm-none-eabi/lib/armv7-m\libg_s.a(lib_a-errno.o)
 .debug_frame   0x00001a44       0x28 c:/program files (x86)/cypress/psoc creator/3.1/psoc creator/import/gnu_cs/arm/4.8.4/bin/../lib/gcc/arm-none-eabi/4.8.4/../../../../arm-none-eabi/lib/armv7-m\libg_s.a(lib_a-exit.o)
 .debug_frame   0x00001a6c       0x2c c:/program files (x86)/cypress/psoc creator/3.1/psoc creator/import/gnu_cs/arm/4.8.4/bin/../lib/gcc/arm-none-eabi/4.8.4/../../../../arm-none-eabi/lib/armv7-m\libg_s.a(lib_a-init.o)
 .debug_frame   0x00001a98       0x28 c:/program files (x86)/cypress/psoc creator/3.1/psoc creator/import/gnu_cs/arm/4.8.4/bin/../lib/gcc/arm-none-eabi/4.8.4/../../../../arm-none-eabi/lib/armv7-m\libg_s.a(lib_a-memcpy-stub.o)
 .debug_frame   0x00001ac0       0x20 c:/program files (x86)/cypress/psoc creator/3.1/psoc creator/import/gnu_cs/arm/4.8.4/bin/../lib/gcc/arm-none-eabi/4.8.4/../../../../arm-none-eabi/lib/armv7-m\libg_s.a(lib_a-memset.o)

.debug_str      0x00000000     0x1ac1
 *(.debug_str)
 .debug_str     0x00000000      0x16a .\CortexM3\ARM_GCC_484\Debug\main.o
                                0x1bc (size before relaxing)
 .debug_str     0x0000016a       0x33 .\CortexM3\ARM_GCC_484\Debug\wifi.o
                                0x1b6 (size before relaxing)
 .debug_str     0x0000019d       0x21 .\CortexM3\ARM_GCC_484\Debug\RxUART.o
                                0x1bb (size before relaxing)
 .debug_str     0x000001be       0x77 .\CortexM3\ARM_GCC_484\Debug\cymetadata.o
                                0x1db (size before relaxing)
 .debug_str     0x00000235      0x13e .\CortexM3\ARM_GCC_484\Debug\Cm3Start.o
                                0x2bc (size before relaxing)
 .debug_str     0x00000373      0x15e .\CortexM3\ARM_GCC_484\Debug\Module HF STA.a(cyfitter_cfg.o)
                                0x2e8 (size before relaxing)
 .debug_str     0x000004d1      0x7bb .\CortexM3\ARM_GCC_484\Debug\Module HF STA.a(CyLib.o)
                                0x97c (size before relaxing)
 .debug_str     0x00000c8c      0x371 .\CortexM3\ARM_GCC_484\Debug\Module HF STA.a(cyPm.o)
                                0x50c (size before relaxing)
 .debug_str     0x00000ffd      0x3aa .\CortexM3\ARM_GCC_484\Debug\Module HF STA.a(UART.o)
                                0x53b (size before relaxing)
 .debug_str     0x000013a7       0x55 .\CortexM3\ARM_GCC_484\Debug\Module HF STA.a(UART_INT.o)
                                0x28d (size before relaxing)
 .debug_str     0x000013fc      0x15d .\CortexM3\ARM_GCC_484\Debug\Module HF STA.a(LCD.o)
                                0x2fe (size before relaxing)
 .debug_str     0x00001559      0x1ac .\CortexM3\ARM_GCC_484\Debug\Module HF STA.a(UART_IntClock.o)
                                0x327 (size before relaxing)
 .debug_str     0x00001705       0xf6 .\CortexM3\ARM_GCC_484\Debug\Module HF STA.a(Rx_Int.o)
                                0x299 (size before relaxing)
 .debug_str     0x000017fb       0x5e .\CortexM3\ARM_GCC_484\Debug\Module HF STA.a(SW2.o)
                                0x1c9 (size before relaxing)
 .debug_str     0x00001859      0x147 .\CortexM3\ARM_GCC_484\Debug\Module HF STA.a(CyFlash.o)
                                0x2db (size before relaxing)
 .debug_str     0x000019a0      0x121 .\CortexM3\ARM_GCC_484\Debug\Module HF STA.a(CySpc.o)
                                0x2d8 (size before relaxing)

.debug_loc
 *(.debug_loc)

.debug_macinfo
 *(.debug_macinfo)

.debug_ranges   0x00000000      0x748
 *(.debug_ranges)
 .debug_ranges  0x00000000       0x28 .\CortexM3\ARM_GCC_484\Debug\main.o
 .debug_ranges  0x00000028       0x28 .\CortexM3\ARM_GCC_484\Debug\wifi.o
 .debug_ranges  0x00000050       0x20 .\CortexM3\ARM_GCC_484\Debug\RxUART.o
 .debug_ranges  0x00000070       0x38 .\CortexM3\ARM_GCC_484\Debug\Cm3Start.o
 .debug_ranges  0x000000a8       0x50 .\CortexM3\ARM_GCC_484\Debug\Module HF STA.a(cyfitter_cfg.o)
 .debug_ranges  0x000000f8      0x280 .\CortexM3\ARM_GCC_484\Debug\Module HF STA.a(CyLib.o)
 .debug_ranges  0x00000378       0x80 .\CortexM3\ARM_GCC_484\Debug\Module HF STA.a(cyPm.o)
 .debug_ranges  0x000003f8       0xe0 .\CortexM3\ARM_GCC_484\Debug\Module HF STA.a(UART.o)
 .debug_ranges  0x000004d8       0x18 .\CortexM3\ARM_GCC_484\Debug\Module HF STA.a(UART_INT.o)
 .debug_ranges  0x000004f0       0x88 .\CortexM3\ARM_GCC_484\Debug\Module HF STA.a(LCD.o)
 .debug_ranges  0x00000578       0x60 .\CortexM3\ARM_GCC_484\Debug\Module HF STA.a(UART_IntClock.o)
 .debug_ranges  0x000005d8       0x70 .\CortexM3\ARM_GCC_484\Debug\Module HF STA.a(Rx_Int.o)
 .debug_ranges  0x00000648       0x28 .\CortexM3\ARM_GCC_484\Debug\Module HF STA.a(SW2.o)
 .debug_ranges  0x00000670       0x70 .\CortexM3\ARM_GCC_484\Debug\Module HF STA.a(CyFlash.o)
 .debug_ranges  0x000006e0       0x68 .\CortexM3\ARM_GCC_484\Debug\Module HF STA.a(CySpc.o)

.comment        0x00000000       0x70
 .comment       0x00000000       0x70 .\CortexM3\ARM_GCC_484\Debug\main.o
                                 0x71 (size before relaxing)
 .comment       0x00000000       0x71 .\CortexM3\ARM_GCC_484\Debug\wifi.o
 .comment       0x00000000       0x71 .\CortexM3\ARM_GCC_484\Debug\RxUART.o
 .comment       0x00000000       0x71 .\CortexM3\ARM_GCC_484\Debug\cymetadata.o
 .comment       0x00000000       0x71 .\CortexM3\ARM_GCC_484\Debug\Cm3Start.o
 .comment       0x00000000       0x71 .\CortexM3\ARM_GCC_484\Debug\Module HF STA.a(cyfitter_cfg.o)
 .comment       0x00000000       0x71 .\CortexM3\ARM_GCC_484\Debug\Module HF STA.a(CyLib.o)
 .comment       0x00000000       0x71 .\CortexM3\ARM_GCC_484\Debug\Module HF STA.a(cyPm.o)
 .comment       0x00000000       0x71 .\CortexM3\ARM_GCC_484\Debug\Module HF STA.a(UART.o)
 .comment       0x00000000       0x71 .\CortexM3\ARM_GCC_484\Debug\Module HF STA.a(UART_INT.o)
 .comment       0x00000000       0x71 .\CortexM3\ARM_GCC_484\Debug\Module HF STA.a(LCD.o)
 .comment       0x00000000       0x71 .\CortexM3\ARM_GCC_484\Debug\Module HF STA.a(UART_IntClock.o)
 .comment       0x00000000       0x71 .\CortexM3\ARM_GCC_484\Debug\Module HF STA.a(Rx_Int.o)
 .comment       0x00000000       0x71 .\CortexM3\ARM_GCC_484\Debug\Module HF STA.a(SW2.o)
 .comment       0x00000000       0x71 .\CortexM3\ARM_GCC_484\Debug\Module HF STA.a(CyFlash.o)
 .comment       0x00000000       0x71 .\CortexM3\ARM_GCC_484\Debug\Module HF STA.a(CySpc.o)

.debug_weaknames
 *(.debug_weaknames)

.debug_funcnames
 *(.debug_funcnames)

.debug_typenames
 *(.debug_typenames)

.debug_varnames
 *(.debug_varnames)

.note.gnu.arm.ident
 *(.note.gnu.arm.ident)

.ARM.attributes
                0x00000000       0x29
 *(.ARM.attributes)
 .ARM.attributes
                0x00000000       0x1d c:/program files (x86)/cypress/psoc creator/3.1/psoc creator/import/gnu_cs/arm/4.8.4/bin/../lib/gcc/arm-none-eabi/4.8.4/armv7-m/crti.o
 .ARM.attributes
                0x0000001d       0x2d c:/program files (x86)/cypress/psoc creator/3.1/psoc creator/import/gnu_cs/arm/4.8.4/bin/../lib/gcc/arm-none-eabi/4.8.4/armv7-m/crtbegin.o
 .ARM.attributes
                0x0000004a       0x1b c:/program files (x86)/cypress/psoc creator/3.1/psoc creator/import/gnu_cs/arm/4.8.4/bin/../lib/gcc/arm-none-eabi/4.8.4/../../../../arm-none-eabi/lib/armv7-m/crt0.o
 .ARM.attributes
                0x00000065       0x33 .\CortexM3\ARM_GCC_484\Debug\main.o
 .ARM.attributes
                0x00000098       0x33 .\CortexM3\ARM_GCC_484\Debug\wifi.o
 .ARM.attributes
                0x000000cb       0x33 .\CortexM3\ARM_GCC_484\Debug\RxUART.o
 .ARM.attributes
                0x000000fe       0x33 .\CortexM3\ARM_GCC_484\Debug\cymetadata.o
 .ARM.attributes
                0x00000131       0x33 .\CortexM3\ARM_GCC_484\Debug\Cm3Start.o
 .ARM.attributes
                0x00000164       0x33 .\CortexM3\ARM_GCC_484\Debug\Module HF STA.a(cyfitter_cfg.o)
 .ARM.attributes
                0x00000197       0x21 .\CortexM3\ARM_GCC_484\Debug\Module HF STA.a(CyBootAsmGnu.o)
 .ARM.attributes
                0x000001b8       0x33 .\CortexM3\ARM_GCC_484\Debug\Module HF STA.a(CyLib.o)
 .ARM.attributes
                0x000001eb       0x33 .\CortexM3\ARM_GCC_484\Debug\Module HF STA.a(cyPm.o)
 .ARM.attributes
                0x0000021e       0x33 .\CortexM3\ARM_GCC_484\Debug\Module HF STA.a(UART.o)
 .ARM.attributes
                0x00000251       0x33 .\CortexM3\ARM_GCC_484\Debug\Module HF STA.a(UART_INT.o)
 .ARM.attributes
                0x00000284       0x33 .\CortexM3\ARM_GCC_484\Debug\Module HF STA.a(LCD.o)
 .ARM.attributes
                0x000002b7       0x33 .\CortexM3\ARM_GCC_484\Debug\Module HF STA.a(UART_IntClock.o)
 .ARM.attributes
                0x000002ea       0x33 .\CortexM3\ARM_GCC_484\Debug\Module HF STA.a(Rx_Int.o)
 .ARM.attributes
                0x0000031d       0x33 .\CortexM3\ARM_GCC_484\Debug\Module HF STA.a(SW2.o)
 .ARM.attributes
                0x00000350       0x33 .\CortexM3\ARM_GCC_484\Debug\Module HF STA.a(CyFlash.o)
 .ARM.attributes
                0x00000383       0x33 .\CortexM3\ARM_GCC_484\Debug\Module HF STA.a(CySpc.o)
 .ARM.attributes
                0x000003b6       0x2d c:/program files (x86)/cypress/psoc creator/3.1/psoc creator/import/gnu_cs/arm/4.8.4/bin/../lib/gcc/arm-none-eabi/4.8.4/../../../../arm-none-eabi/lib/armv7-m\libg_s.a(lib_a-errno.o)
 .ARM.attributes
                0x000003e3       0x2d c:/program files (x86)/cypress/psoc creator/3.1/psoc creator/import/gnu_cs/arm/4.8.4/bin/../lib/gcc/arm-none-eabi/4.8.4/../../../../arm-none-eabi/lib/armv7-m\libg_s.a(lib_a-exit.o)
 .ARM.attributes
                0x00000410       0x2d c:/program files (x86)/cypress/psoc creator/3.1/psoc creator/import/gnu_cs/arm/4.8.4/bin/../lib/gcc/arm-none-eabi/4.8.4/../../../../arm-none-eabi/lib/armv7-m\libg_s.a(lib_a-impure.o)
 .ARM.attributes
                0x0000043d       0x2d c:/program files (x86)/cypress/psoc creator/3.1/psoc creator/import/gnu_cs/arm/4.8.4/bin/../lib/gcc/arm-none-eabi/4.8.4/../../../../arm-none-eabi/lib/armv7-m\libg_s.a(lib_a-init.o)
 .ARM.attributes
                0x0000046a       0x2d c:/program files (x86)/cypress/psoc creator/3.1/psoc creator/import/gnu_cs/arm/4.8.4/bin/../lib/gcc/arm-none-eabi/4.8.4/../../../../arm-none-eabi/lib/armv7-m\libg_s.a(lib_a-memcpy-stub.o)
 .ARM.attributes
                0x00000497       0x2d c:/program files (x86)/cypress/psoc creator/3.1/psoc creator/import/gnu_cs/arm/4.8.4/bin/../lib/gcc/arm-none-eabi/4.8.4/../../../../arm-none-eabi/lib/armv7-m\libg_s.a(lib_a-memset.o)
 .ARM.attributes
                0x000004c4       0x2d c:/program files (x86)/cypress/psoc creator/3.1/psoc creator/import/gnu_cs/arm/4.8.4/bin/../lib/gcc/arm-none-eabi/4.8.4/armv7-m/crtend.o
 .ARM.attributes
                0x000004f1       0x1d c:/program files (x86)/cypress/psoc creator/3.1/psoc creator/import/gnu_cs/arm/4.8.4/bin/../lib/gcc/arm-none-eabi/4.8.4/armv7-m/crtn.o

/DISCARD/
 *(.note.GNU-stack)
OUTPUT(.\CortexM3\ARM_GCC_484\Debug\Module HF STA.elf elf32-littlearm)
