ARM GAS  C:\Users\Eih3\AppData\Local\Temp\ccBU6MkC.s 			page 1


   1              		.syntax unified
   2              		.cpu cortex-m3
   3              		.fpu softvfp
   4              		.eabi_attribute 20, 1
   5              		.eabi_attribute 21, 1
   6              		.eabi_attribute 23, 3
   7              		.eabi_attribute 24, 1
   8              		.eabi_attribute 25, 1
   9              		.eabi_attribute 26, 1
  10              		.eabi_attribute 30, 6
  11              		.eabi_attribute 34, 1
  12              		.eabi_attribute 18, 4
  13              		.thumb
  14              		.file	"UART_INT.c"
  15              		.text
  16              	.Ltext0:
  17              		.cfi_sections	.debug_frame
  18              		.section	.text.UART_RXISR,"ax",%progbits
  19              		.align	2
  20              		.global	UART_RXISR
  21              		.thumb
  22              		.thumb_func
  23              		.type	UART_RXISR, %function
  24              	UART_RXISR:
  25              	.LFB0:
  26              		.file 1 ".\\Generated_Source\\PSoC5\\UART_INT.c"
   1:.\Generated_Source\PSoC5/UART_INT.c **** /*******************************************************************************
   2:.\Generated_Source\PSoC5/UART_INT.c **** * File Name: UARTINT.c
   3:.\Generated_Source\PSoC5/UART_INT.c **** * Version 2.40
   4:.\Generated_Source\PSoC5/UART_INT.c **** *
   5:.\Generated_Source\PSoC5/UART_INT.c **** * Description:
   6:.\Generated_Source\PSoC5/UART_INT.c **** *  This file provides all Interrupt Service functionality of the UART component
   7:.\Generated_Source\PSoC5/UART_INT.c **** *
   8:.\Generated_Source\PSoC5/UART_INT.c **** * Note:
   9:.\Generated_Source\PSoC5/UART_INT.c **** *
  10:.\Generated_Source\PSoC5/UART_INT.c **** ********************************************************************************
  11:.\Generated_Source\PSoC5/UART_INT.c **** * Copyright 2008-2015, Cypress Semiconductor Corporation.  All rights reserved.
  12:.\Generated_Source\PSoC5/UART_INT.c **** * You may use this file only in accordance with the license, terms, conditions,
  13:.\Generated_Source\PSoC5/UART_INT.c **** * disclaimers, and limitations in the end user license agreement accompanying
  14:.\Generated_Source\PSoC5/UART_INT.c **** * the software package with which this file was provided.
  15:.\Generated_Source\PSoC5/UART_INT.c **** *******************************************************************************/
  16:.\Generated_Source\PSoC5/UART_INT.c **** 
  17:.\Generated_Source\PSoC5/UART_INT.c **** #include "UART.h"
  18:.\Generated_Source\PSoC5/UART_INT.c **** 
  19:.\Generated_Source\PSoC5/UART_INT.c **** 
  20:.\Generated_Source\PSoC5/UART_INT.c **** /***************************************
  21:.\Generated_Source\PSoC5/UART_INT.c **** * Custom Declarations
  22:.\Generated_Source\PSoC5/UART_INT.c **** ***************************************/
  23:.\Generated_Source\PSoC5/UART_INT.c **** /* `#START CUSTOM_DECLARATIONS` Place your declaration here */
  24:.\Generated_Source\PSoC5/UART_INT.c **** 
  25:.\Generated_Source\PSoC5/UART_INT.c **** /* `#END` */
  26:.\Generated_Source\PSoC5/UART_INT.c **** 
  27:.\Generated_Source\PSoC5/UART_INT.c **** #if (UART_RX_INTERRUPT_ENABLED && (UART_RX_ENABLED || UART_HD_ENABLED))
  28:.\Generated_Source\PSoC5/UART_INT.c ****     /*******************************************************************************
  29:.\Generated_Source\PSoC5/UART_INT.c ****     * Function Name: UART_RXISR
  30:.\Generated_Source\PSoC5/UART_INT.c ****     ********************************************************************************
  31:.\Generated_Source\PSoC5/UART_INT.c ****     *
ARM GAS  C:\Users\Eih3\AppData\Local\Temp\ccBU6MkC.s 			page 2


  32:.\Generated_Source\PSoC5/UART_INT.c ****     * Summary:
  33:.\Generated_Source\PSoC5/UART_INT.c ****     *  Interrupt Service Routine for RX portion of the UART
  34:.\Generated_Source\PSoC5/UART_INT.c ****     *
  35:.\Generated_Source\PSoC5/UART_INT.c ****     * Parameters:
  36:.\Generated_Source\PSoC5/UART_INT.c ****     *  None.
  37:.\Generated_Source\PSoC5/UART_INT.c ****     *
  38:.\Generated_Source\PSoC5/UART_INT.c ****     * Return:
  39:.\Generated_Source\PSoC5/UART_INT.c ****     *  None.
  40:.\Generated_Source\PSoC5/UART_INT.c ****     *
  41:.\Generated_Source\PSoC5/UART_INT.c ****     * Global Variables:
  42:.\Generated_Source\PSoC5/UART_INT.c ****     *  UART_rxBuffer - RAM buffer pointer for save received data.
  43:.\Generated_Source\PSoC5/UART_INT.c ****     *  UART_rxBufferWrite - cyclic index for write to rxBuffer,
  44:.\Generated_Source\PSoC5/UART_INT.c ****     *     increments after each byte saved to buffer.
  45:.\Generated_Source\PSoC5/UART_INT.c ****     *  UART_rxBufferRead - cyclic index for read from rxBuffer,
  46:.\Generated_Source\PSoC5/UART_INT.c ****     *     checked to detect overflow condition.
  47:.\Generated_Source\PSoC5/UART_INT.c ****     *  UART_rxBufferOverflow - software overflow flag. Set to one
  48:.\Generated_Source\PSoC5/UART_INT.c ****     *     when UART_rxBufferWrite index overtakes
  49:.\Generated_Source\PSoC5/UART_INT.c ****     *     UART_rxBufferRead index.
  50:.\Generated_Source\PSoC5/UART_INT.c ****     *  UART_rxBufferLoopDetect - additional variable to detect overflow.
  51:.\Generated_Source\PSoC5/UART_INT.c ****     *     Set to one when UART_rxBufferWrite is equal to
  52:.\Generated_Source\PSoC5/UART_INT.c ****     *    UART_rxBufferRead
  53:.\Generated_Source\PSoC5/UART_INT.c ****     *  UART_rxAddressMode - this variable contains the Address mode,
  54:.\Generated_Source\PSoC5/UART_INT.c ****     *     selected in customizer or set by UART_SetRxAddressMode() API.
  55:.\Generated_Source\PSoC5/UART_INT.c ****     *  UART_rxAddressDetected - set to 1 when correct address received,
  56:.\Generated_Source\PSoC5/UART_INT.c ****     *     and analysed to store following addressed data bytes to the buffer.
  57:.\Generated_Source\PSoC5/UART_INT.c ****     *     When not correct address received, set to 0 to skip following data bytes.
  58:.\Generated_Source\PSoC5/UART_INT.c ****     *
  59:.\Generated_Source\PSoC5/UART_INT.c ****     *******************************************************************************/
  60:.\Generated_Source\PSoC5/UART_INT.c ****     CY_ISR(UART_RXISR)
  61:.\Generated_Source\PSoC5/UART_INT.c ****     {
  27              		.loc 1 61 0
  28              		.cfi_startproc
  29              		@ args = 0, pretend = 0, frame = 8
  30              		@ frame_needed = 1, uses_anonymous_args = 0
  31              		@ link register save eliminated.
  32 0000 80B4     		push	{r7}
  33              		.cfi_def_cfa_offset 4
  34              		.cfi_offset 7, -4
  35 0002 83B0     		sub	sp, sp, #12
  36              		.cfi_def_cfa_offset 16
  37 0004 00AF     		add	r7, sp, #0
  38              		.cfi_def_cfa_register 7
  62:.\Generated_Source\PSoC5/UART_INT.c ****         uint8 readData;
  63:.\Generated_Source\PSoC5/UART_INT.c ****         uint8 increment_pointer = 0u;
  39              		.loc 1 63 0
  40 0006 0023     		movs	r3, #0
  41 0008 BB71     		strb	r3, [r7, #6]
  64:.\Generated_Source\PSoC5/UART_INT.c **** 
  65:.\Generated_Source\PSoC5/UART_INT.c ****     #if(CY_PSOC3)
  66:.\Generated_Source\PSoC5/UART_INT.c ****         uint8 int_en;
  67:.\Generated_Source\PSoC5/UART_INT.c ****     #endif /* (CY_PSOC3) */
  68:.\Generated_Source\PSoC5/UART_INT.c **** 
  69:.\Generated_Source\PSoC5/UART_INT.c ****         /* User code required at start of ISR */
  70:.\Generated_Source\PSoC5/UART_INT.c ****         /* `#START UART_RXISR_START` */
  71:.\Generated_Source\PSoC5/UART_INT.c **** 
  72:.\Generated_Source\PSoC5/UART_INT.c ****         /* `#END` */
  73:.\Generated_Source\PSoC5/UART_INT.c **** 
ARM GAS  C:\Users\Eih3\AppData\Local\Temp\ccBU6MkC.s 			page 3


  74:.\Generated_Source\PSoC5/UART_INT.c ****     #if(CY_PSOC3)   /* Make sure nested interrupt is enabled */
  75:.\Generated_Source\PSoC5/UART_INT.c ****         int_en = EA;
  76:.\Generated_Source\PSoC5/UART_INT.c ****         CyGlobalIntEnable;
  77:.\Generated_Source\PSoC5/UART_INT.c ****     #endif /* (CY_PSOC3) */
  78:.\Generated_Source\PSoC5/UART_INT.c **** 
  79:.\Generated_Source\PSoC5/UART_INT.c ****         readData = UART_RXSTATUS_REG;
  42              		.loc 1 79 0
  43 000a 394B     		ldr	r3, .L13
  44 000c 1B78     		ldrb	r3, [r3]
  45 000e FB71     		strb	r3, [r7, #7]
  80:.\Generated_Source\PSoC5/UART_INT.c **** 
  81:.\Generated_Source\PSoC5/UART_INT.c ****         if((readData & (UART_RX_STS_BREAK | UART_RX_STS_PAR_ERROR |
  82:.\Generated_Source\PSoC5/UART_INT.c ****                         UART_RX_STS_STOP_ERROR | UART_RX_STS_OVERRUN)) != 0u)
  46              		.loc 1 82 0
  47 0010 FB79     		ldrb	r3, [r7, #7]	@ zero_extendqisi2
  48 0012 03F01E03 		and	r3, r3, #30
  81:.\Generated_Source\PSoC5/UART_INT.c ****         if((readData & (UART_RX_STS_BREAK | UART_RX_STS_PAR_ERROR |
  49              		.loc 1 81 0
  50 0016 002B     		cmp	r3, #0
  51 0018 06D0     		beq	.L2
  83:.\Generated_Source\PSoC5/UART_INT.c ****         {
  84:.\Generated_Source\PSoC5/UART_INT.c ****             /* ERROR handling. */
  85:.\Generated_Source\PSoC5/UART_INT.c ****             UART_errorStatus = readData & ( UART_RX_STS_BREAK | 
  52              		.loc 1 85 0
  53 001a FB79     		ldrb	r3, [r7, #7]
  54 001c 03F01E03 		and	r3, r3, #30
  55 0020 DAB2     		uxtb	r2, r3
  56 0022 344B     		ldr	r3, .L13+4
  57 0024 1A70     		strb	r2, [r3]
  86:.\Generated_Source\PSoC5/UART_INT.c ****                                                         UART_RX_STS_PAR_ERROR | 
  87:.\Generated_Source\PSoC5/UART_INT.c ****                                                         UART_RX_STS_STOP_ERROR | 
  88:.\Generated_Source\PSoC5/UART_INT.c ****                                                         UART_RX_STS_OVERRUN);
  89:.\Generated_Source\PSoC5/UART_INT.c ****             /* `#START UART_RXISR_ERROR` */
  90:.\Generated_Source\PSoC5/UART_INT.c **** 
  91:.\Generated_Source\PSoC5/UART_INT.c ****             /* `#END` */
  92:.\Generated_Source\PSoC5/UART_INT.c ****         }
  93:.\Generated_Source\PSoC5/UART_INT.c **** 
  94:.\Generated_Source\PSoC5/UART_INT.c ****         while((readData & UART_RX_STS_FIFO_NOTEMPTY) != 0u)
  58              		.loc 1 94 0
  59 0026 59E0     		b	.L3
  60              	.L2:
  61 0028 58E0     		b	.L3
  62              	.L12:
  95:.\Generated_Source\PSoC5/UART_INT.c ****         {
  96:.\Generated_Source\PSoC5/UART_INT.c ****         #if (UART_RXHW_ADDRESS_ENABLED)
  97:.\Generated_Source\PSoC5/UART_INT.c ****             if(UART_rxAddressMode == (uint8)UART__B_UART__AM_SW_DETECT_TO_BUFFER)
  63              		.loc 1 97 0
  64 002a 334B     		ldr	r3, .L13+8
  65 002c 1B78     		ldrb	r3, [r3]
  66 002e DBB2     		uxtb	r3, r3
  67 0030 022B     		cmp	r3, #2
  68 0032 21D1     		bne	.L4
  98:.\Generated_Source\PSoC5/UART_INT.c ****             {
  99:.\Generated_Source\PSoC5/UART_INT.c ****                 if((readData & UART_RX_STS_MRKSPC) != 0u)
  69              		.loc 1 99 0
  70 0034 FB79     		ldrb	r3, [r7, #7]	@ zero_extendqisi2
  71 0036 03F00103 		and	r3, r3, #1
ARM GAS  C:\Users\Eih3\AppData\Local\Temp\ccBU6MkC.s 			page 4


  72 003a 002B     		cmp	r3, #0
  73 003c 0BD0     		beq	.L5
 100:.\Generated_Source\PSoC5/UART_INT.c ****                 {
 101:.\Generated_Source\PSoC5/UART_INT.c ****                     if ((readData & UART_RX_STS_ADDR_MATCH) != 0u)
  74              		.loc 1 101 0
  75 003e FB79     		ldrb	r3, [r7, #7]	@ zero_extendqisi2
  76 0040 03F04003 		and	r3, r3, #64
  77 0044 002B     		cmp	r3, #0
  78 0046 03D0     		beq	.L6
 102:.\Generated_Source\PSoC5/UART_INT.c ****                     {
 103:.\Generated_Source\PSoC5/UART_INT.c ****                         UART_rxAddressDetected = 1u;
  79              		.loc 1 103 0
  80 0048 2C4B     		ldr	r3, .L13+12
  81 004a 0122     		movs	r2, #1
  82 004c 1A70     		strb	r2, [r3]
  83 004e 02E0     		b	.L5
  84              	.L6:
 104:.\Generated_Source\PSoC5/UART_INT.c ****                     }
 105:.\Generated_Source\PSoC5/UART_INT.c ****                     else
 106:.\Generated_Source\PSoC5/UART_INT.c ****                     {
 107:.\Generated_Source\PSoC5/UART_INT.c ****                         UART_rxAddressDetected = 0u;
  85              		.loc 1 107 0
  86 0050 2A4B     		ldr	r3, .L13+12
  87 0052 0022     		movs	r2, #0
  88 0054 1A70     		strb	r2, [r3]
  89              	.L5:
 108:.\Generated_Source\PSoC5/UART_INT.c ****                     }
 109:.\Generated_Source\PSoC5/UART_INT.c ****                 }
 110:.\Generated_Source\PSoC5/UART_INT.c **** 
 111:.\Generated_Source\PSoC5/UART_INT.c ****                 readData = UART_RXDATA_REG;
  90              		.loc 1 111 0
  91 0056 2A4B     		ldr	r3, .L13+16
  92 0058 1B78     		ldrb	r3, [r3]
  93 005a FB71     		strb	r3, [r7, #7]
 112:.\Generated_Source\PSoC5/UART_INT.c ****                 if(UART_rxAddressDetected != 0u)
  94              		.loc 1 112 0
  95 005c 274B     		ldr	r3, .L13+12
  96 005e 1B78     		ldrb	r3, [r3]
  97 0060 DBB2     		uxtb	r3, r3
  98 0062 002B     		cmp	r3, #0
  99 0064 12D0     		beq	.L8
 113:.\Generated_Source\PSoC5/UART_INT.c ****                 {   /* Store only addressed data */
 114:.\Generated_Source\PSoC5/UART_INT.c ****                     UART_rxBuffer[UART_rxBufferWrite] = readData;
 100              		.loc 1 114 0
 101 0066 274B     		ldr	r3, .L13+20
 102 0068 1B78     		ldrb	r3, [r3]
 103 006a DBB2     		uxtb	r3, r3
 104 006c 264A     		ldr	r2, .L13+24
 105 006e F979     		ldrb	r1, [r7, #7]
 106 0070 D154     		strb	r1, [r2, r3]
 115:.\Generated_Source\PSoC5/UART_INT.c ****                     increment_pointer = 1u;
 107              		.loc 1 115 0
 108 0072 0123     		movs	r3, #1
 109 0074 BB71     		strb	r3, [r7, #6]
 110 0076 09E0     		b	.L8
 111              	.L4:
 116:.\Generated_Source\PSoC5/UART_INT.c ****                 }
ARM GAS  C:\Users\Eih3\AppData\Local\Temp\ccBU6MkC.s 			page 5


 117:.\Generated_Source\PSoC5/UART_INT.c ****             }
 118:.\Generated_Source\PSoC5/UART_INT.c ****             else /* Without software addressing */
 119:.\Generated_Source\PSoC5/UART_INT.c ****             {
 120:.\Generated_Source\PSoC5/UART_INT.c ****                 UART_rxBuffer[UART_rxBufferWrite] = UART_RXDATA_REG;
 112              		.loc 1 120 0
 113 0078 224B     		ldr	r3, .L13+20
 114 007a 1B78     		ldrb	r3, [r3]
 115 007c DBB2     		uxtb	r3, r3
 116 007e 204A     		ldr	r2, .L13+16
 117 0080 1278     		ldrb	r2, [r2]
 118 0082 D1B2     		uxtb	r1, r2
 119 0084 204A     		ldr	r2, .L13+24
 120 0086 D154     		strb	r1, [r2, r3]
 121:.\Generated_Source\PSoC5/UART_INT.c ****                 increment_pointer = 1u;
 121              		.loc 1 121 0
 122 0088 0123     		movs	r3, #1
 123 008a BB71     		strb	r3, [r7, #6]
 124              	.L8:
 122:.\Generated_Source\PSoC5/UART_INT.c ****             }
 123:.\Generated_Source\PSoC5/UART_INT.c ****         #else  /* Without addressing */
 124:.\Generated_Source\PSoC5/UART_INT.c ****             UART_rxBuffer[UART_rxBufferWrite] = UART_RXDATA_REG;
 125:.\Generated_Source\PSoC5/UART_INT.c ****             increment_pointer = 1u;
 126:.\Generated_Source\PSoC5/UART_INT.c ****         #endif /* (UART_RXHW_ADDRESS_ENABLED) */
 127:.\Generated_Source\PSoC5/UART_INT.c **** 
 128:.\Generated_Source\PSoC5/UART_INT.c ****             /* Do not increment buffer pointer when skip not addressed data */
 129:.\Generated_Source\PSoC5/UART_INT.c ****             if(increment_pointer != 0u)
 125              		.loc 1 129 0
 126 008c BB79     		ldrb	r3, [r7, #6]	@ zero_extendqisi2
 127 008e 002B     		cmp	r3, #0
 128 0090 21D0     		beq	.L9
 130:.\Generated_Source\PSoC5/UART_INT.c ****             {
 131:.\Generated_Source\PSoC5/UART_INT.c ****                 if(UART_rxBufferLoopDetect != 0u)
 129              		.loc 1 131 0
 130 0092 1E4B     		ldr	r3, .L13+28
 131 0094 1B78     		ldrb	r3, [r3]
 132 0096 DBB2     		uxtb	r3, r3
 133 0098 002B     		cmp	r3, #0
 134 009a 02D0     		beq	.L10
 132:.\Generated_Source\PSoC5/UART_INT.c ****                 {   /* Set Software Buffer status Overflow */
 133:.\Generated_Source\PSoC5/UART_INT.c ****                     UART_rxBufferOverflow = 1u;
 135              		.loc 1 133 0
 136 009c 1C4B     		ldr	r3, .L13+32
 137 009e 0122     		movs	r2, #1
 138 00a0 1A70     		strb	r2, [r3]
 139              	.L10:
 134:.\Generated_Source\PSoC5/UART_INT.c ****                 }
 135:.\Generated_Source\PSoC5/UART_INT.c ****                 /* Set next pointer. */
 136:.\Generated_Source\PSoC5/UART_INT.c ****                 UART_rxBufferWrite++;
 140              		.loc 1 136 0
 141 00a2 184B     		ldr	r3, .L13+20
 142 00a4 1B78     		ldrb	r3, [r3]
 143 00a6 DBB2     		uxtb	r3, r3
 144 00a8 0133     		adds	r3, r3, #1
 145 00aa DAB2     		uxtb	r2, r3
 146 00ac 154B     		ldr	r3, .L13+20
 147 00ae 1A70     		strb	r2, [r3]
 137:.\Generated_Source\PSoC5/UART_INT.c **** 
ARM GAS  C:\Users\Eih3\AppData\Local\Temp\ccBU6MkC.s 			page 6


 138:.\Generated_Source\PSoC5/UART_INT.c ****                 /* Check pointer for a loop condition */
 139:.\Generated_Source\PSoC5/UART_INT.c ****                 if(UART_rxBufferWrite >= UART_RX_BUFFER_SIZE)
 148              		.loc 1 139 0
 149 00b0 144B     		ldr	r3, .L13+20
 150 00b2 1B78     		ldrb	r3, [r3]
 151 00b4 DBB2     		uxtb	r3, r3
 152 00b6 072B     		cmp	r3, #7
 153 00b8 02D9     		bls	.L11
 140:.\Generated_Source\PSoC5/UART_INT.c ****                 {
 141:.\Generated_Source\PSoC5/UART_INT.c ****                     UART_rxBufferWrite = 0u;
 154              		.loc 1 141 0
 155 00ba 124B     		ldr	r3, .L13+20
 156 00bc 0022     		movs	r2, #0
 157 00be 1A70     		strb	r2, [r3]
 158              	.L11:
 142:.\Generated_Source\PSoC5/UART_INT.c ****                 }
 143:.\Generated_Source\PSoC5/UART_INT.c **** 
 144:.\Generated_Source\PSoC5/UART_INT.c ****                 /* Detect pre-overload condition and set flag */
 145:.\Generated_Source\PSoC5/UART_INT.c ****                 if(UART_rxBufferWrite == UART_rxBufferRead)
 159              		.loc 1 145 0
 160 00c0 104B     		ldr	r3, .L13+20
 161 00c2 1B78     		ldrb	r3, [r3]
 162 00c4 DAB2     		uxtb	r2, r3
 163 00c6 134B     		ldr	r3, .L13+36
 164 00c8 1B78     		ldrb	r3, [r3]
 165 00ca DBB2     		uxtb	r3, r3
 166 00cc 9A42     		cmp	r2, r3
 167 00ce 02D1     		bne	.L9
 146:.\Generated_Source\PSoC5/UART_INT.c ****                 {
 147:.\Generated_Source\PSoC5/UART_INT.c ****                     UART_rxBufferLoopDetect = 1u;
 168              		.loc 1 147 0
 169 00d0 0E4B     		ldr	r3, .L13+28
 170 00d2 0122     		movs	r2, #1
 171 00d4 1A70     		strb	r2, [r3]
 172              	.L9:
 148:.\Generated_Source\PSoC5/UART_INT.c ****                     /* When Hardware Flow Control selected */
 149:.\Generated_Source\PSoC5/UART_INT.c ****                     #if (UART_FLOW_CONTROL != 0u)
 150:.\Generated_Source\PSoC5/UART_INT.c ****                         /* Disable RX interrupt mask, it is enabled when user read data from the bu
 151:.\Generated_Source\PSoC5/UART_INT.c ****                         UART_RXSTATUS_MASK_REG  &= (uint8)~UART_RX_STS_FIFO_NOTEMPTY;
 152:.\Generated_Source\PSoC5/UART_INT.c ****                         CyIntClearPending(UART_RX_VECT_NUM);
 153:.\Generated_Source\PSoC5/UART_INT.c ****                         break; /* Break the reading of the FIFO loop, leave the data there for gene
 154:.\Generated_Source\PSoC5/UART_INT.c ****                     #endif /* (UART_FLOW_CONTROL != 0u) */
 155:.\Generated_Source\PSoC5/UART_INT.c ****                 }
 156:.\Generated_Source\PSoC5/UART_INT.c ****             }
 157:.\Generated_Source\PSoC5/UART_INT.c **** 
 158:.\Generated_Source\PSoC5/UART_INT.c ****             /* Read status to decide whether read more bytes */
 159:.\Generated_Source\PSoC5/UART_INT.c ****             readData = UART_RXSTATUS_REG;
 173              		.loc 1 159 0
 174 00d6 064B     		ldr	r3, .L13
 175 00d8 1B78     		ldrb	r3, [r3]
 176 00da FB71     		strb	r3, [r7, #7]
 177              	.L3:
  94:.\Generated_Source\PSoC5/UART_INT.c ****         while((readData & UART_RX_STS_FIFO_NOTEMPTY) != 0u)
 178              		.loc 1 94 0 discriminator 1
 179 00dc FB79     		ldrb	r3, [r7, #7]	@ zero_extendqisi2
 180 00de 03F02003 		and	r3, r3, #32
 181 00e2 002B     		cmp	r3, #0
ARM GAS  C:\Users\Eih3\AppData\Local\Temp\ccBU6MkC.s 			page 7


 182 00e4 A1D1     		bne	.L12
 160:.\Generated_Source\PSoC5/UART_INT.c ****         }
 161:.\Generated_Source\PSoC5/UART_INT.c **** 
 162:.\Generated_Source\PSoC5/UART_INT.c ****         /* User code required at end of ISR (Optional) */
 163:.\Generated_Source\PSoC5/UART_INT.c ****         /* `#START UART_RXISR_END` */
 164:.\Generated_Source\PSoC5/UART_INT.c **** 
 165:.\Generated_Source\PSoC5/UART_INT.c ****         /* `#END` */
 166:.\Generated_Source\PSoC5/UART_INT.c **** 
 167:.\Generated_Source\PSoC5/UART_INT.c ****     #if(CY_PSOC3)
 168:.\Generated_Source\PSoC5/UART_INT.c ****         EA = int_en;
 169:.\Generated_Source\PSoC5/UART_INT.c ****     #endif /* (CY_PSOC3) */
 170:.\Generated_Source\PSoC5/UART_INT.c ****     }
 183              		.loc 1 170 0
 184 00e6 0C37     		adds	r7, r7, #12
 185 00e8 BD46     		mov	sp, r7
 186              		@ sp needed
 187 00ea 5DF8047B 		ldr	r7, [sp], #4
 188 00ee 7047     		bx	lr
 189              	.L14:
 190              		.align	2
 191              	.L13:
 192 00f0 64650040 		.word	1073767780
 193 00f4 00000000 		.word	UART_errorStatus
 194 00f8 00000000 		.word	UART_rxAddressMode
 195 00fc 00000000 		.word	UART_rxAddressDetected
 196 0100 47640040 		.word	1073767495
 197 0104 00000000 		.word	UART_rxBufferWrite
 198 0108 00000000 		.word	UART_rxBuffer
 199 010c 00000000 		.word	UART_rxBufferLoopDetect
 200 0110 00000000 		.word	UART_rxBufferOverflow
 201 0114 00000000 		.word	UART_rxBufferRead
 202              		.cfi_endproc
 203              	.LFE0:
 204              		.size	UART_RXISR, .-UART_RXISR
 205              		.section	.text.UART_TXISR,"ax",%progbits
 206              		.align	2
 207              		.global	UART_TXISR
 208              		.thumb
 209              		.thumb_func
 210              		.type	UART_TXISR, %function
 211              	UART_TXISR:
 212              	.LFB1:
 171:.\Generated_Source\PSoC5/UART_INT.c **** 
 172:.\Generated_Source\PSoC5/UART_INT.c **** #endif /* (UART_RX_INTERRUPT_ENABLED && (UART_RX_ENABLED || UART_HD_ENABLED)) */
 173:.\Generated_Source\PSoC5/UART_INT.c **** 
 174:.\Generated_Source\PSoC5/UART_INT.c **** 
 175:.\Generated_Source\PSoC5/UART_INT.c **** #if (UART_TX_INTERRUPT_ENABLED && UART_TX_ENABLED)
 176:.\Generated_Source\PSoC5/UART_INT.c ****     /*******************************************************************************
 177:.\Generated_Source\PSoC5/UART_INT.c ****     * Function Name: UART_TXISR
 178:.\Generated_Source\PSoC5/UART_INT.c ****     ********************************************************************************
 179:.\Generated_Source\PSoC5/UART_INT.c ****     *
 180:.\Generated_Source\PSoC5/UART_INT.c ****     * Summary:
 181:.\Generated_Source\PSoC5/UART_INT.c ****     * Interrupt Service Routine for the TX portion of the UART
 182:.\Generated_Source\PSoC5/UART_INT.c ****     *
 183:.\Generated_Source\PSoC5/UART_INT.c ****     * Parameters:
 184:.\Generated_Source\PSoC5/UART_INT.c ****     *  None.
 185:.\Generated_Source\PSoC5/UART_INT.c ****     *
ARM GAS  C:\Users\Eih3\AppData\Local\Temp\ccBU6MkC.s 			page 8


 186:.\Generated_Source\PSoC5/UART_INT.c ****     * Return:
 187:.\Generated_Source\PSoC5/UART_INT.c ****     *  None.
 188:.\Generated_Source\PSoC5/UART_INT.c ****     *
 189:.\Generated_Source\PSoC5/UART_INT.c ****     * Global Variables:
 190:.\Generated_Source\PSoC5/UART_INT.c ****     *  UART_txBuffer - RAM buffer pointer for transmit data from.
 191:.\Generated_Source\PSoC5/UART_INT.c ****     *  UART_txBufferRead - cyclic index for read and transmit data
 192:.\Generated_Source\PSoC5/UART_INT.c ****     *     from txBuffer, increments after each transmitted byte.
 193:.\Generated_Source\PSoC5/UART_INT.c ****     *  UART_rxBufferWrite - cyclic index for write to txBuffer,
 194:.\Generated_Source\PSoC5/UART_INT.c ****     *     checked to detect available for transmission bytes.
 195:.\Generated_Source\PSoC5/UART_INT.c ****     *
 196:.\Generated_Source\PSoC5/UART_INT.c ****     *******************************************************************************/
 197:.\Generated_Source\PSoC5/UART_INT.c ****     CY_ISR(UART_TXISR)
 198:.\Generated_Source\PSoC5/UART_INT.c ****     {
 213              		.loc 1 198 0
 214              		.cfi_startproc
 215              		@ args = 0, pretend = 0, frame = 0
 216              		@ frame_needed = 1, uses_anonymous_args = 0
 217              		@ link register save eliminated.
 218 0000 80B4     		push	{r7}
 219              		.cfi_def_cfa_offset 4
 220              		.cfi_offset 7, -4
 221 0002 00AF     		add	r7, sp, #0
 222              		.cfi_def_cfa_register 7
 199:.\Generated_Source\PSoC5/UART_INT.c ****     #if(CY_PSOC3)
 200:.\Generated_Source\PSoC5/UART_INT.c ****         uint8 int_en;
 201:.\Generated_Source\PSoC5/UART_INT.c ****     #endif /* (CY_PSOC3) */
 202:.\Generated_Source\PSoC5/UART_INT.c **** 
 203:.\Generated_Source\PSoC5/UART_INT.c ****         /* User code required at start of ISR */
 204:.\Generated_Source\PSoC5/UART_INT.c ****         /* `#START UART_TXISR_START` */
 205:.\Generated_Source\PSoC5/UART_INT.c **** 
 206:.\Generated_Source\PSoC5/UART_INT.c ****         /* `#END` */
 207:.\Generated_Source\PSoC5/UART_INT.c **** 
 208:.\Generated_Source\PSoC5/UART_INT.c ****     #if(CY_PSOC3)   /* Make sure nested interrupt is enabled */
 209:.\Generated_Source\PSoC5/UART_INT.c ****         int_en = EA;
 210:.\Generated_Source\PSoC5/UART_INT.c ****         CyGlobalIntEnable;
 211:.\Generated_Source\PSoC5/UART_INT.c ****     #endif /* (CY_PSOC3) */
 212:.\Generated_Source\PSoC5/UART_INT.c **** 
 213:.\Generated_Source\PSoC5/UART_INT.c ****         while((UART_txBufferRead != UART_txBufferWrite) &&
 223              		.loc 1 213 0
 224 0004 16E0     		b	.L16
 225              	.L19:
 214:.\Generated_Source\PSoC5/UART_INT.c ****              ((UART_TXSTATUS_REG & UART_TX_STS_FIFO_FULL) == 0u))
 215:.\Generated_Source\PSoC5/UART_INT.c ****         {
 216:.\Generated_Source\PSoC5/UART_INT.c ****             /* Check pointer wrap around */
 217:.\Generated_Source\PSoC5/UART_INT.c ****             if(UART_txBufferRead >= UART_TX_BUFFER_SIZE)
 226              		.loc 1 217 0
 227 0006 144B     		ldr	r3, .L20
 228 0008 1B78     		ldrb	r3, [r3]
 229 000a DBB2     		uxtb	r3, r3
 230 000c 072B     		cmp	r3, #7
 231 000e 02D9     		bls	.L17
 218:.\Generated_Source\PSoC5/UART_INT.c ****             {
 219:.\Generated_Source\PSoC5/UART_INT.c ****                 UART_txBufferRead = 0u;
 232              		.loc 1 219 0
 233 0010 114B     		ldr	r3, .L20
 234 0012 0022     		movs	r2, #0
 235 0014 1A70     		strb	r2, [r3]
ARM GAS  C:\Users\Eih3\AppData\Local\Temp\ccBU6MkC.s 			page 9


 236              	.L17:
 220:.\Generated_Source\PSoC5/UART_INT.c ****             }
 221:.\Generated_Source\PSoC5/UART_INT.c **** 
 222:.\Generated_Source\PSoC5/UART_INT.c ****             UART_TXDATA_REG = UART_txBuffer[UART_txBufferRead];
 237              		.loc 1 222 0
 238 0016 114B     		ldr	r3, .L20+4
 239 0018 0F4A     		ldr	r2, .L20
 240 001a 1278     		ldrb	r2, [r2]
 241 001c D2B2     		uxtb	r2, r2
 242 001e 1049     		ldr	r1, .L20+8
 243 0020 8A5C     		ldrb	r2, [r1, r2]
 244 0022 D2B2     		uxtb	r2, r2
 245 0024 1A70     		strb	r2, [r3]
 223:.\Generated_Source\PSoC5/UART_INT.c **** 
 224:.\Generated_Source\PSoC5/UART_INT.c ****             /* Set next pointer */
 225:.\Generated_Source\PSoC5/UART_INT.c ****             UART_txBufferRead++;
 246              		.loc 1 225 0
 247 0026 0C4B     		ldr	r3, .L20
 248 0028 1B78     		ldrb	r3, [r3]
 249 002a DBB2     		uxtb	r3, r3
 250 002c 0133     		adds	r3, r3, #1
 251 002e DAB2     		uxtb	r2, r3
 252 0030 094B     		ldr	r3, .L20
 253 0032 1A70     		strb	r2, [r3]
 254              	.L16:
 213:.\Generated_Source\PSoC5/UART_INT.c ****         while((UART_txBufferRead != UART_txBufferWrite) &&
 255              		.loc 1 213 0 discriminator 1
 256 0034 084B     		ldr	r3, .L20
 257 0036 1B78     		ldrb	r3, [r3]
 258 0038 DAB2     		uxtb	r2, r3
 259 003a 0A4B     		ldr	r3, .L20+12
 260 003c 1B78     		ldrb	r3, [r3]	@ zero_extendqisi2
 261 003e 9A42     		cmp	r2, r3
 262 0040 06D0     		beq	.L15
 214:.\Generated_Source\PSoC5/UART_INT.c ****              ((UART_TXSTATUS_REG & UART_TX_STS_FIFO_FULL) == 0u))
 263              		.loc 1 214 0 discriminator 2
 264 0042 094B     		ldr	r3, .L20+16
 265 0044 1B78     		ldrb	r3, [r3]
 266 0046 DBB2     		uxtb	r3, r3
 267 0048 03F00403 		and	r3, r3, #4
 213:.\Generated_Source\PSoC5/UART_INT.c ****         while((UART_txBufferRead != UART_txBufferWrite) &&
 268              		.loc 1 213 0 discriminator 2
 269 004c 002B     		cmp	r3, #0
 270 004e DAD0     		beq	.L19
 271              	.L15:
 226:.\Generated_Source\PSoC5/UART_INT.c ****         }
 227:.\Generated_Source\PSoC5/UART_INT.c **** 
 228:.\Generated_Source\PSoC5/UART_INT.c ****         /* User code required at end of ISR (Optional) */
 229:.\Generated_Source\PSoC5/UART_INT.c ****         /* `#START UART_TXISR_END` */
 230:.\Generated_Source\PSoC5/UART_INT.c **** 
 231:.\Generated_Source\PSoC5/UART_INT.c ****         /* `#END` */
 232:.\Generated_Source\PSoC5/UART_INT.c **** 
 233:.\Generated_Source\PSoC5/UART_INT.c ****     #if(CY_PSOC3)
 234:.\Generated_Source\PSoC5/UART_INT.c ****         EA = int_en;
 235:.\Generated_Source\PSoC5/UART_INT.c ****     #endif /* (CY_PSOC3) */
 236:.\Generated_Source\PSoC5/UART_INT.c ****     }
 272              		.loc 1 236 0
ARM GAS  C:\Users\Eih3\AppData\Local\Temp\ccBU6MkC.s 			page 10


 273 0050 BD46     		mov	sp, r7
 274              		@ sp needed
 275 0052 5DF8047B 		ldr	r7, [sp], #4
 276 0056 7047     		bx	lr
 277              	.L21:
 278              		.align	2
 279              	.L20:
 280 0058 00000000 		.word	UART_txBufferRead
 281 005c 42640040 		.word	1073767490
 282 0060 00000000 		.word	UART_txBuffer
 283 0064 00000000 		.word	UART_txBufferWrite
 284 0068 65640040 		.word	1073767525
 285              		.cfi_endproc
 286              	.LFE1:
 287              		.size	UART_TXISR, .-UART_TXISR
 288              		.text
 289              	.Letext0:
 290              		.file 2 ".\\Generated_Source\\PSoC5\\cytypes.h"
 291              		.file 3 ".\\Generated_Source\\PSoC5\\UART.h"
 292              		.section	.debug_info,"",%progbits
 293              	.Ldebug_info0:
 294 0000 81010000 		.4byte	0x181
 295 0004 0400     		.2byte	0x4
 296 0006 00000000 		.4byte	.Ldebug_abbrev0
 297 000a 04       		.byte	0x4
 298 000b 01       		.uleb128 0x1
 299 000c 73010000 		.4byte	.LASF28
 300 0010 01       		.byte	0x1
 301 0011 25000000 		.4byte	.LASF29
 302 0015 F6000000 		.4byte	.LASF30
 303 0019 00000000 		.4byte	.Ldebug_ranges0+0
 304 001d 00000000 		.4byte	0
 305 0021 00000000 		.4byte	.Ldebug_line0
 306 0025 02       		.uleb128 0x2
 307 0026 01       		.byte	0x1
 308 0027 06       		.byte	0x6
 309 0028 78020000 		.4byte	.LASF0
 310 002c 02       		.uleb128 0x2
 311 002d 01       		.byte	0x1
 312 002e 08       		.byte	0x8
 313 002f 7B000000 		.4byte	.LASF1
 314 0033 02       		.uleb128 0x2
 315 0034 02       		.byte	0x2
 316 0035 05       		.byte	0x5
 317 0036 3B020000 		.4byte	.LASF2
 318 003a 02       		.uleb128 0x2
 319 003b 02       		.byte	0x2
 320 003c 07       		.byte	0x7
 321 003d 57000000 		.4byte	.LASF3
 322 0041 02       		.uleb128 0x2
 323 0042 04       		.byte	0x4
 324 0043 05       		.byte	0x5
 325 0044 58020000 		.4byte	.LASF4
 326 0048 02       		.uleb128 0x2
 327 0049 04       		.byte	0x4
 328 004a 07       		.byte	0x7
 329 004b 8E000000 		.4byte	.LASF5
ARM GAS  C:\Users\Eih3\AppData\Local\Temp\ccBU6MkC.s 			page 11


 330 004f 02       		.uleb128 0x2
 331 0050 08       		.byte	0x8
 332 0051 05       		.byte	0x5
 333 0052 F8010000 		.4byte	.LASF6
 334 0056 02       		.uleb128 0x2
 335 0057 08       		.byte	0x8
 336 0058 07       		.byte	0x7
 337 0059 46010000 		.4byte	.LASF7
 338 005d 03       		.uleb128 0x3
 339 005e 04       		.byte	0x4
 340 005f 05       		.byte	0x5
 341 0060 696E7400 		.ascii	"int\000"
 342 0064 02       		.uleb128 0x2
 343 0065 04       		.byte	0x4
 344 0066 07       		.byte	0x7
 345 0067 39010000 		.4byte	.LASF8
 346 006b 04       		.uleb128 0x4
 347 006c A0000000 		.4byte	.LASF12
 348 0070 02       		.byte	0x2
 349 0071 A1       		.byte	0xa1
 350 0072 2C000000 		.4byte	0x2c
 351 0076 02       		.uleb128 0x2
 352 0077 04       		.byte	0x4
 353 0078 04       		.byte	0x4
 354 0079 75000000 		.4byte	.LASF9
 355 007d 02       		.uleb128 0x2
 356 007e 08       		.byte	0x8
 357 007f 04       		.byte	0x4
 358 0080 CB000000 		.4byte	.LASF10
 359 0084 02       		.uleb128 0x2
 360 0085 01       		.byte	0x1
 361 0086 08       		.byte	0x8
 362 0087 61020000 		.4byte	.LASF11
 363 008b 05       		.uleb128 0x5
 364 008c 89000000 		.4byte	.LASF13
 365 0090 02       		.byte	0x2
 366 0091 4B01     		.2byte	0x14b
 367 0093 97000000 		.4byte	0x97
 368 0097 06       		.uleb128 0x6
 369 0098 6B000000 		.4byte	0x6b
 370 009c 02       		.uleb128 0x2
 371 009d 04       		.byte	0x4
 372 009e 07       		.byte	0x7
 373 009f EF010000 		.4byte	.LASF14
 374 00a3 07       		.uleb128 0x7
 375 00a4 6A000000 		.4byte	.LASF31
 376 00a8 01       		.byte	0x1
 377 00a9 3C       		.byte	0x3c
 378 00aa 00000000 		.4byte	.LFB0
 379 00ae 18010000 		.4byte	.LFE0-.LFB0
 380 00b2 01       		.uleb128 0x1
 381 00b3 9C       		.byte	0x9c
 382 00b4 D5000000 		.4byte	0xd5
 383 00b8 08       		.uleb128 0x8
 384 00b9 84020000 		.4byte	.LASF15
 385 00bd 01       		.byte	0x1
 386 00be 3E       		.byte	0x3e
ARM GAS  C:\Users\Eih3\AppData\Local\Temp\ccBU6MkC.s 			page 12


 387 00bf 6B000000 		.4byte	0x6b
 388 00c3 02       		.uleb128 0x2
 389 00c4 91       		.byte	0x91
 390 00c5 77       		.sleb128 -9
 391 00c6 08       		.uleb128 0x8
 392 00c7 11020000 		.4byte	.LASF16
 393 00cb 01       		.byte	0x1
 394 00cc 3F       		.byte	0x3f
 395 00cd 6B000000 		.4byte	0x6b
 396 00d1 02       		.uleb128 0x2
 397 00d2 91       		.byte	0x91
 398 00d3 76       		.sleb128 -10
 399 00d4 00       		.byte	0
 400 00d5 09       		.uleb128 0x9
 401 00d6 06020000 		.4byte	.LASF32
 402 00da 01       		.byte	0x1
 403 00db C5       		.byte	0xc5
 404 00dc 00000000 		.4byte	.LFB1
 405 00e0 6C000000 		.4byte	.LFE1-.LFB1
 406 00e4 01       		.uleb128 0x1
 407 00e5 9C       		.byte	0x9c
 408 00e6 0A       		.uleb128 0xa
 409 00e7 6B000000 		.4byte	0x6b
 410 00eb F6000000 		.4byte	0xf6
 411 00ef 0B       		.uleb128 0xb
 412 00f0 9C000000 		.4byte	0x9c
 413 00f4 07       		.byte	0x7
 414 00f5 00       		.byte	0
 415 00f6 0C       		.uleb128 0xc
 416 00f7 49000000 		.4byte	.LASF17
 417 00fb 03       		.byte	0x3
 418 00fc 3801     		.2byte	0x138
 419 00fe 02010000 		.4byte	0x102
 420 0102 06       		.uleb128 0x6
 421 0103 E6000000 		.4byte	0xe6
 422 0107 0C       		.uleb128 0xc
 423 0108 66020000 		.4byte	.LASF18
 424 010c 03       		.byte	0x3
 425 010d 3901     		.2byte	0x139
 426 010f 97000000 		.4byte	0x97
 427 0113 0C       		.uleb128 0xc
 428 0114 45020000 		.4byte	.LASF19
 429 0118 03       		.byte	0x3
 430 0119 3A01     		.2byte	0x13a
 431 011b 6B000000 		.4byte	0x6b
 432 011f 0C       		.uleb128 0xc
 433 0120 D2000000 		.4byte	.LASF20
 434 0124 03       		.byte	0x3
 435 0125 3D01     		.2byte	0x13d
 436 0127 6B000000 		.4byte	0x6b
 437 012b 0C       		.uleb128 0xc
 438 012c A6000000 		.4byte	.LASF21
 439 0130 03       		.byte	0x3
 440 0131 3E01     		.2byte	0x13e
 441 0133 37010000 		.4byte	0x137
 442 0137 06       		.uleb128 0x6
 443 0138 E6000000 		.4byte	0xe6
ARM GAS  C:\Users\Eih3\AppData\Local\Temp\ccBU6MkC.s 			page 13


 444 013c 0C       		.uleb128 0xc
 445 013d 00000000 		.4byte	.LASF22
 446 0141 03       		.byte	0x3
 447 0142 3F01     		.2byte	0x13f
 448 0144 97000000 		.4byte	0x97
 449 0148 0C       		.uleb128 0xc
 450 0149 E3000000 		.4byte	.LASF23
 451 014d 03       		.byte	0x3
 452 014e 4001     		.2byte	0x140
 453 0150 97000000 		.4byte	0x97
 454 0154 0C       		.uleb128 0xc
 455 0155 23020000 		.4byte	.LASF24
 456 0159 03       		.byte	0x3
 457 015a 4101     		.2byte	0x141
 458 015c 97000000 		.4byte	0x97
 459 0160 0C       		.uleb128 0xc
 460 0161 5D010000 		.4byte	.LASF25
 461 0165 03       		.byte	0x3
 462 0166 4201     		.2byte	0x142
 463 0168 97000000 		.4byte	0x97
 464 016c 0C       		.uleb128 0xc
 465 016d 12000000 		.4byte	.LASF26
 466 0171 03       		.byte	0x3
 467 0172 4401     		.2byte	0x144
 468 0174 97000000 		.4byte	0x97
 469 0178 0C       		.uleb128 0xc
 470 0179 B4000000 		.4byte	.LASF27
 471 017d 03       		.byte	0x3
 472 017e 4501     		.2byte	0x145
 473 0180 97000000 		.4byte	0x97
 474 0184 00       		.byte	0
 475              		.section	.debug_abbrev,"",%progbits
 476              	.Ldebug_abbrev0:
 477 0000 01       		.uleb128 0x1
 478 0001 11       		.uleb128 0x11
 479 0002 01       		.byte	0x1
 480 0003 25       		.uleb128 0x25
 481 0004 0E       		.uleb128 0xe
 482 0005 13       		.uleb128 0x13
 483 0006 0B       		.uleb128 0xb
 484 0007 03       		.uleb128 0x3
 485 0008 0E       		.uleb128 0xe
 486 0009 1B       		.uleb128 0x1b
 487 000a 0E       		.uleb128 0xe
 488 000b 55       		.uleb128 0x55
 489 000c 17       		.uleb128 0x17
 490 000d 11       		.uleb128 0x11
 491 000e 01       		.uleb128 0x1
 492 000f 10       		.uleb128 0x10
 493 0010 17       		.uleb128 0x17
 494 0011 00       		.byte	0
 495 0012 00       		.byte	0
 496 0013 02       		.uleb128 0x2
 497 0014 24       		.uleb128 0x24
 498 0015 00       		.byte	0
 499 0016 0B       		.uleb128 0xb
 500 0017 0B       		.uleb128 0xb
ARM GAS  C:\Users\Eih3\AppData\Local\Temp\ccBU6MkC.s 			page 14


 501 0018 3E       		.uleb128 0x3e
 502 0019 0B       		.uleb128 0xb
 503 001a 03       		.uleb128 0x3
 504 001b 0E       		.uleb128 0xe
 505 001c 00       		.byte	0
 506 001d 00       		.byte	0
 507 001e 03       		.uleb128 0x3
 508 001f 24       		.uleb128 0x24
 509 0020 00       		.byte	0
 510 0021 0B       		.uleb128 0xb
 511 0022 0B       		.uleb128 0xb
 512 0023 3E       		.uleb128 0x3e
 513 0024 0B       		.uleb128 0xb
 514 0025 03       		.uleb128 0x3
 515 0026 08       		.uleb128 0x8
 516 0027 00       		.byte	0
 517 0028 00       		.byte	0
 518 0029 04       		.uleb128 0x4
 519 002a 16       		.uleb128 0x16
 520 002b 00       		.byte	0
 521 002c 03       		.uleb128 0x3
 522 002d 0E       		.uleb128 0xe
 523 002e 3A       		.uleb128 0x3a
 524 002f 0B       		.uleb128 0xb
 525 0030 3B       		.uleb128 0x3b
 526 0031 0B       		.uleb128 0xb
 527 0032 49       		.uleb128 0x49
 528 0033 13       		.uleb128 0x13
 529 0034 00       		.byte	0
 530 0035 00       		.byte	0
 531 0036 05       		.uleb128 0x5
 532 0037 16       		.uleb128 0x16
 533 0038 00       		.byte	0
 534 0039 03       		.uleb128 0x3
 535 003a 0E       		.uleb128 0xe
 536 003b 3A       		.uleb128 0x3a
 537 003c 0B       		.uleb128 0xb
 538 003d 3B       		.uleb128 0x3b
 539 003e 05       		.uleb128 0x5
 540 003f 49       		.uleb128 0x49
 541 0040 13       		.uleb128 0x13
 542 0041 00       		.byte	0
 543 0042 00       		.byte	0
 544 0043 06       		.uleb128 0x6
 545 0044 35       		.uleb128 0x35
 546 0045 00       		.byte	0
 547 0046 49       		.uleb128 0x49
 548 0047 13       		.uleb128 0x13
 549 0048 00       		.byte	0
 550 0049 00       		.byte	0
 551 004a 07       		.uleb128 0x7
 552 004b 2E       		.uleb128 0x2e
 553 004c 01       		.byte	0x1
 554 004d 3F       		.uleb128 0x3f
 555 004e 19       		.uleb128 0x19
 556 004f 03       		.uleb128 0x3
 557 0050 0E       		.uleb128 0xe
ARM GAS  C:\Users\Eih3\AppData\Local\Temp\ccBU6MkC.s 			page 15


 558 0051 3A       		.uleb128 0x3a
 559 0052 0B       		.uleb128 0xb
 560 0053 3B       		.uleb128 0x3b
 561 0054 0B       		.uleb128 0xb
 562 0055 27       		.uleb128 0x27
 563 0056 19       		.uleb128 0x19
 564 0057 11       		.uleb128 0x11
 565 0058 01       		.uleb128 0x1
 566 0059 12       		.uleb128 0x12
 567 005a 06       		.uleb128 0x6
 568 005b 40       		.uleb128 0x40
 569 005c 18       		.uleb128 0x18
 570 005d 9742     		.uleb128 0x2117
 571 005f 19       		.uleb128 0x19
 572 0060 01       		.uleb128 0x1
 573 0061 13       		.uleb128 0x13
 574 0062 00       		.byte	0
 575 0063 00       		.byte	0
 576 0064 08       		.uleb128 0x8
 577 0065 34       		.uleb128 0x34
 578 0066 00       		.byte	0
 579 0067 03       		.uleb128 0x3
 580 0068 0E       		.uleb128 0xe
 581 0069 3A       		.uleb128 0x3a
 582 006a 0B       		.uleb128 0xb
 583 006b 3B       		.uleb128 0x3b
 584 006c 0B       		.uleb128 0xb
 585 006d 49       		.uleb128 0x49
 586 006e 13       		.uleb128 0x13
 587 006f 02       		.uleb128 0x2
 588 0070 18       		.uleb128 0x18
 589 0071 00       		.byte	0
 590 0072 00       		.byte	0
 591 0073 09       		.uleb128 0x9
 592 0074 2E       		.uleb128 0x2e
 593 0075 00       		.byte	0
 594 0076 3F       		.uleb128 0x3f
 595 0077 19       		.uleb128 0x19
 596 0078 03       		.uleb128 0x3
 597 0079 0E       		.uleb128 0xe
 598 007a 3A       		.uleb128 0x3a
 599 007b 0B       		.uleb128 0xb
 600 007c 3B       		.uleb128 0x3b
 601 007d 0B       		.uleb128 0xb
 602 007e 27       		.uleb128 0x27
 603 007f 19       		.uleb128 0x19
 604 0080 11       		.uleb128 0x11
 605 0081 01       		.uleb128 0x1
 606 0082 12       		.uleb128 0x12
 607 0083 06       		.uleb128 0x6
 608 0084 40       		.uleb128 0x40
 609 0085 18       		.uleb128 0x18
 610 0086 9742     		.uleb128 0x2117
 611 0088 19       		.uleb128 0x19
 612 0089 00       		.byte	0
 613 008a 00       		.byte	0
 614 008b 0A       		.uleb128 0xa
ARM GAS  C:\Users\Eih3\AppData\Local\Temp\ccBU6MkC.s 			page 16


 615 008c 01       		.uleb128 0x1
 616 008d 01       		.byte	0x1
 617 008e 49       		.uleb128 0x49
 618 008f 13       		.uleb128 0x13
 619 0090 01       		.uleb128 0x1
 620 0091 13       		.uleb128 0x13
 621 0092 00       		.byte	0
 622 0093 00       		.byte	0
 623 0094 0B       		.uleb128 0xb
 624 0095 21       		.uleb128 0x21
 625 0096 00       		.byte	0
 626 0097 49       		.uleb128 0x49
 627 0098 13       		.uleb128 0x13
 628 0099 2F       		.uleb128 0x2f
 629 009a 0B       		.uleb128 0xb
 630 009b 00       		.byte	0
 631 009c 00       		.byte	0
 632 009d 0C       		.uleb128 0xc
 633 009e 34       		.uleb128 0x34
 634 009f 00       		.byte	0
 635 00a0 03       		.uleb128 0x3
 636 00a1 0E       		.uleb128 0xe
 637 00a2 3A       		.uleb128 0x3a
 638 00a3 0B       		.uleb128 0xb
 639 00a4 3B       		.uleb128 0x3b
 640 00a5 05       		.uleb128 0x5
 641 00a6 49       		.uleb128 0x49
 642 00a7 13       		.uleb128 0x13
 643 00a8 3F       		.uleb128 0x3f
 644 00a9 19       		.uleb128 0x19
 645 00aa 3C       		.uleb128 0x3c
 646 00ab 19       		.uleb128 0x19
 647 00ac 00       		.byte	0
 648 00ad 00       		.byte	0
 649 00ae 00       		.byte	0
 650              		.section	.debug_aranges,"",%progbits
 651 0000 24000000 		.4byte	0x24
 652 0004 0200     		.2byte	0x2
 653 0006 00000000 		.4byte	.Ldebug_info0
 654 000a 04       		.byte	0x4
 655 000b 00       		.byte	0
 656 000c 0000     		.2byte	0
 657 000e 0000     		.2byte	0
 658 0010 00000000 		.4byte	.LFB0
 659 0014 18010000 		.4byte	.LFE0-.LFB0
 660 0018 00000000 		.4byte	.LFB1
 661 001c 6C000000 		.4byte	.LFE1-.LFB1
 662 0020 00000000 		.4byte	0
 663 0024 00000000 		.4byte	0
 664              		.section	.debug_ranges,"",%progbits
 665              	.Ldebug_ranges0:
 666 0000 00000000 		.4byte	.LFB0
 667 0004 18010000 		.4byte	.LFE0
 668 0008 00000000 		.4byte	.LFB1
 669 000c 6C000000 		.4byte	.LFE1
 670 0010 00000000 		.4byte	0
 671 0014 00000000 		.4byte	0
ARM GAS  C:\Users\Eih3\AppData\Local\Temp\ccBU6MkC.s 			page 17


 672              		.section	.debug_line,"",%progbits
 673              	.Ldebug_line0:
 674 0000 BD000000 		.section	.debug_str,"MS",%progbits,1
 674      02005100 
 674      00000201 
 674      FB0E0D00 
 674      01010101 
 675              	.LASF22:
 676 0000 55415254 		.ascii	"UART_rxBufferRead\000"
 676      5F727842 
 676      75666665 
 676      72526561 
 676      6400
 677              	.LASF26:
 678 0012 55415254 		.ascii	"UART_rxAddressMode\000"
 678      5F727841 
 678      64647265 
 678      73734D6F 
 678      646500
 679              	.LASF29:
 680 0025 2E5C4765 		.ascii	".\\Generated_Source\\PSoC5\\UART_INT.c\000"
 680      6E657261 
 680      7465645F 
 680      536F7572 
 680      63655C50 
 681              	.LASF17:
 682 0049 55415254 		.ascii	"UART_txBuffer\000"
 682      5F747842 
 682      75666665 
 682      7200
 683              	.LASF3:
 684 0057 73686F72 		.ascii	"short unsigned int\000"
 684      7420756E 
 684      7369676E 
 684      65642069 
 684      6E7400
 685              	.LASF31:
 686 006a 55415254 		.ascii	"UART_RXISR\000"
 686      5F525849 
 686      535200
 687              	.LASF9:
 688 0075 666C6F61 		.ascii	"float\000"
 688      7400
 689              	.LASF1:
 690 007b 756E7369 		.ascii	"unsigned char\000"
 690      676E6564 
 690      20636861 
 690      7200
 691              	.LASF13:
 692 0089 72656738 		.ascii	"reg8\000"
 692      00
 693              	.LASF5:
 694 008e 6C6F6E67 		.ascii	"long unsigned int\000"
 694      20756E73 
 694      69676E65 
 694      6420696E 
 694      7400
ARM GAS  C:\Users\Eih3\AppData\Local\Temp\ccBU6MkC.s 			page 18


 695              	.LASF12:
 696 00a0 75696E74 		.ascii	"uint8\000"
 696      3800
 697              	.LASF21:
 698 00a6 55415254 		.ascii	"UART_rxBuffer\000"
 698      5F727842 
 698      75666665 
 698      7200
 699              	.LASF27:
 700 00b4 55415254 		.ascii	"UART_rxAddressDetected\000"
 700      5F727841 
 700      64647265 
 700      73734465 
 700      74656374 
 701              	.LASF10:
 702 00cb 646F7562 		.ascii	"double\000"
 702      6C6500
 703              	.LASF20:
 704 00d2 55415254 		.ascii	"UART_errorStatus\000"
 704      5F657272 
 704      6F725374 
 704      61747573 
 704      00
 705              	.LASF23:
 706 00e3 55415254 		.ascii	"UART_rxBufferWrite\000"
 706      5F727842 
 706      75666665 
 706      72577269 
 706      746500
 707              	.LASF30:
 708 00f6 443A5C45 		.ascii	"D:\\Eih3Cloud\\Projet Programme\\Module HF Client\\"
 708      69683343 
 708      6C6F7564 
 708      5C50726F 
 708      6A657420 
 709 0125 4D6F6475 		.ascii	"Module HF STA.cydsn\000"
 709      6C652048 
 709      46205354 
 709      412E6379 
 709      64736E00 
 710              	.LASF8:
 711 0139 756E7369 		.ascii	"unsigned int\000"
 711      676E6564 
 711      20696E74 
 711      00
 712              	.LASF7:
 713 0146 6C6F6E67 		.ascii	"long long unsigned int\000"
 713      206C6F6E 
 713      6720756E 
 713      7369676E 
 713      65642069 
 714              	.LASF25:
 715 015d 55415254 		.ascii	"UART_rxBufferOverflow\000"
 715      5F727842 
 715      75666665 
 715      724F7665 
 715      72666C6F 
ARM GAS  C:\Users\Eih3\AppData\Local\Temp\ccBU6MkC.s 			page 19


 716              	.LASF28:
 717 0173 474E5520 		.ascii	"GNU C 4.8.4 20140526 (release) [ARM/embedded-4_8-br"
 717      4320342E 
 717      382E3420 
 717      32303134 
 717      30353236 
 718 01a6 616E6368 		.ascii	"anch revision 211358] -mcpu=cortex-m3 -mthumb -g -O"
 718      20726576 
 718      6973696F 
 718      6E203231 
 718      31333538 
 719 01d9 30202D66 		.ascii	"0 -ffunction-sections\000"
 719      66756E63 
 719      74696F6E 
 719      2D736563 
 719      74696F6E 
 720              	.LASF14:
 721 01ef 73697A65 		.ascii	"sizetype\000"
 721      74797065 
 721      00
 722              	.LASF6:
 723 01f8 6C6F6E67 		.ascii	"long long int\000"
 723      206C6F6E 
 723      6720696E 
 723      7400
 724              	.LASF32:
 725 0206 55415254 		.ascii	"UART_TXISR\000"
 725      5F545849 
 725      535200
 726              	.LASF16:
 727 0211 696E6372 		.ascii	"increment_pointer\000"
 727      656D656E 
 727      745F706F 
 727      696E7465 
 727      7200
 728              	.LASF24:
 729 0223 55415254 		.ascii	"UART_rxBufferLoopDetect\000"
 729      5F727842 
 729      75666665 
 729      724C6F6F 
 729      70446574 
 730              	.LASF2:
 731 023b 73686F72 		.ascii	"short int\000"
 731      7420696E 
 731      7400
 732              	.LASF19:
 733 0245 55415254 		.ascii	"UART_txBufferWrite\000"
 733      5F747842 
 733      75666665 
 733      72577269 
 733      746500
 734              	.LASF4:
 735 0258 6C6F6E67 		.ascii	"long int\000"
 735      20696E74 
 735      00
 736              	.LASF11:
 737 0261 63686172 		.ascii	"char\000"
ARM GAS  C:\Users\Eih3\AppData\Local\Temp\ccBU6MkC.s 			page 20


 737      00
 738              	.LASF18:
 739 0266 55415254 		.ascii	"UART_txBufferRead\000"
 739      5F747842 
 739      75666665 
 739      72526561 
 739      6400
 740              	.LASF0:
 741 0278 7369676E 		.ascii	"signed char\000"
 741      65642063 
 741      68617200 
 742              	.LASF15:
 743 0284 72656164 		.ascii	"readData\000"
 743      44617461 
 743      00
 744              		.ident	"GCC: (GNU Tools for ARM Embedded Processors) 4.8.4 20140526 (release) [ARM/embedded-4_8-br
