Archive member included because of file (symbol)

.\CortexM3\ARM_GCC_484\Release\Module HF.a(cyfitter_cfg.o)
                              .\CortexM3\ARM_GCC_484\Release\Cm3Start.o (cyfitter_cfg)
.\CortexM3\ARM_GCC_484\Release\Module HF.a(I2C.o)
                              .\CortexM3\ARM_GCC_484\Release\EEPROM.o (I2C_Start)
.\CortexM3\ARM_GCC_484\Release\Module HF.a(I2C_INT.o)
                              .\CortexM3\ARM_GCC_484\Release\Module HF.a(I2C.o) (I2C_ISR)
.\CortexM3\ARM_GCC_484\Release\Module HF.a(I2C_PM.o)
                              .\CortexM3\ARM_GCC_484\Release\Module HF.a(I2C.o) (I2C_backup)
.\CortexM3\ARM_GCC_484\Release\Module HF.a(I2C_MASTER.o)
                              .\CortexM3\ARM_GCC_484\Release\EEPROM.o (I2C_MasterWriteBuf)
.\CortexM3\ARM_GCC_484\Release\Module HF.a(LCD.o)
                              .\CortexM3\ARM_GCC_484\Release\Application.o (LCD_PrintString)
.\CortexM3\ARM_GCC_484\Release\Module HF.a(CyBootAsmGnu.o)
                              .\CortexM3\ARM_GCC_484\Release\Module HF.a(cyfitter_cfg.o) (CyDelayCycles)
.\CortexM3\ARM_GCC_484\Release\Module HF.a(CyLib.o)
                              .\CortexM3\ARM_GCC_484\Release\EEPROM.o (CyDelay)
.\CortexM3\ARM_GCC_484\Release\Module HF.a(cyPm.o)
                              .\CortexM3\ARM_GCC_484\Release\Module HF.a(CyLib.o) (CyPmReadStatus)
.\CortexM3\ARM_GCC_484\Release\Module HF.a(UART.o)
                              .\CortexM3\ARM_GCC_484\Release\Application.o (UART_Start)
.\CortexM3\ARM_GCC_484\Release\Module HF.a(Rx_Int.o)
                              .\CortexM3\ARM_GCC_484\Release\Interruptions.o (Rx_Int_Start)
.\CortexM3\ARM_GCC_484\Release\Module HF.a(UART_IntClock.o)
                              .\CortexM3\ARM_GCC_484\Release\Module HF.a(UART.o) (UART_IntClock_Start)
.\CortexM3\ARM_GCC_484\Release\Module HF.a(SW2.o)
                              .\CortexM3\ARM_GCC_484\Release\Application.o (SW2_Read)
.\CortexM3\ARM_GCC_484\Release\Module HF.a(SW3.o)
                              .\CortexM3\ARM_GCC_484\Release\Application.o (SW3_Read)
.\CortexM3\ARM_GCC_484\Release\Module HF.a(CyFlash.o)
                              .\CortexM3\ARM_GCC_484\Release\Module HF.a(cyPm.o) (CyFlash_SetWaitCycles)
.\CortexM3\ARM_GCC_484\Release\Module HF.a(CySpc.o)
                              .\CortexM3\ARM_GCC_484\Release\Module HF.a(CyFlash.o) (CySpcStart)
c:/program files (x86)/cypress/psoc creator/3.1/psoc creator/import/gnu_cs/arm/4.8.4/bin/../lib/gcc/arm-none-eabi/4.8.4/../../../../arm-none-eabi/lib/armv7-m\libg_s.a(lib_a-errno.o)
                              .\CortexM3\ARM_GCC_484\Release\Cm3Start.o (__errno)
c:/program files (x86)/cypress/psoc creator/3.1/psoc creator/import/gnu_cs/arm/4.8.4/bin/../lib/gcc/arm-none-eabi/4.8.4/../../../../arm-none-eabi/lib/armv7-m\libg_s.a(lib_a-exit.o)
                              c:/program files (x86)/cypress/psoc creator/3.1/psoc creator/import/gnu_cs/arm/4.8.4/bin/../lib/gcc/arm-none-eabi/4.8.4/../../../../arm-none-eabi/lib/armv7-m/crt0.o (exit)
c:/program files (x86)/cypress/psoc creator/3.1/psoc creator/import/gnu_cs/arm/4.8.4/bin/../lib/gcc/arm-none-eabi/4.8.4/../../../../arm-none-eabi/lib/armv7-m\libg_s.a(lib_a-impure.o)
                              c:/program files (x86)/cypress/psoc creator/3.1/psoc creator/import/gnu_cs/arm/4.8.4/bin/../lib/gcc/arm-none-eabi/4.8.4/../../../../arm-none-eabi/lib/armv7-m\libg_s.a(lib_a-exit.o) (_global_impure_ptr)
c:/program files (x86)/cypress/psoc creator/3.1/psoc creator/import/gnu_cs/arm/4.8.4/bin/../lib/gcc/arm-none-eabi/4.8.4/../../../../arm-none-eabi/lib/armv7-m\libg_s.a(lib_a-init.o)
                              c:/program files (x86)/cypress/psoc creator/3.1/psoc creator/import/gnu_cs/arm/4.8.4/bin/../lib/gcc/arm-none-eabi/4.8.4/../../../../arm-none-eabi/lib/armv7-m/crt0.o (__libc_init_array)
c:/program files (x86)/cypress/psoc creator/3.1/psoc creator/import/gnu_cs/arm/4.8.4/bin/../lib/gcc/arm-none-eabi/4.8.4/../../../../arm-none-eabi/lib/armv7-m\libg_s.a(lib_a-memcpy-stub.o)
                              .\CortexM3\ARM_GCC_484\Release\Module HF.a(cyfitter_cfg.o) (memcpy)
c:/program files (x86)/cypress/psoc creator/3.1/psoc creator/import/gnu_cs/arm/4.8.4/bin/../lib/gcc/arm-none-eabi/4.8.4/../../../../arm-none-eabi/lib/armv7-m\libg_s.a(lib_a-memset.o)
                              c:/program files (x86)/cypress/psoc creator/3.1/psoc creator/import/gnu_cs/arm/4.8.4/bin/../lib/gcc/arm-none-eabi/4.8.4/../../../../arm-none-eabi/lib/armv7-m/crt0.o (memset)

Allocating common symbols
Common symbol       size              file

ConfigEnd           0x1               .\CortexM3\ARM_GCC_484\Release\Application.o
Linked              0x1               .\CortexM3\ARM_GCC_484\Release\Application.o
writeData           0xfe              .\CortexM3\ARM_GCC_484\Release\Application.o
command             0x1               .\CortexM3\ARM_GCC_484\Release\WIFI.o
I2C_state           0x1               .\CortexM3\ARM_GCC_484\Release\Module HF.a(I2C.o)
I2C_mstrWrBufIndex  0x1               .\CortexM3\ARM_GCC_484\Release\Module HF.a(I2C_MASTER.o)
i                   0x1               .\CortexM3\ARM_GCC_484\Release\main.o
I2C_mstrWrBufSize   0x1               .\CortexM3\ARM_GCC_484\Release\Module HF.a(I2C_MASTER.o)
I2C_mstrStatus      0x1               .\CortexM3\ARM_GCC_484\Release\Module HF.a(I2C_MASTER.o)
I2C_mstrRdBufPtr    0x4               .\CortexM3\ARM_GCC_484\Release\Module HF.a(I2C_MASTER.o)
I2C_mstrControl     0x1               .\CortexM3\ARM_GCC_484\Release\Module HF.a(I2C_MASTER.o)
I2C_mstrRdBufSize   0x1               .\CortexM3\ARM_GCC_484\Release\Module HF.a(I2C_MASTER.o)
I2C_mstrRdBufIndex  0x1               .\CortexM3\ARM_GCC_484\Release\Module HF.a(I2C_MASTER.o)
I2C_mstrWrBufPtr    0x4               .\CortexM3\ARM_GCC_484\Release\Module HF.a(I2C_MASTER.o)
readData            0xfe              .\CortexM3\ARM_GCC_484\Release\Application.o
dieTemperature      0x2               .\CortexM3\ARM_GCC_484\Release\Module HF.a(CyFlash.o)

Discarded input sections

 .text          0x00000000        0x0 c:/program files (x86)/cypress/psoc creator/3.1/psoc creator/import/gnu_cs/arm/4.8.4/bin/../lib/gcc/arm-none-eabi/4.8.4/armv7-m/crti.o
 .data          0x00000000        0x0 c:/program files (x86)/cypress/psoc creator/3.1/psoc creator/import/gnu_cs/arm/4.8.4/bin/../lib/gcc/arm-none-eabi/4.8.4/armv7-m/crti.o
 .bss           0x00000000        0x0 c:/program files (x86)/cypress/psoc creator/3.1/psoc creator/import/gnu_cs/arm/4.8.4/bin/../lib/gcc/arm-none-eabi/4.8.4/armv7-m/crti.o
 .data          0x00000000        0x4 c:/program files (x86)/cypress/psoc creator/3.1/psoc creator/import/gnu_cs/arm/4.8.4/bin/../lib/gcc/arm-none-eabi/4.8.4/armv7-m/crtbegin.o
 .text          0x00000000       0x74 c:/program files (x86)/cypress/psoc creator/3.1/psoc creator/import/gnu_cs/arm/4.8.4/bin/../lib/gcc/arm-none-eabi/4.8.4/../../../../arm-none-eabi/lib/armv7-m/crt0.o
 .data          0x00000000        0x0 c:/program files (x86)/cypress/psoc creator/3.1/psoc creator/import/gnu_cs/arm/4.8.4/bin/../lib/gcc/arm-none-eabi/4.8.4/../../../../arm-none-eabi/lib/armv7-m/crt0.o
 .bss           0x00000000        0x0 c:/program files (x86)/cypress/psoc creator/3.1/psoc creator/import/gnu_cs/arm/4.8.4/bin/../lib/gcc/arm-none-eabi/4.8.4/../../../../arm-none-eabi/lib/armv7-m/crt0.o
 .ARM.extab     0x00000000        0x0 c:/program files (x86)/cypress/psoc creator/3.1/psoc creator/import/gnu_cs/arm/4.8.4/bin/../lib/gcc/arm-none-eabi/4.8.4/../../../../arm-none-eabi/lib/armv7-m/crt0.o
 .ARM.exidx     0x00000000        0x8 c:/program files (x86)/cypress/psoc creator/3.1/psoc creator/import/gnu_cs/arm/4.8.4/bin/../lib/gcc/arm-none-eabi/4.8.4/../../../../arm-none-eabi/lib/armv7-m/crt0.o
 .text          0x00000000        0x0 .\CortexM3\ARM_GCC_484\Release\main.o
 .data          0x00000000        0x0 .\CortexM3\ARM_GCC_484\Release\main.o
 .bss           0x00000000        0x0 .\CortexM3\ARM_GCC_484\Release\main.o
 .text          0x00000000        0x0 .\CortexM3\ARM_GCC_484\Release\EEPROM.o
 .data          0x00000000        0x0 .\CortexM3\ARM_GCC_484\Release\EEPROM.o
 .bss           0x00000000        0x0 .\CortexM3\ARM_GCC_484\Release\EEPROM.o
 .text.EcritureEEPROM
                0x00000000       0x5c .\CortexM3\ARM_GCC_484\Release\EEPROM.o
 .text.LectureEEPROM
                0x00000000       0x70 .\CortexM3\ARM_GCC_484\Release\EEPROM.o
 .text          0x00000000        0x0 .\CortexM3\ARM_GCC_484\Release\Application.o
 .bss           0x00000000      0x100 .\CortexM3\ARM_GCC_484\Release\Application.o
 .text.fonctionTest
                0x00000000       0x5c .\CortexM3\ARM_GCC_484\Release\Application.o
 .text          0x00000000        0x0 .\CortexM3\ARM_GCC_484\Release\WIFI.o
 .bss           0x00000000        0x0 .\CortexM3\ARM_GCC_484\Release\WIFI.o
 COMMON         0x00000000        0x1 .\CortexM3\ARM_GCC_484\Release\WIFI.o
 .text          0x00000000        0x0 .\CortexM3\ARM_GCC_484\Release\Interruptions.o
 .data          0x00000000        0x0 .\CortexM3\ARM_GCC_484\Release\Interruptions.o
 .bss           0x00000000        0x0 .\CortexM3\ARM_GCC_484\Release\Interruptions.o
 .text          0x00000000        0x0 .\CortexM3\ARM_GCC_484\Release\cymetadata.o
 .data          0x00000000        0x0 .\CortexM3\ARM_GCC_484\Release\cymetadata.o
 .bss           0x00000000        0x0 .\CortexM3\ARM_GCC_484\Release\cymetadata.o
 .text          0x00000000        0x0 .\CortexM3\ARM_GCC_484\Release\Cm3Start.o
 .data          0x00000000        0x4 .\CortexM3\ARM_GCC_484\Release\Cm3Start.o
 .bss           0x00000000        0x0 .\CortexM3\ARM_GCC_484\Release\Cm3Start.o
 .text._exit    0x00000000        0x2 .\CortexM3\ARM_GCC_484\Release\Cm3Start.o
 .text._sbrk    0x00000000       0x2c .\CortexM3\ARM_GCC_484\Release\Cm3Start.o
 .text          0x00000000        0x0 .\CortexM3\ARM_GCC_484\Release\Module HF.a(cyfitter_cfg.o)
 .data          0x00000000        0x0 .\CortexM3\ARM_GCC_484\Release\Module HF.a(cyfitter_cfg.o)
 .bss           0x00000000        0x0 .\CortexM3\ARM_GCC_484\Release\Module HF.a(cyfitter_cfg.o)
 .text.SetAnalogRoutingPumps
                0x00000000       0x10 .\CortexM3\ARM_GCC_484\Release\Module HF.a(cyfitter_cfg.o)
 .text          0x00000000        0x0 .\CortexM3\ARM_GCC_484\Release\Module HF.a(I2C.o)
 .data          0x00000000        0x0 .\CortexM3\ARM_GCC_484\Release\Module HF.a(I2C.o)
 .text.I2C_Stop
                0x00000000       0xb4 .\CortexM3\ARM_GCC_484\Release\Module HF.a(I2C.o)
 .text          0x00000000        0x0 .\CortexM3\ARM_GCC_484\Release\Module HF.a(I2C_INT.o)
 .data          0x00000000        0x0 .\CortexM3\ARM_GCC_484\Release\Module HF.a(I2C_INT.o)
 .bss           0x00000000        0x0 .\CortexM3\ARM_GCC_484\Release\Module HF.a(I2C_INT.o)
 .text          0x00000000        0x0 .\CortexM3\ARM_GCC_484\Release\Module HF.a(I2C_PM.o)
 .data          0x00000000        0x6 .\CortexM3\ARM_GCC_484\Release\Module HF.a(I2C_PM.o)
 .bss           0x00000000        0x0 .\CortexM3\ARM_GCC_484\Release\Module HF.a(I2C_PM.o)
 .text.I2C_SaveConfig
                0x00000000       0x3c .\CortexM3\ARM_GCC_484\Release\Module HF.a(I2C_PM.o)
 .text.I2C_Sleep
                0x00000000       0x24 .\CortexM3\ARM_GCC_484\Release\Module HF.a(I2C_PM.o)
 .text.I2C_RestoreConfig
                0x00000000       0x54 .\CortexM3\ARM_GCC_484\Release\Module HF.a(I2C_PM.o)
 .text.I2C_Wakeup
                0x00000000       0x24 .\CortexM3\ARM_GCC_484\Release\Module HF.a(I2C_PM.o)
 .text          0x00000000        0x0 .\CortexM3\ARM_GCC_484\Release\Module HF.a(I2C_MASTER.o)
 .data          0x00000000        0x0 .\CortexM3\ARM_GCC_484\Release\Module HF.a(I2C_MASTER.o)
 .bss           0x00000000        0x0 .\CortexM3\ARM_GCC_484\Release\Module HF.a(I2C_MASTER.o)
 .text.I2C_MasterWriteBuf
                0x00000000       0xac .\CortexM3\ARM_GCC_484\Release\Module HF.a(I2C_MASTER.o)
 .text.I2C_MasterReadBuf
                0x00000000       0xb0 .\CortexM3\ARM_GCC_484\Release\Module HF.a(I2C_MASTER.o)
 .text.I2C_MasterSendStart
                0x00000000       0x70 .\CortexM3\ARM_GCC_484\Release\Module HF.a(I2C_MASTER.o)
 .text.I2C_MasterSendRestart
                0x00000000       0x60 .\CortexM3\ARM_GCC_484\Release\Module HF.a(I2C_MASTER.o)
 .text.I2C_MasterSendStop
                0x00000000       0x30 .\CortexM3\ARM_GCC_484\Release\Module HF.a(I2C_MASTER.o)
 .text.I2C_MasterWriteByte
                0x00000000       0x4c .\CortexM3\ARM_GCC_484\Release\Module HF.a(I2C_MASTER.o)
 .text.I2C_MasterReadByte
                0x00000000       0x50 .\CortexM3\ARM_GCC_484\Release\Module HF.a(I2C_MASTER.o)
 .text.I2C_MasterStatus
                0x00000000       0x30 .\CortexM3\ARM_GCC_484\Release\Module HF.a(I2C_MASTER.o)
 .text.I2C_MasterGetReadBufSize
                0x00000000        0xc .\CortexM3\ARM_GCC_484\Release\Module HF.a(I2C_MASTER.o)
 .text.I2C_MasterGetWriteBufSize
                0x00000000        0xc .\CortexM3\ARM_GCC_484\Release\Module HF.a(I2C_MASTER.o)
 .text.I2C_MasterClearReadBuf
                0x00000000       0x30 .\CortexM3\ARM_GCC_484\Release\Module HF.a(I2C_MASTER.o)
 .text.I2C_MasterClearWriteBuf
                0x00000000       0x30 .\CortexM3\ARM_GCC_484\Release\Module HF.a(I2C_MASTER.o)
 .text          0x00000000        0x0 .\CortexM3\ARM_GCC_484\Release\Module HF.a(LCD.o)
 .data          0x00000000        0x0 .\CortexM3\ARM_GCC_484\Release\Module HF.a(LCD.o)
 .text.LCD_Stop
                0x00000000       0x14 .\CortexM3\ARM_GCC_484\Release\Module HF.a(LCD.o)
 .text.LCD_PrintInt8
                0x00000000       0x20 .\CortexM3\ARM_GCC_484\Release\Module HF.a(LCD.o)
 .text.LCD_PrintInt16
                0x00000000       0x14 .\CortexM3\ARM_GCC_484\Release\Module HF.a(LCD.o)
 .text.LCD_PrintInt32
                0x00000000       0x1a .\CortexM3\ARM_GCC_484\Release\Module HF.a(LCD.o)
 .text.LCD_PrintU32Number
                0x00000000       0x36 .\CortexM3\ARM_GCC_484\Release\Module HF.a(LCD.o)
 .rodata        0x00000000       0x10 .\CortexM3\ARM_GCC_484\Release\Module HF.a(LCD.o)
 .data          0x00000000        0x0 .\CortexM3\ARM_GCC_484\Release\Module HF.a(CyBootAsmGnu.o)
 .bss           0x00000000        0x0 .\CortexM3\ARM_GCC_484\Release\Module HF.a(CyBootAsmGnu.o)
 .text          0x00000000        0x0 .\CortexM3\ARM_GCC_484\Release\Module HF.a(CyLib.o)
 .bss           0x00000000       0x18 .\CortexM3\ARM_GCC_484\Release\Module HF.a(CyLib.o)
 .text.CyIMO_SetTrimValue
                0x00000000       0xb8 .\CortexM3\ARM_GCC_484\Release\Module HF.a(CyLib.o)
 .text.CyBusClk_Internal_SetDivider
                0x00000000       0x3c .\CortexM3\ARM_GCC_484\Release\Module HF.a(CyLib.o)
 .text.CyPLL_OUT_Stop
                0x00000000       0x10 .\CortexM3\ARM_GCC_484\Release\Module HF.a(CyLib.o)
 .text.CyPLL_OUT_SetPQ
                0x00000000       0x34 .\CortexM3\ARM_GCC_484\Release\Module HF.a(CyLib.o)
 .text.CyPLL_OUT_SetSource
                0x00000000       0x14 .\CortexM3\ARM_GCC_484\Release\Module HF.a(CyLib.o)
 .text.CyIMO_Stop
                0x00000000       0x18 .\CortexM3\ARM_GCC_484\Release\Module HF.a(CyLib.o)
 .text.CyIMO_SetSource
                0x00000000       0x40 .\CortexM3\ARM_GCC_484\Release\Module HF.a(CyLib.o)
 .text.CyIMO_EnableDoubler
                0x00000000       0x10 .\CortexM3\ARM_GCC_484\Release\Module HF.a(CyLib.o)
 .text.CyIMO_DisableDoubler
                0x00000000       0x10 .\CortexM3\ARM_GCC_484\Release\Module HF.a(CyLib.o)
 .text.CyIMO_SetFreq
                0x00000000       0xd8 .\CortexM3\ARM_GCC_484\Release\Module HF.a(CyLib.o)
 .text.CyMasterClk_SetSource
                0x00000000       0x18 .\CortexM3\ARM_GCC_484\Release\Module HF.a(CyLib.o)
 .text.CyMasterClk_SetDivider
                0x00000000        0xc .\CortexM3\ARM_GCC_484\Release\Module HF.a(CyLib.o)
 .text.CyBusClk_SetDivider
                0x00000000       0x70 .\CortexM3\ARM_GCC_484\Release\Module HF.a(CyLib.o)
 .text.CyUsbClk_SetSource
                0x00000000       0x18 .\CortexM3\ARM_GCC_484\Release\Module HF.a(CyLib.o)
 .text.CyILO_Start1K
                0x00000000       0x10 .\CortexM3\ARM_GCC_484\Release\Module HF.a(CyLib.o)
 .text.CyILO_Stop1K
                0x00000000       0x10 .\CortexM3\ARM_GCC_484\Release\Module HF.a(CyLib.o)
 .text.CyILO_Start100K
                0x00000000       0x10 .\CortexM3\ARM_GCC_484\Release\Module HF.a(CyLib.o)
 .text.CyILO_Stop100K
                0x00000000       0x10 .\CortexM3\ARM_GCC_484\Release\Module HF.a(CyLib.o)
 .text.CyPLL_OUT_Start
                0x00000000       0x7c .\CortexM3\ARM_GCC_484\Release\Module HF.a(CyLib.o)
 .text.CyIMO_Start
                0x00000000       0x5c .\CortexM3\ARM_GCC_484\Release\Module HF.a(CyLib.o)
 .text.CyILO_Enable33K
                0x00000000       0x10 .\CortexM3\ARM_GCC_484\Release\Module HF.a(CyLib.o)
 .text.CyILO_Disable33K
                0x00000000       0x10 .\CortexM3\ARM_GCC_484\Release\Module HF.a(CyLib.o)
 .text.CyILO_SetSource
                0x00000000       0x16 .\CortexM3\ARM_GCC_484\Release\Module HF.a(CyLib.o)
 .text.CyILO_SetPowerMode
                0x00000000       0x20 .\CortexM3\ARM_GCC_484\Release\Module HF.a(CyLib.o)
 .text.CyXTAL_32KHZ_Stop
                0x00000000       0x2c .\CortexM3\ARM_GCC_484\Release\Module HF.a(CyLib.o)
 .text.CyXTAL_32KHZ_ReadStatus
                0x00000000       0x10 .\CortexM3\ARM_GCC_484\Release\Module HF.a(CyLib.o)
 .text.CyXTAL_Start
                0x00000000       0xa4 .\CortexM3\ARM_GCC_484\Release\Module HF.a(CyLib.o)
 .text.CyXTAL_Stop
                0x00000000       0x10 .\CortexM3\ARM_GCC_484\Release\Module HF.a(CyLib.o)
 .text.CyXTAL_EnableErrStatus
                0x00000000       0x10 .\CortexM3\ARM_GCC_484\Release\Module HF.a(CyLib.o)
 .text.CyXTAL_DisableErrStatus
                0x00000000       0x10 .\CortexM3\ARM_GCC_484\Release\Module HF.a(CyLib.o)
 .text.CyXTAL_ReadStatus
                0x00000000        0xc .\CortexM3\ARM_GCC_484\Release\Module HF.a(CyLib.o)
 .text.CyXTAL_EnableFaultRecovery
                0x00000000       0x10 .\CortexM3\ARM_GCC_484\Release\Module HF.a(CyLib.o)
 .text.CyXTAL_DisableFaultRecovery
                0x00000000       0x10 .\CortexM3\ARM_GCC_484\Release\Module HF.a(CyLib.o)
 .text.CyXTAL_SetStartup
                0x00000000       0x18 .\CortexM3\ARM_GCC_484\Release\Module HF.a(CyLib.o)
 .text.CyXTAL_SetFbVoltage
                0x00000000       0x18 .\CortexM3\ARM_GCC_484\Release\Module HF.a(CyLib.o)
 .text.CyXTAL_SetWdVoltage
                0x00000000       0x18 .\CortexM3\ARM_GCC_484\Release\Module HF.a(CyLib.o)
 .text.CyHalt   0x00000000        0x4 .\CortexM3\ARM_GCC_484\Release\Module HF.a(CyLib.o)
 .text.CySoftwareReset
                0x00000000       0x10 .\CortexM3\ARM_GCC_484\Release\Module HF.a(CyLib.o)
 .text.CyXTAL_32KHZ_SetPowerMode
                0x00000000       0x6c .\CortexM3\ARM_GCC_484\Release\Module HF.a(CyLib.o)
 .text.CyXTAL_32KHZ_Start
                0x00000000       0x68 .\CortexM3\ARM_GCC_484\Release\Module HF.a(CyLib.o)
 .text.CyDelayFreq
                0x00000000       0x40 .\CortexM3\ARM_GCC_484\Release\Module HF.a(CyLib.o)
 .text.CyWdtStart
                0x00000000       0x40 .\CortexM3\ARM_GCC_484\Release\Module HF.a(CyLib.o)
 .text.CyWdtClear
                0x00000000        0xc .\CortexM3\ARM_GCC_484\Release\Module HF.a(CyLib.o)
 .text.CyVdLvDigitEnable
                0x00000000       0x68 .\CortexM3\ARM_GCC_484\Release\Module HF.a(CyLib.o)
 .text.CyVdLvAnalogEnable
                0x00000000       0x68 .\CortexM3\ARM_GCC_484\Release\Module HF.a(CyLib.o)
 .text.CyVdLvDigitDisable
                0x00000000       0x24 .\CortexM3\ARM_GCC_484\Release\Module HF.a(CyLib.o)
 .text.CyVdLvAnalogDisable
                0x00000000       0x24 .\CortexM3\ARM_GCC_484\Release\Module HF.a(CyLib.o)
 .text.CyVdHvAnalogEnable
                0x00000000       0x44 .\CortexM3\ARM_GCC_484\Release\Module HF.a(CyLib.o)
 .text.CyVdHvAnalogDisable
                0x00000000       0x10 .\CortexM3\ARM_GCC_484\Release\Module HF.a(CyLib.o)
 .text.CyVdStickyStatus
                0x00000000       0x14 .\CortexM3\ARM_GCC_484\Release\Module HF.a(CyLib.o)
 .text.CyVdRealTimeStatus
                0x00000000       0x18 .\CortexM3\ARM_GCC_484\Release\Module HF.a(CyLib.o)
 .text.CyDisableInts
                0x00000000       0x1c .\CortexM3\ARM_GCC_484\Release\Module HF.a(CyLib.o)
 .text.CyEnableInts
                0x00000000       0x18 .\CortexM3\ARM_GCC_484\Release\Module HF.a(CyLib.o)
 .text.CyFlushCache
                0x00000000       0x44 .\CortexM3\ARM_GCC_484\Release\Module HF.a(CyLib.o)
 .text.CyIntSetSysVector
                0x00000000       0x18 .\CortexM3\ARM_GCC_484\Release\Module HF.a(CyLib.o)
 .text.CyIntGetSysVector
                0x00000000       0x14 .\CortexM3\ARM_GCC_484\Release\Module HF.a(CyLib.o)
 .text.CyIntGetVector
                0x00000000       0x14 .\CortexM3\ARM_GCC_484\Release\Module HF.a(CyLib.o)
 .text.CyIntGetPriority
                0x00000000       0x12 .\CortexM3\ARM_GCC_484\Release\Module HF.a(CyLib.o)
 .text.CyIntGetState
                0x00000000       0x18 .\CortexM3\ARM_GCC_484\Release\Module HF.a(CyLib.o)
 .text.CySysTickStop
                0x00000000       0x10 .\CortexM3\ARM_GCC_484\Release\Module HF.a(CyLib.o)
 .text.CySysTickEnableInterrupt
                0x00000000       0x10 .\CortexM3\ARM_GCC_484\Release\Module HF.a(CyLib.o)
 .text.CySysTickEnable
                0x00000000       0x18 .\CortexM3\ARM_GCC_484\Release\Module HF.a(CyLib.o)
 .text.CySysTickDisableInterrupt
                0x00000000       0x10 .\CortexM3\ARM_GCC_484\Release\Module HF.a(CyLib.o)
 .text.CySysTickSetReload
                0x00000000       0x10 .\CortexM3\ARM_GCC_484\Release\Module HF.a(CyLib.o)
 .text.CySysTickGetReload
                0x00000000       0x10 .\CortexM3\ARM_GCC_484\Release\Module HF.a(CyLib.o)
 .text.CySysTickGetValue
                0x00000000       0x14 .\CortexM3\ARM_GCC_484\Release\Module HF.a(CyLib.o)
 .text.CySysTickSetClockSource
                0x00000000       0x18 .\CortexM3\ARM_GCC_484\Release\Module HF.a(CyLib.o)
 .text.CySysTickInit
                0x00000000       0x4c .\CortexM3\ARM_GCC_484\Release\Module HF.a(CyLib.o)
 .text.CySysTickStart
                0x00000000       0x1c .\CortexM3\ARM_GCC_484\Release\Module HF.a(CyLib.o)
 .text.CySysTickGetCountFlag
                0x00000000       0x10 .\CortexM3\ARM_GCC_484\Release\Module HF.a(CyLib.o)
 .text.CySysTickServiceCallbacks
                0x00000000       0x20 .\CortexM3\ARM_GCC_484\Release\Module HF.a(CyLib.o)
 .text.CySysTickClear
                0x00000000        0xc .\CortexM3\ARM_GCC_484\Release\Module HF.a(CyLib.o)
 .text.CySysTickSetCallback
                0x00000000       0x14 .\CortexM3\ARM_GCC_484\Release\Module HF.a(CyLib.o)
 .text.CySysTickGetCallback
                0x00000000        0xc .\CortexM3\ARM_GCC_484\Release\Module HF.a(CyLib.o)
 .text          0x00000000        0x0 .\CortexM3\ARM_GCC_484\Release\Module HF.a(cyPm.o)
 .data          0x00000000        0x0 .\CortexM3\ARM_GCC_484\Release\Module HF.a(cyPm.o)
 .bss           0x00000000       0x44 .\CortexM3\ARM_GCC_484\Release\Module HF.a(cyPm.o)
 .text.CyPmHibSlpSaveSet
                0x00000000      0x160 .\CortexM3\ARM_GCC_484\Release\Module HF.a(cyPm.o)
 .text.CyPmHibSlpRestore
                0x00000000       0xbc .\CortexM3\ARM_GCC_484\Release\Module HF.a(cyPm.o)
 .text.CyPmSaveClocks
                0x00000000      0x1e0 .\CortexM3\ARM_GCC_484\Release\Module HF.a(cyPm.o)
 .text.CyPmRestoreClocks
                0x00000000      0x20c .\CortexM3\ARM_GCC_484\Release\Module HF.a(cyPm.o)
 .text.CyPmAltAct
                0x00000000       0x60 .\CortexM3\ARM_GCC_484\Release\Module HF.a(cyPm.o)
 .text.CyPmSleep
                0x00000000       0xe8 .\CortexM3\ARM_GCC_484\Release\Module HF.a(cyPm.o)
 .text.CyPmHibernate
                0x00000000      0x24c .\CortexM3\ARM_GCC_484\Release\Module HF.a(cyPm.o)
 .text.CyPmReadStatus
                0x00000000       0x2c .\CortexM3\ARM_GCC_484\Release\Module HF.a(cyPm.o)
 .text.CyPmCtwSetInterval
                0x00000000       0x50 .\CortexM3\ARM_GCC_484\Release\Module HF.a(cyPm.o)
 .text.CyPmOppsSet
                0x00000000       0x2c .\CortexM3\ARM_GCC_484\Release\Module HF.a(cyPm.o)
 .text.CyPmFtwSetInterval
                0x00000000       0x50 .\CortexM3\ARM_GCC_484\Release\Module HF.a(cyPm.o)
 .rodata        0x00000000        0xe .\CortexM3\ARM_GCC_484\Release\Module HF.a(cyPm.o)
 .text          0x00000000        0x0 .\CortexM3\ARM_GCC_484\Release\Module HF.a(UART.o)
 .data          0x00000000        0x0 .\CortexM3\ARM_GCC_484\Release\Module HF.a(UART.o)
 .text.UART_Stop
                0x00000000       0x40 .\CortexM3\ARM_GCC_484\Release\Module HF.a(UART.o)
 .text.UART_ReadControlRegister
                0x00000000        0x4 .\CortexM3\ARM_GCC_484\Release\Module HF.a(UART.o)
 .text.UART_WriteControlRegister
                0x00000000        0x2 .\CortexM3\ARM_GCC_484\Release\Module HF.a(UART.o)
 .text.UART_SetRxInterruptMode
                0x00000000        0xc .\CortexM3\ARM_GCC_484\Release\Module HF.a(UART.o)
 .text.UART_ReadRxData
                0x00000000        0xc .\CortexM3\ARM_GCC_484\Release\Module HF.a(UART.o)
 .text.UART_GetChar
                0x00000000       0x28 .\CortexM3\ARM_GCC_484\Release\Module HF.a(UART.o)
 .text.UART_GetRxBufferSize
                0x00000000       0x10 .\CortexM3\ARM_GCC_484\Release\Module HF.a(UART.o)
 .text.UART_SetRxAddressMode
                0x00000000        0x2 .\CortexM3\ARM_GCC_484\Release\Module HF.a(UART.o)
 .text.UART_SetRxAddress1
                0x00000000        0xc .\CortexM3\ARM_GCC_484\Release\Module HF.a(UART.o)
 .text.UART_SetRxAddress2
                0x00000000        0xc .\CortexM3\ARM_GCC_484\Release\Module HF.a(UART.o)
 .text.UART_SetTxInterruptMode
                0x00000000        0xc .\CortexM3\ARM_GCC_484\Release\Module HF.a(UART.o)
 .text.UART_WriteTxData
                0x00000000       0x14 .\CortexM3\ARM_GCC_484\Release\Module HF.a(UART.o)
 .text.UART_ReadTxStatus
                0x00000000        0xc .\CortexM3\ARM_GCC_484\Release\Module HF.a(UART.o)
 .text.UART_PutArray
                0x00000000       0x24 .\CortexM3\ARM_GCC_484\Release\Module HF.a(UART.o)
 .text.UART_GetTxBufferSize
                0x00000000       0x1c .\CortexM3\ARM_GCC_484\Release\Module HF.a(UART.o)
 .text.UART_ClearTxBuffer
                0x00000000       0x24 .\CortexM3\ARM_GCC_484\Release\Module HF.a(UART.o)
 .text.UART_SendBreak
                0x00000000       0x58 .\CortexM3\ARM_GCC_484\Release\Module HF.a(UART.o)
 .text.UART_SetTxAddressMode
                0x00000000        0x2 .\CortexM3\ARM_GCC_484\Release\Module HF.a(UART.o)
 .text          0x00000000        0x0 .\CortexM3\ARM_GCC_484\Release\Module HF.a(Rx_Int.o)
 .data          0x00000000        0x0 .\CortexM3\ARM_GCC_484\Release\Module HF.a(Rx_Int.o)
 .bss           0x00000000        0x0 .\CortexM3\ARM_GCC_484\Release\Module HF.a(Rx_Int.o)
 .text.Rx_Int_StartEx
                0x00000000       0x24 .\CortexM3\ARM_GCC_484\Release\Module HF.a(Rx_Int.o)
 .text.Rx_Int_Stop
                0x00000000       0x1c .\CortexM3\ARM_GCC_484\Release\Module HF.a(Rx_Int.o)
 .text.Rx_Int_GetVector
                0x00000000        0xc .\CortexM3\ARM_GCC_484\Release\Module HF.a(Rx_Int.o)
 .text.Rx_Int_SetPriority
                0x00000000       0x10 .\CortexM3\ARM_GCC_484\Release\Module HF.a(Rx_Int.o)
 .text.Rx_Int_GetPriority
                0x00000000        0xc .\CortexM3\ARM_GCC_484\Release\Module HF.a(Rx_Int.o)
 .text.Rx_Int_Enable
                0x00000000        0xc .\CortexM3\ARM_GCC_484\Release\Module HF.a(Rx_Int.o)
 .text.Rx_Int_GetState
                0x00000000       0x10 .\CortexM3\ARM_GCC_484\Release\Module HF.a(Rx_Int.o)
 .text.Rx_Int_Disable
                0x00000000        0xc .\CortexM3\ARM_GCC_484\Release\Module HF.a(Rx_Int.o)
 .text.Rx_Int_SetPending
                0x00000000        0xc .\CortexM3\ARM_GCC_484\Release\Module HF.a(Rx_Int.o)
 .text.Rx_Int_ClearPending
                0x00000000        0xc .\CortexM3\ARM_GCC_484\Release\Module HF.a(Rx_Int.o)
 .text          0x00000000        0x0 .\CortexM3\ARM_GCC_484\Release\Module HF.a(UART_IntClock.o)
 .data          0x00000000        0x0 .\CortexM3\ARM_GCC_484\Release\Module HF.a(UART_IntClock.o)
 .bss           0x00000000        0x0 .\CortexM3\ARM_GCC_484\Release\Module HF.a(UART_IntClock.o)
 .text.UART_IntClock_Stop
                0x00000000       0x18 .\CortexM3\ARM_GCC_484\Release\Module HF.a(UART_IntClock.o)
 .text.UART_IntClock_StopBlock
                0x00000000       0x74 .\CortexM3\ARM_GCC_484\Release\Module HF.a(UART_IntClock.o)
 .text.UART_IntClock_StandbyPower
                0x00000000       0x18 .\CortexM3\ARM_GCC_484\Release\Module HF.a(UART_IntClock.o)
 .text.UART_IntClock_SetDividerRegister
                0x00000000       0xcc .\CortexM3\ARM_GCC_484\Release\Module HF.a(UART_IntClock.o)
 .text.UART_IntClock_GetDividerRegister
                0x00000000        0xc .\CortexM3\ARM_GCC_484\Release\Module HF.a(UART_IntClock.o)
 .text.UART_IntClock_SetModeRegister
                0x00000000       0x14 .\CortexM3\ARM_GCC_484\Release\Module HF.a(UART_IntClock.o)
 .text.UART_IntClock_ClearModeRegister
                0x00000000       0x14 .\CortexM3\ARM_GCC_484\Release\Module HF.a(UART_IntClock.o)
 .text.UART_IntClock_GetModeRegister
                0x00000000       0x10 .\CortexM3\ARM_GCC_484\Release\Module HF.a(UART_IntClock.o)
 .text.UART_IntClock_SetSourceRegister
                0x00000000       0x50 .\CortexM3\ARM_GCC_484\Release\Module HF.a(UART_IntClock.o)
 .text.UART_IntClock_GetSourceRegister
                0x00000000       0x10 .\CortexM3\ARM_GCC_484\Release\Module HF.a(UART_IntClock.o)
 .text          0x00000000        0x0 .\CortexM3\ARM_GCC_484\Release\Module HF.a(SW2.o)
 .data          0x00000000        0x0 .\CortexM3\ARM_GCC_484\Release\Module HF.a(SW2.o)
 .bss           0x00000000        0x0 .\CortexM3\ARM_GCC_484\Release\Module HF.a(SW2.o)
 .text.SW2_Write
                0x00000000       0x18 .\CortexM3\ARM_GCC_484\Release\Module HF.a(SW2.o)
 .text.SW2_SetDriveMode
                0x00000000       0x18 .\CortexM3\ARM_GCC_484\Release\Module HF.a(SW2.o)
 .text.SW2_ReadDataReg
                0x00000000       0x10 .\CortexM3\ARM_GCC_484\Release\Module HF.a(SW2.o)
 .text          0x00000000        0x0 .\CortexM3\ARM_GCC_484\Release\Module HF.a(SW3.o)
 .data          0x00000000        0x0 .\CortexM3\ARM_GCC_484\Release\Module HF.a(SW3.o)
 .bss           0x00000000        0x0 .\CortexM3\ARM_GCC_484\Release\Module HF.a(SW3.o)
 .text.SW3_Write
                0x00000000       0x18 .\CortexM3\ARM_GCC_484\Release\Module HF.a(SW3.o)
 .text.SW3_SetDriveMode
                0x00000000       0x18 .\CortexM3\ARM_GCC_484\Release\Module HF.a(SW3.o)
 .text.SW3_ReadDataReg
                0x00000000       0x10 .\CortexM3\ARM_GCC_484\Release\Module HF.a(SW3.o)
 .text          0x00000000        0x0 .\CortexM3\ARM_GCC_484\Release\Module HF.a(CyFlash.o)
 .data          0x00000000        0x0 .\CortexM3\ARM_GCC_484\Release\Module HF.a(CyFlash.o)
 .bss           0x00000000        0x4 .\CortexM3\ARM_GCC_484\Release\Module HF.a(CyFlash.o)
 .text.CyFlash_Start
                0x00000000       0x4c .\CortexM3\ARM_GCC_484\Release\Module HF.a(CyFlash.o)
 .text.CyFlash_Stop
                0x00000000       0x24 .\CortexM3\ARM_GCC_484\Release\Module HF.a(CyFlash.o)
 .text.CySetTemp
                0x00000000       0x90 .\CortexM3\ARM_GCC_484\Release\Module HF.a(CyFlash.o)
 .text.CySetFlashEEBuffer
                0x00000000       0x2c .\CortexM3\ARM_GCC_484\Release\Module HF.a(CyFlash.o)
 .text.CyWriteRowFull
                0x00000000       0xc4 .\CortexM3\ARM_GCC_484\Release\Module HF.a(CyFlash.o)
 .text.CyWriteRowData
                0x00000000        0xe .\CortexM3\ARM_GCC_484\Release\Module HF.a(CyFlash.o)
 .text.CyFlash_SetWaitCycles
                0x00000000       0x6c .\CortexM3\ARM_GCC_484\Release\Module HF.a(CyFlash.o)
 .text.CyEEPROM_Start
                0x00000000       0x4c .\CortexM3\ARM_GCC_484\Release\Module HF.a(CyFlash.o)
 .text.CyEEPROM_Stop
                0x00000000       0x24 .\CortexM3\ARM_GCC_484\Release\Module HF.a(CyFlash.o)
 .text.CyEEPROM_ReadReserve
                0x00000000       0x18 .\CortexM3\ARM_GCC_484\Release\Module HF.a(CyFlash.o)
 .text.CyEEPROM_ReadRelease
                0x00000000       0x10 .\CortexM3\ARM_GCC_484\Release\Module HF.a(CyFlash.o)
 COMMON         0x00000000        0x2 .\CortexM3\ARM_GCC_484\Release\Module HF.a(CyFlash.o)
 .text          0x00000000        0x0 .\CortexM3\ARM_GCC_484\Release\Module HF.a(CySpc.o)
 .data          0x00000000        0x0 .\CortexM3\ARM_GCC_484\Release\Module HF.a(CySpc.o)
 .bss           0x00000000        0x8 .\CortexM3\ARM_GCC_484\Release\Module HF.a(CySpc.o)
 .text.CySpcStart
                0x00000000       0x24 .\CortexM3\ARM_GCC_484\Release\Module HF.a(CySpc.o)
 .text.CySpcStop
                0x00000000       0x24 .\CortexM3\ARM_GCC_484\Release\Module HF.a(CySpc.o)
 .text.CySpcReadData
                0x00000000       0x34 .\CortexM3\ARM_GCC_484\Release\Module HF.a(CySpc.o)
 .text.CySpcLoadMultiByte
                0x00000000       0x70 .\CortexM3\ARM_GCC_484\Release\Module HF.a(CySpc.o)
 .text.CySpcLoadRow
                0x00000000       0x48 .\CortexM3\ARM_GCC_484\Release\Module HF.a(CySpc.o)
 .text.CySpcLoadRowFull
                0x00000000       0x6c .\CortexM3\ARM_GCC_484\Release\Module HF.a(CySpc.o)
 .text.CySpcWriteRow
                0x00000000       0x40 .\CortexM3\ARM_GCC_484\Release\Module HF.a(CySpc.o)
 .text.CySpcEraseSector
                0x00000000       0x38 .\CortexM3\ARM_GCC_484\Release\Module HF.a(CySpc.o)
 .text.CySpcGetTemp
                0x00000000       0x34 .\CortexM3\ARM_GCC_484\Release\Module HF.a(CySpc.o)
 .text.CySpcLock
                0x00000000       0x40 .\CortexM3\ARM_GCC_484\Release\Module HF.a(CySpc.o)
 .text.CySpcUnlock
                0x00000000       0x34 .\CortexM3\ARM_GCC_484\Release\Module HF.a(CySpc.o)
 .text.CySpcGetAlgorithm
                0x00000000       0x28 .\CortexM3\ARM_GCC_484\Release\Module HF.a(CySpc.o)
 .text          0x00000000        0x0 c:/program files (x86)/cypress/psoc creator/3.1/psoc creator/import/gnu_cs/arm/4.8.4/bin/../lib/gcc/arm-none-eabi/4.8.4/../../../../arm-none-eabi/lib/armv7-m\libg_s.a(lib_a-errno.o)
 .data          0x00000000        0x0 c:/program files (x86)/cypress/psoc creator/3.1/psoc creator/import/gnu_cs/arm/4.8.4/bin/../lib/gcc/arm-none-eabi/4.8.4/../../../../arm-none-eabi/lib/armv7-m\libg_s.a(lib_a-errno.o)
 .bss           0x00000000        0x0 c:/program files (x86)/cypress/psoc creator/3.1/psoc creator/import/gnu_cs/arm/4.8.4/bin/../lib/gcc/arm-none-eabi/4.8.4/../../../../arm-none-eabi/lib/armv7-m\libg_s.a(lib_a-errno.o)
 .text.__errno  0x00000000        0xc c:/program files (x86)/cypress/psoc creator/3.1/psoc creator/import/gnu_cs/arm/4.8.4/bin/../lib/gcc/arm-none-eabi/4.8.4/../../../../arm-none-eabi/lib/armv7-m\libg_s.a(lib_a-errno.o)
 .text          0x00000000        0x0 c:/program files (x86)/cypress/psoc creator/3.1/psoc creator/import/gnu_cs/arm/4.8.4/bin/../lib/gcc/arm-none-eabi/4.8.4/../../../../arm-none-eabi/lib/armv7-m\libg_s.a(lib_a-exit.o)
 .data          0x00000000        0x0 c:/program files (x86)/cypress/psoc creator/3.1/psoc creator/import/gnu_cs/arm/4.8.4/bin/../lib/gcc/arm-none-eabi/4.8.4/../../../../arm-none-eabi/lib/armv7-m\libg_s.a(lib_a-exit.o)
 .bss           0x00000000        0x0 c:/program files (x86)/cypress/psoc creator/3.1/psoc creator/import/gnu_cs/arm/4.8.4/bin/../lib/gcc/arm-none-eabi/4.8.4/../../../../arm-none-eabi/lib/armv7-m\libg_s.a(lib_a-exit.o)
 .text.exit     0x00000000       0x28 c:/program files (x86)/cypress/psoc creator/3.1/psoc creator/import/gnu_cs/arm/4.8.4/bin/../lib/gcc/arm-none-eabi/4.8.4/../../../../arm-none-eabi/lib/armv7-m\libg_s.a(lib_a-exit.o)
 .text          0x00000000        0x0 c:/program files (x86)/cypress/psoc creator/3.1/psoc creator/import/gnu_cs/arm/4.8.4/bin/../lib/gcc/arm-none-eabi/4.8.4/../../../../arm-none-eabi/lib/armv7-m\libg_s.a(lib_a-impure.o)
 .data          0x00000000        0x0 c:/program files (x86)/cypress/psoc creator/3.1/psoc creator/import/gnu_cs/arm/4.8.4/bin/../lib/gcc/arm-none-eabi/4.8.4/../../../../arm-none-eabi/lib/armv7-m\libg_s.a(lib_a-impure.o)
 .bss           0x00000000        0x0 c:/program files (x86)/cypress/psoc creator/3.1/psoc creator/import/gnu_cs/arm/4.8.4/bin/../lib/gcc/arm-none-eabi/4.8.4/../../../../arm-none-eabi/lib/armv7-m\libg_s.a(lib_a-impure.o)
 .data.impure_data
                0x00000000       0x60 c:/program files (x86)/cypress/psoc creator/3.1/psoc creator/import/gnu_cs/arm/4.8.4/bin/../lib/gcc/arm-none-eabi/4.8.4/../../../../arm-none-eabi/lib/armv7-m\libg_s.a(lib_a-impure.o)
 .data._impure_ptr
                0x00000000        0x4 c:/program files (x86)/cypress/psoc creator/3.1/psoc creator/import/gnu_cs/arm/4.8.4/bin/../lib/gcc/arm-none-eabi/4.8.4/../../../../arm-none-eabi/lib/armv7-m\libg_s.a(lib_a-impure.o)
 .rodata.str1.1
                0x00000000        0x2 c:/program files (x86)/cypress/psoc creator/3.1/psoc creator/import/gnu_cs/arm/4.8.4/bin/../lib/gcc/arm-none-eabi/4.8.4/../../../../arm-none-eabi/lib/armv7-m\libg_s.a(lib_a-impure.o)
 .rodata._global_impure_ptr
                0x00000000        0x4 c:/program files (x86)/cypress/psoc creator/3.1/psoc creator/import/gnu_cs/arm/4.8.4/bin/../lib/gcc/arm-none-eabi/4.8.4/../../../../arm-none-eabi/lib/armv7-m\libg_s.a(lib_a-impure.o)
 .text          0x00000000        0x0 c:/program files (x86)/cypress/psoc creator/3.1/psoc creator/import/gnu_cs/arm/4.8.4/bin/../lib/gcc/arm-none-eabi/4.8.4/../../../../arm-none-eabi/lib/armv7-m\libg_s.a(lib_a-init.o)
 .data          0x00000000        0x0 c:/program files (x86)/cypress/psoc creator/3.1/psoc creator/import/gnu_cs/arm/4.8.4/bin/../lib/gcc/arm-none-eabi/4.8.4/../../../../arm-none-eabi/lib/armv7-m\libg_s.a(lib_a-init.o)
 .bss           0x00000000        0x0 c:/program files (x86)/cypress/psoc creator/3.1/psoc creator/import/gnu_cs/arm/4.8.4/bin/../lib/gcc/arm-none-eabi/4.8.4/../../../../arm-none-eabi/lib/armv7-m\libg_s.a(lib_a-init.o)
 .text          0x00000000        0x0 c:/program files (x86)/cypress/psoc creator/3.1/psoc creator/import/gnu_cs/arm/4.8.4/bin/../lib/gcc/arm-none-eabi/4.8.4/../../../../arm-none-eabi/lib/armv7-m\libg_s.a(lib_a-memcpy-stub.o)
 .data          0x00000000        0x0 c:/program files (x86)/cypress/psoc creator/3.1/psoc creator/import/gnu_cs/arm/4.8.4/bin/../lib/gcc/arm-none-eabi/4.8.4/../../../../arm-none-eabi/lib/armv7-m\libg_s.a(lib_a-memcpy-stub.o)
 .bss           0x00000000        0x0 c:/program files (x86)/cypress/psoc creator/3.1/psoc creator/import/gnu_cs/arm/4.8.4/bin/../lib/gcc/arm-none-eabi/4.8.4/../../../../arm-none-eabi/lib/armv7-m\libg_s.a(lib_a-memcpy-stub.o)
 .text          0x00000000        0x0 c:/program files (x86)/cypress/psoc creator/3.1/psoc creator/import/gnu_cs/arm/4.8.4/bin/../lib/gcc/arm-none-eabi/4.8.4/../../../../arm-none-eabi/lib/armv7-m\libg_s.a(lib_a-memset.o)
 .data          0x00000000        0x0 c:/program files (x86)/cypress/psoc creator/3.1/psoc creator/import/gnu_cs/arm/4.8.4/bin/../lib/gcc/arm-none-eabi/4.8.4/../../../../arm-none-eabi/lib/armv7-m\libg_s.a(lib_a-memset.o)
 .bss           0x00000000        0x0 c:/program files (x86)/cypress/psoc creator/3.1/psoc creator/import/gnu_cs/arm/4.8.4/bin/../lib/gcc/arm-none-eabi/4.8.4/../../../../arm-none-eabi/lib/armv7-m\libg_s.a(lib_a-memset.o)
 .text          0x00000000        0x0 c:/program files (x86)/cypress/psoc creator/3.1/psoc creator/import/gnu_cs/arm/4.8.4/bin/../lib/gcc/arm-none-eabi/4.8.4/armv7-m/crtend.o
 .data          0x00000000        0x0 c:/program files (x86)/cypress/psoc creator/3.1/psoc creator/import/gnu_cs/arm/4.8.4/bin/../lib/gcc/arm-none-eabi/4.8.4/armv7-m/crtend.o
 .bss           0x00000000        0x0 c:/program files (x86)/cypress/psoc creator/3.1/psoc creator/import/gnu_cs/arm/4.8.4/bin/../lib/gcc/arm-none-eabi/4.8.4/armv7-m/crtend.o
 .text          0x00000000        0x0 c:/program files (x86)/cypress/psoc creator/3.1/psoc creator/import/gnu_cs/arm/4.8.4/bin/../lib/gcc/arm-none-eabi/4.8.4/armv7-m/crtn.o
 .data          0x00000000        0x0 c:/program files (x86)/cypress/psoc creator/3.1/psoc creator/import/gnu_cs/arm/4.8.4/bin/../lib/gcc/arm-none-eabi/4.8.4/armv7-m/crtn.o
 .bss           0x00000000        0x0 c:/program files (x86)/cypress/psoc creator/3.1/psoc creator/import/gnu_cs/arm/4.8.4/bin/../lib/gcc/arm-none-eabi/4.8.4/armv7-m/crtn.o

Memory Configuration

Name             Origin             Length             Attributes
rom              0x00000000         0x00040000         xr
ram              0x1fff8000         0x00010000         xrw
*default*        0x00000000         0xffffffff

Linker script and memory map

LOAD c:/program files (x86)/cypress/psoc creator/3.1/psoc creator/import/gnu_cs/arm/4.8.4/bin/../lib/gcc/arm-none-eabi/4.8.4/armv7-m/crti.o
LOAD c:/program files (x86)/cypress/psoc creator/3.1/psoc creator/import/gnu_cs/arm/4.8.4/bin/../lib/gcc/arm-none-eabi/4.8.4/armv7-m/crtbegin.o
LOAD c:/program files (x86)/cypress/psoc creator/3.1/psoc creator/import/gnu_cs/arm/4.8.4/bin/../lib/gcc/arm-none-eabi/4.8.4/../../../../arm-none-eabi/lib/armv7-m/crt0.o
START GROUP
LOAD .\CortexM3\ARM_GCC_484\Release\main.o
LOAD .\CortexM3\ARM_GCC_484\Release\EEPROM.o
LOAD .\CortexM3\ARM_GCC_484\Release\Application.o
LOAD .\CortexM3\ARM_GCC_484\Release\WIFI.o
LOAD .\CortexM3\ARM_GCC_484\Release\Interruptions.o
LOAD .\CortexM3\ARM_GCC_484\Release\cymetadata.o
LOAD .\CortexM3\ARM_GCC_484\Release\Cm3Start.o
LOAD .\CortexM3\ARM_GCC_484\Release\Module HF.a
LOAD C:\Program Files (x86)\Cypress\PSoC Creator\3.1\PSoC Creator\psoc\content\cycomponentlibrary\CyComponentLibrary.cylib\CortexM3\ARM_GCC_484\Release\CyComponentLibrary.a
END GROUP
START GROUP
LOAD c:/program files (x86)/cypress/psoc creator/3.1/psoc creator/import/gnu_cs/arm/4.8.4/bin/../lib/gcc/arm-none-eabi/4.8.4/armv7-m\libgcc.a
LOAD c:/program files (x86)/cypress/psoc creator/3.1/psoc creator/import/gnu_cs/arm/4.8.4/bin/../lib/gcc/arm-none-eabi/4.8.4/../../../../arm-none-eabi/lib/armv7-m\libg_s.a
LOAD c:/program files (x86)/cypress/psoc creator/3.1/psoc creator/import/gnu_cs/arm/4.8.4/bin/../lib/gcc/arm-none-eabi/4.8.4/../../../../arm-none-eabi/lib/armv7-m\libc_s.a
END GROUP
START GROUP
LOAD c:/program files (x86)/cypress/psoc creator/3.1/psoc creator/import/gnu_cs/arm/4.8.4/bin/../lib/gcc/arm-none-eabi/4.8.4/armv7-m\libgcc.a
LOAD c:/program files (x86)/cypress/psoc creator/3.1/psoc creator/import/gnu_cs/arm/4.8.4/bin/../lib/gcc/arm-none-eabi/4.8.4/../../../../arm-none-eabi/lib/armv7-m\libc_s.a
END GROUP
LOAD c:/program files (x86)/cypress/psoc creator/3.1/psoc creator/import/gnu_cs/arm/4.8.4/bin/../lib/gcc/arm-none-eabi/4.8.4/armv7-m/crtend.o
LOAD c:/program files (x86)/cypress/psoc creator/3.1/psoc creator/import/gnu_cs/arm/4.8.4/bin/../lib/gcc/arm-none-eabi/4.8.4/armv7-m/crtn.o
START GROUP
LOAD c:/program files (x86)/cypress/psoc creator/3.1/psoc creator/import/gnu_cs/arm/4.8.4/bin/../lib/gcc/arm-none-eabi/4.8.4/armv7-m\libgcc.a
LOAD c:/program files (x86)/cypress/psoc creator/3.1/psoc creator/import/gnu_cs/arm/4.8.4/bin/../lib/gcc/arm-none-eabi/4.8.4/../../../../arm-none-eabi/lib/armv7-m\libc.a
LOAD c:/program files (x86)/cypress/psoc creator/3.1/psoc creator/import/gnu_cs/arm/4.8.4/bin/../lib/gcc/arm-none-eabi/4.8.4/../../../../arm-none-eabi/lib/armv7-m\libnosys.a
END GROUP
                0x00000000                CY_APPL_ORIGIN = 0x0
                0x00000100                CY_FLASH_ROW_SIZE = 0x100
                0x00000020                CY_ECC_ROW_SIZE = 0x20
                0x00000000                CY_EE_IN_BTLDR = 0x0
                0x00000000                CY_APPL_LOADABLE = 0x0
                0x00000800                CY_EE_SIZE = 0x800
                0x00000001                CY_APPL_NUM = 0x1
                0x00000001                CY_APPL_MAX = 0x1
                0x00000040                CY_METADATA_SIZE = 0x40
                0x1fff8388                PROVIDE (__cy_heap_start, _end)
                0x00000001                PROVIDE (__cy_region_num, ((__cy_regions_end - __cy_regions) / 0x10))
                0x20008000                PROVIDE (__cy_stack, (ORIGIN (ram) + 0x10000))
                0x20007800                PROVIDE (__cy_heap_end, (__cy_stack - 0x800))

.cybootloader   0x00000000        0x0
 *(.cybootloader)
                0x00000000                appl1_start = CY_APPL_ORIGIN?CY_APPL_ORIGIN:ALIGN (CY_FLASH_ROW_SIZE)
                0x0001ff00                appl2_start = (appl1_start + ALIGN ((((0x40000 - appl1_start) - (0x2 * CY_FLASH_ROW_SIZE)) / 0x2), CY_FLASH_ROW_SIZE))
                0x00000000                appl_start = (CY_APPL_NUM == 0x1)?appl1_start:appl2_start
                0x00000000                ecc_offset = ((appl_start / CY_FLASH_ROW_SIZE) * CY_ECC_ROW_SIZE)
                0x00000000                ee_offset = (CY_APPL_LOADABLE && ! (CY_EE_IN_BTLDR))?((CY_EE_SIZE / CY_APPL_MAX) * (CY_APPL_NUM - 0x1)):0x0
                0x00000800                ee_size = (CY_APPL_LOADABLE && ! (CY_EE_IN_BTLDR))?(CY_EE_SIZE / CY_APPL_MAX):CY_EE_SIZE
                0x00000000                PROVIDE (CY_ECC_OFFSET, ecc_offset)

.text           0x00000000      0xdee
 CREATE_OBJECT_SYMBOLS
                0x00000000                PROVIDE (__cy_interrupt_vector, RomVectors)
 *(.romvectors)
 .romvectors    0x00000000       0x10 .\CortexM3\ARM_GCC_484\Release\Cm3Start.o
                0x00000000                RomVectors
                0x00000001                ASSERT ((. != __cy_interrupt_vector), No interrupt vector)
                0x00000001                ASSERT (CY_APPL_ORIGIN?(SIZEOF (.cybootloader) <= CY_APPL_ORIGIN):0x1, Wrong image location)
                0x00000010                PROVIDE (__cy_reset, Reset)
 *(.text.Reset)
 .text.Reset    0x00000010       0x18 .\CortexM3\ARM_GCC_484\Release\Cm3Start.o
                0x00000010                Reset
                0x00000001                ASSERT ((. != __cy_reset), No reset code)
 *(.dma_init)
                0x00000001                ASSERT ((((appl_start + .) <= 0x10000) || 0x1), DMA Init must be within the first 64k of flash)
 *(.text .text.* .gnu.linkonce.t.*)
 .text          0x00000028       0x54 c:/program files (x86)/cypress/psoc creator/3.1/psoc creator/import/gnu_cs/arm/4.8.4/bin/../lib/gcc/arm-none-eabi/4.8.4/armv7-m/crtbegin.o
 .text.startup.main
                0x0000007c        0x8 .\CortexM3\ARM_GCC_484\Release\main.o
                0x0000007c                main
 .text.Configurations
                0x00000084       0x2c .\CortexM3\ARM_GCC_484\Release\Application.o
                0x00000084                Configurations
 .text.Init_LCD
                0x000000b0       0x34 .\CortexM3\ARM_GCC_484\Release\Application.o
                0x000000b0                Init_LCD
 .text.Init_UART
                0x000000e4        0xe .\CortexM3\ARM_GCC_484\Release\Application.o
                0x000000e4                Init_UART
 .text.Init_I2C
                0x000000f2        0xe .\CortexM3\ARM_GCC_484\Release\Application.o
                0x000000f2                Init_I2C
 .text.Initialisations
                0x00000100       0x16 .\CortexM3\ARM_GCC_484\Release\Application.o
                0x00000100                Initialisations
 *fill*         0x00000116        0x2 
 .text.wifiTest
                0x00000118       0x64 .\CortexM3\ARM_GCC_484\Release\Application.o
                0x00000118                wifiTest
 .text.Application
                0x0000017c       0x5c .\CortexM3\ARM_GCC_484\Release\Application.o
                0x0000017c                Application
 .text.ATModeCommande
                0x000001d8       0x28 .\CortexM3\ARM_GCC_484\Release\WIFI.o
                0x000001d8                ATModeCommande
 .text.SendATCommand
                0x00000200       0x16 .\CortexM3\ARM_GCC_484\Release\WIFI.o
                0x00000200                SendATCommand
 *fill*         0x00000216        0x2 
 .text.ConfigAP
                0x00000218       0x30 .\CortexM3\ARM_GCC_484\Release\WIFI.o
                0x00000218                ConfigAP
 .text.ConfigWifi
                0x00000248       0x24 .\CortexM3\ARM_GCC_484\Release\WIFI.o
                0x00000248                ConfigWifi
 .text.TCPOK    0x0000026c       0x58 .\CortexM3\ARM_GCC_484\Release\WIFI.o
                0x0000026c                TCPOK
 .text.Rx_ISR   0x000002c4       0x50 .\CortexM3\ARM_GCC_484\Release\Interruptions.o
                0x000002c4                Rx_ISR
 .text.Init_Interruptions
                0x00000314       0x18 .\CortexM3\ARM_GCC_484\Release\Interruptions.o
                0x00000314                Init_Interruptions
 .text.IntDefaultHandler
                0x0000032c        0x2 .\CortexM3\ARM_GCC_484\Release\Cm3Start.o
                0x0000032c                IntDefaultHandler
 *fill*         0x0000032e        0x2 
 .text.Start_c  0x00000330       0x54 .\CortexM3\ARM_GCC_484\Release\Cm3Start.o
                0x00000330                Start_c
 .text.startup.initialize_psoc
                0x00000384       0x6c .\CortexM3\ARM_GCC_484\Release\Cm3Start.o
                0x00000384                initialize_psoc
 .text.cyfitter_cfg
                0x000003f0      0x1f0 .\CortexM3\ARM_GCC_484\Release\Module HF.a(cyfitter_cfg.o)
                0x000003f0                cyfitter_cfg
 .text.I2C_Init
                0x000005e0       0x64 .\CortexM3\ARM_GCC_484\Release\Module HF.a(I2C.o)
                0x000005e0                I2C_Init
 .text.I2C_Enable
                0x00000644       0x24 .\CortexM3\ARM_GCC_484\Release\Module HF.a(I2C.o)
                0x00000644                I2C_Enable
 .text.I2C_Start
                0x00000668       0x28 .\CortexM3\ARM_GCC_484\Release\Module HF.a(I2C.o)
                0x00000668                I2C_Start
 .text.I2C_ISR  0x00000690      0x224 .\CortexM3\ARM_GCC_484\Release\Module HF.a(I2C_INT.o)
                0x00000690                I2C_ISR
 .text.I2C_MasterClearStatus
                0x000008b4       0x24 .\CortexM3\ARM_GCC_484\Release\Module HF.a(I2C_MASTER.o)
                0x000008b4                I2C_MasterClearStatus
 .text.LCD_WrCntrlNib
                0x000008d8       0x34 .\CortexM3\ARM_GCC_484\Release\Module HF.a(LCD.o)
 .text.LCD_WrDatNib
                0x0000090c       0x44 .\CortexM3\ARM_GCC_484\Release\Module HF.a(LCD.o)
 .text.LCD_IsReady
                0x00000950       0xf0 .\CortexM3\ARM_GCC_484\Release\Module HF.a(LCD.o)
                0x00000950                LCD_IsReady
 .text.LCD_WriteData
                0x00000a40       0x1a .\CortexM3\ARM_GCC_484\Release\Module HF.a(LCD.o)
                0x00000a40                LCD_WriteData
 .text.LCD_PrintString
                0x00000a5a       0x18 .\CortexM3\ARM_GCC_484\Release\Module HF.a(LCD.o)
                0x00000a5a                LCD_PrintString
 .text.LCD_PutChar
                0x00000a72        0x4 .\CortexM3\ARM_GCC_484\Release\Module HF.a(LCD.o)
                0x00000a72                LCD_PutChar
 .text.LCD_WriteControl
                0x00000a76       0x1a .\CortexM3\ARM_GCC_484\Release\Module HF.a(LCD.o)
                0x00000a76                LCD_WriteControl
 .text.LCD_Init
                0x00000a90       0x6c .\CortexM3\ARM_GCC_484\Release\Module HF.a(LCD.o)
                0x00000a90                LCD_Init
 .text.LCD_Enable
                0x00000afc       0x14 .\CortexM3\ARM_GCC_484\Release\Module HF.a(LCD.o)
                0x00000afc                LCD_Enable
 .text.LCD_Start
                0x00000b10       0x1c .\CortexM3\ARM_GCC_484\Release\Module HF.a(LCD.o)
                0x00000b10                LCD_Start
 .text.LCD_Position
                0x00000b2c       0x2a .\CortexM3\ARM_GCC_484\Release\Module HF.a(LCD.o)
                0x00000b2c                LCD_Position
 *fill*         0x00000b56        0x2 
 .text          0x00000b58       0x28 .\CortexM3\ARM_GCC_484\Release\Module HF.a(CyBootAsmGnu.o)
                0x00000b58                CyDelayCycles
                0x00000b6c                CyEnterCriticalSection
                0x00000b74                CyExitCriticalSection
 .text.CyDelay  0x00000b80       0x28 .\CortexM3\ARM_GCC_484\Release\Module HF.a(CyLib.o)
                0x00000b80                CyDelay
 .text.CyDelayUs
                0x00000ba8       0x10 .\CortexM3\ARM_GCC_484\Release\Module HF.a(CyLib.o)
                0x00000ba8                CyDelayUs
 .text.CyIntSetVector
                0x00000bb8       0x1c .\CortexM3\ARM_GCC_484\Release\Module HF.a(CyLib.o)
                0x00000bb8                CyIntSetVector
 .text.CyIntSetPriority
                0x00000bd4       0x14 .\CortexM3\ARM_GCC_484\Release\Module HF.a(CyLib.o)
                0x00000bd4                CyIntSetPriority
 .text.UART_Init
                0x00000be8       0x24 .\CortexM3\ARM_GCC_484\Release\Module HF.a(UART.o)
                0x00000be8                UART_Init
 .text.UART_Enable
                0x00000c0c       0x3c .\CortexM3\ARM_GCC_484\Release\Module HF.a(UART.o)
                0x00000c0c                UART_Enable
 .text.UART_Start
                0x00000c48       0x1c .\CortexM3\ARM_GCC_484\Release\Module HF.a(UART.o)
                0x00000c48                UART_Start
 .text.UART_ReadRxStatus
                0x00000c64       0x10 .\CortexM3\ARM_GCC_484\Release\Module HF.a(UART.o)
                0x00000c64                UART_ReadRxStatus
 .text.UART_GetByte
                0x00000c74       0x18 .\CortexM3\ARM_GCC_484\Release\Module HF.a(UART.o)
                0x00000c74                UART_GetByte
 .text.UART_ClearRxBuffer
                0x00000c8c       0x24 .\CortexM3\ARM_GCC_484\Release\Module HF.a(UART.o)
                0x00000c8c                UART_ClearRxBuffer
 .text.UART_PutChar
                0x00000cb0       0x18 .\CortexM3\ARM_GCC_484\Release\Module HF.a(UART.o)
                0x00000cb0                UART_PutChar
 .text.UART_PutString
                0x00000cc8       0x20 .\CortexM3\ARM_GCC_484\Release\Module HF.a(UART.o)
                0x00000cc8                UART_PutString
 .text.UART_PutCRLF
                0x00000ce8       0x24 .\CortexM3\ARM_GCC_484\Release\Module HF.a(UART.o)
                0x00000ce8                UART_PutCRLF
 .text.Rx_Int_Interrupt
                0x00000d0c        0x2 .\CortexM3\ARM_GCC_484\Release\Module HF.a(Rx_Int.o)
                0x00000d0c                Rx_Int_Interrupt
 *fill*         0x00000d0e        0x2 
 .text.Rx_Int_Start
                0x00000d10       0x2c .\CortexM3\ARM_GCC_484\Release\Module HF.a(Rx_Int.o)
                0x00000d10                Rx_Int_Start
 .text.Rx_Int_SetVector
                0x00000d3c        0xc .\CortexM3\ARM_GCC_484\Release\Module HF.a(Rx_Int.o)
                0x00000d3c                Rx_Int_SetVector
 .text.UART_IntClock_Start
                0x00000d48       0x18 .\CortexM3\ARM_GCC_484\Release\Module HF.a(UART_IntClock.o)
                0x00000d48                UART_IntClock_Start
 .text.SW2_Read
                0x00000d60       0x10 .\CortexM3\ARM_GCC_484\Release\Module HF.a(SW2.o)
                0x00000d60                SW2_Read
 .text.SW3_Read
                0x00000d70       0x10 .\CortexM3\ARM_GCC_484\Release\Module HF.a(SW3.o)
                0x00000d70                SW3_Read
 .text.__libc_init_array
                0x00000d80       0x4c c:/program files (x86)/cypress/psoc creator/3.1/psoc creator/import/gnu_cs/arm/4.8.4/bin/../lib/gcc/arm-none-eabi/4.8.4/../../../../arm-none-eabi/lib/armv7-m\libg_s.a(lib_a-init.o)
                0x00000d80                __libc_init_array
 .text.memcpy   0x00000dcc       0x12 c:/program files (x86)/cypress/psoc creator/3.1/psoc creator/import/gnu_cs/arm/4.8.4/bin/../lib/gcc/arm-none-eabi/4.8.4/../../../../arm-none-eabi/lib/armv7-m\libg_s.a(lib_a-memcpy-stub.o)
                0x00000dcc                memcpy
 .text.memset   0x00000dde       0x10 c:/program files (x86)/cypress/psoc creator/3.1/psoc creator/import/gnu_cs/arm/4.8.4/bin/../lib/gcc/arm-none-eabi/4.8.4/../../../../arm-none-eabi/lib/armv7-m\libg_s.a(lib_a-memset.o)
                0x00000dde                memset
 *(.plt)
 *(.gnu.warning)
 *(.glue_7t)
 .glue_7t       0x00000000        0x0 linker stubs
 *(.glue_7)
 .glue_7        0x00000000        0x0 linker stubs
 *(.vfp11_veneer)
 .vfp11_veneer  0x00000000        0x0 linker stubs
 *(.bootloader)
 *(.ARM.extab* .gnu.linkonce.armextab.*)
 *(.gcc_except_table)

.v4_bx          0x00000df0        0x0
 .v4_bx         0x00000000        0x0 linker stubs

.iplt           0x00000df0        0x0
 .iplt          0x00000000        0x0 c:/program files (x86)/cypress/psoc creator/3.1/psoc creator/import/gnu_cs/arm/4.8.4/bin/../lib/gcc/arm-none-eabi/4.8.4/armv7-m/crtbegin.o

.eh_frame_hdr
 *(.eh_frame_hdr)

.eh_frame       0x00000df0        0x4
 *(.eh_frame)
 .eh_frame      0x00000df0        0x0 c:/program files (x86)/cypress/psoc creator/3.1/psoc creator/import/gnu_cs/arm/4.8.4/bin/../lib/gcc/arm-none-eabi/4.8.4/armv7-m/crtbegin.o
 .eh_frame      0x00000df0        0x4 c:/program files (x86)/cypress/psoc creator/3.1/psoc creator/import/gnu_cs/arm/4.8.4/bin/../lib/gcc/arm-none-eabi/4.8.4/armv7-m/crtend.o
                0x00000df4                PROVIDE (__exidx_start, .)

.ARM.exidx
 *(.ARM.exidx* .gnu.linkonce.armexidx.*)
                0x00000df4                __exidx_end = .

.rodata         0x00000df4      0x19c
 *(.rodata .rodata.* .gnu.linkonce.r.*)
 .rodata.str1.1
                0x00000df4       0x5c .\CortexM3\ARM_GCC_484\Release\Application.o
                                 0x5f (size before relaxing)
 .rodata.str1.1
                0x00000e50       0xda .\CortexM3\ARM_GCC_484\Release\WIFI.o
 .rodata        0x00000f2a       0x30 .\CortexM3\ARM_GCC_484\Release\Module HF.a(cyfitter_cfg.o)
                0x00000f5c                . = ALIGN (0x4)
 *fill*         0x00000f5a        0x2 
 *(.init)
 .init          0x00000f5c        0x4 c:/program files (x86)/cypress/psoc creator/3.1/psoc creator/import/gnu_cs/arm/4.8.4/bin/../lib/gcc/arm-none-eabi/4.8.4/armv7-m/crti.o
                0x00000f5c                _init
 .init          0x00000f60        0x8 c:/program files (x86)/cypress/psoc creator/3.1/psoc creator/import/gnu_cs/arm/4.8.4/bin/../lib/gcc/arm-none-eabi/4.8.4/armv7-m/crtn.o
                0x00000f68                . = ALIGN (0x4)
                0x00000f68                __preinit_array_start = .
 *(.preinit_array)
                0x00000f68                __preinit_array_end = .
                0x00000f68                . = ALIGN (0x4)
                0x00000f68                __init_array_start = .
 *(SORT(.init_array.*))
 *(.init_array)
 .init_array    0x00000f68        0x4 c:/program files (x86)/cypress/psoc creator/3.1/psoc creator/import/gnu_cs/arm/4.8.4/bin/../lib/gcc/arm-none-eabi/4.8.4/armv7-m/crtbegin.o
 .init_array    0x00000f6c        0x4 .\CortexM3\ARM_GCC_484\Release\Cm3Start.o
                0x00000f70                __init_array_end = .
                0x00000f70                . = ALIGN (0x4)
 *(.fini)
 .fini          0x00000f70        0x4 c:/program files (x86)/cypress/psoc creator/3.1/psoc creator/import/gnu_cs/arm/4.8.4/bin/../lib/gcc/arm-none-eabi/4.8.4/armv7-m/crti.o
                0x00000f70                _fini
 .fini          0x00000f74        0x8 c:/program files (x86)/cypress/psoc creator/3.1/psoc creator/import/gnu_cs/arm/4.8.4/bin/../lib/gcc/arm-none-eabi/4.8.4/armv7-m/crtn.o
                0x00000f7c                . = ALIGN (0x4)
                0x00000f7c                __fini_array_start = .
 *(.fini_array)
 .fini_array    0x00000f7c        0x4 c:/program files (x86)/cypress/psoc creator/3.1/psoc creator/import/gnu_cs/arm/4.8.4/bin/../lib/gcc/arm-none-eabi/4.8.4/armv7-m/crtbegin.o
 *(SORT(.fini_array.*))
                0x00000f80                __fini_array_end = .
                0x00000f80                . = ALIGN (0x4)
 *crtbegin.o(.ctors)
 *(EXCLUDE_FILE(*crtend.o) .ctors)
 *(SORT(.ctors.*))
 *crtend.o(.ctors)
                0x00000f80                . = ALIGN (0x4)
 *crtbegin.o(.dtors)
 *(EXCLUDE_FILE(*crtend.o) .dtors)
 *(SORT(.dtors.*))
 *crtend.o(.dtors)
                0x00000f80                . = ALIGN (0x4)
                0x00000f80                __cy_regions = .
                0x00000f80        0x4 LONG 0xf90 __cy_region_init_ram
                0x00000f84        0x4 LONG 0x1fff8108 __cy_region_start_data
                0x00000f88        0x4 LONG 0x48 __cy_region_init_size_ram
                0x00000f8c        0x4 LONG 0x238 __cy_region_zero_size_ram
                0x00000f90                __cy_regions_end = .
                0x00000f90                . = ALIGN (0x8)
                0x00000f90                _etext = .

.ramvectors     0x1fff8000      0x100
                0x1fff8000                __cy_region_start_ram = .
 *(.ramvectors)
 .ramvectors    0x1fff8000      0x100 .\CortexM3\ARM_GCC_484\Release\Cm3Start.o
                0x1fff8000                CyRamVectors

.noinit         0x1fff8100        0x5
 *(.noinit)
 .noinit        0x1fff8100        0x4 .\CortexM3\ARM_GCC_484\Release\Cm3Start.o
 .noinit        0x1fff8104        0x1 .\CortexM3\ARM_GCC_484\Release\Module HF.a(CyLib.o)
                0x1fff8104                CyResetStatus

.data           0x1fff8108       0x48 load address 0x00000f90
                0x1fff8108                __cy_region_start_data = .
 *(.jcr)
 .jcr           0x1fff8108        0x0 c:/program files (x86)/cypress/psoc creator/3.1/psoc creator/import/gnu_cs/arm/4.8.4/bin/../lib/gcc/arm-none-eabi/4.8.4/armv7-m/crtbegin.o
 .jcr           0x1fff8108        0x4 c:/program files (x86)/cypress/psoc creator/3.1/psoc creator/import/gnu_cs/arm/4.8.4/bin/../lib/gcc/arm-none-eabi/4.8.4/armv7-m/crtend.o
 *(.got.plt)
 *(.got)
 *(.shdata)
 *(.data .data.* .gnu.linkonce.d.*)
 .data          0x1fff810c        0x1 .\CortexM3\ARM_GCC_484\Release\Application.o
                0x1fff810c                RxData
 *fill*         0x1fff810d        0x3 
 .data          0x1fff8110       0x2c .\CortexM3\ARM_GCC_484\Release\WIFI.o
                0x1fff8110                AT
 .data          0x1fff813c       0x10 .\CortexM3\ARM_GCC_484\Release\Module HF.a(CyLib.o)
                0x1fff813c                cydelay_32k_ms
                0x1fff8140                cydelay_freq_khz
                0x1fff8144                cydelay_freq_mhz
                0x1fff8148                cydelay_freq_hz
                0x1fff8150                . = ALIGN (0x8)
 *fill*         0x1fff814c        0x4 
 *(.ram)
                0x1fff8150                _edata = .

.igot.plt       0x1fff8150        0x0 load address 0x00000fd8
 .igot.plt      0x00000000        0x0 c:/program files (x86)/cypress/psoc creator/3.1/psoc creator/import/gnu_cs/arm/4.8.4/bin/../lib/gcc/arm-none-eabi/4.8.4/armv7-m/crtbegin.o

.bss            0x1fff8150      0x238 load address 0x00000fd8
                0x1fff8150                PROVIDE (__bss_start__, .)
 *(.shbss)
 *(.bss .bss.* .gnu.linkonce.b.*)
 .bss           0x1fff8150       0x1c c:/program files (x86)/cypress/psoc creator/3.1/psoc creator/import/gnu_cs/arm/4.8.4/bin/../lib/gcc/arm-none-eabi/4.8.4/armv7-m/crtbegin.o
 .bss           0x1fff816c        0x1 .\CortexM3\ARM_GCC_484\Release\Module HF.a(I2C.o)
                0x1fff816c                I2C_initVar
 .bss           0x1fff816d        0x2 .\CortexM3\ARM_GCC_484\Release\Module HF.a(LCD.o)
                0x1fff816d                LCD_enableState
                0x1fff816e                LCD_initVar
 .bss           0x1fff816f        0x2 .\CortexM3\ARM_GCC_484\Release\Module HF.a(UART.o)
                0x1fff816f                UART_initVar
 *(COMMON)
 COMMON         0x1fff8171        0x1 .\CortexM3\ARM_GCC_484\Release\main.o
                0x1fff8171                i
 COMMON         0x1fff8172      0x1fe .\CortexM3\ARM_GCC_484\Release\Application.o
                0x1fff8172                ConfigEnd
                0x1fff8173                Linked
                0x1fff8174                writeData
                0x1fff8272                readData
 COMMON         0x1fff8370        0x1 .\CortexM3\ARM_GCC_484\Release\Module HF.a(I2C.o)
                0x1fff8370                I2C_state
 *fill*         0x1fff8371        0x3 
 COMMON         0x1fff8374       0x10 .\CortexM3\ARM_GCC_484\Release\Module HF.a(I2C_MASTER.o)
                0x1fff8374                I2C_mstrWrBufIndex
                0x1fff8375                I2C_mstrWrBufSize
                0x1fff8376                I2C_mstrStatus
                0x1fff8378                I2C_mstrRdBufPtr
                0x1fff837c                I2C_mstrControl
                0x1fff837d                I2C_mstrRdBufSize
                0x1fff837e                I2C_mstrRdBufIndex
                0x1fff8380                I2C_mstrWrBufPtr
                0x1fff8388                . = ALIGN (0x8)
 *fill*         0x1fff8384        0x4 
 *(.ram.b)
                0x1fff8388                _end = .
                0x1fff8388                __end = .
                0x1fff8388                PROVIDE (end, .)
                0x1fff8388                PROVIDE (__bss_end__, .)
                0x00000f90                __cy_region_init_ram = LOADADDR (.data)
                0x00000048                __cy_region_init_size_ram = (_edata - ADDR (.data))
                0x00000238                __cy_region_zero_size_ram = (_end - _edata)

.heap           0x1fff8388       0x80 load address 0x00000fd8
                0x1fff8388                . = _end
                0x1fff8408                . = (. + 0x80)
 *fill*         0x1fff8388       0x80 
                0x1fff8408                __cy_heap_limit = .

.stack          0x20007800      0x800
                0x20007800                __cy_stack_limit = .
                0x20008000                . = (. + 0x800)
 *fill*         0x20007800      0x800 
                0x00000001                ASSERT ((__cy_stack_limit >= __cy_heap_limit), region RAM overflowed with stack)

.cyloadermeta
 *(.cyloadermeta)

.cyloadablemeta
 *(.cyloadablemeta)

.cyconfigecc    0x80000000      0x458
 *(.cyconfigecc)
 .cyconfigecc   0x80000000      0x458 .\CortexM3\ARM_GCC_484\Release\cymetadata.o
                0x80000000                cy_meta_configecc

.cycustnvl      0x90000000        0x4
 *(.cycustnvl)
 .cycustnvl     0x90000000        0x4 .\CortexM3\ARM_GCC_484\Release\cymetadata.o
                0x90000000                cy_meta_custnvl

.cywolatch      0x90100000        0x4
 *(.cywolatch)
 .cywolatch     0x90100000        0x4 .\CortexM3\ARM_GCC_484\Release\cymetadata.o
                0x90100000                cy_meta_wonvl

.cyeeprom       0x90200000        0x0
 *(.cyeeprom)
                0x00000001                ASSERT ((. <= ((0x90200000 + ee_offset) + ee_size)), .cyeeprom data will not fit in EEPROM)

.cyflashprotect
                0x90400000      0x100
 *(.cyflashprotect)
 .cyflashprotect
                0x90400000      0x100 .\CortexM3\ARM_GCC_484\Release\cymetadata.o
                0x90400000                cy_meta_flashprotect

.cymeta         0x90500000        0xc
 *(.cymeta)
 .cymeta        0x90500000        0xc .\CortexM3\ARM_GCC_484\Release\cymetadata.o
                0x90500000                cy_metadata

.rel.dyn        0x00000fd8        0x0 load address 0x9050000c
 .rel.iplt      0x00000000        0x0 c:/program files (x86)/cypress/psoc creator/3.1/psoc creator/import/gnu_cs/arm/4.8.4/bin/../lib/gcc/arm-none-eabi/4.8.4/armv7-m/crtbegin.o

.stab
 *(.stab)

.stabstr
 *(.stabstr)

.debug
 *(.debug)

.line
 *(.line)

.debug_srcinfo
 *(.debug_srcinfo)

.debug_sfnames
 *(.debug_sfnames)

.debug_aranges  0x00000000      0x988
 *(.debug_aranges)
 .debug_aranges
                0x00000000       0x20 .\CortexM3\ARM_GCC_484\Release\main.o
 .debug_aranges
                0x00000020       0x28 .\CortexM3\ARM_GCC_484\Release\EEPROM.o
 .debug_aranges
                0x00000048       0x58 .\CortexM3\ARM_GCC_484\Release\Application.o
 .debug_aranges
                0x000000a0       0x40 .\CortexM3\ARM_GCC_484\Release\WIFI.o
 .debug_aranges
                0x000000e0       0x28 .\CortexM3\ARM_GCC_484\Release\Interruptions.o
 .debug_aranges
                0x00000108       0x18 .\CortexM3\ARM_GCC_484\Release\cymetadata.o
 .debug_aranges
                0x00000120       0x48 .\CortexM3\ARM_GCC_484\Release\Cm3Start.o
 .debug_aranges
                0x00000168       0x28 .\CortexM3\ARM_GCC_484\Release\Module HF.a(cyfitter_cfg.o)
 .debug_aranges
                0x00000190       0x38 .\CortexM3\ARM_GCC_484\Release\Module HF.a(I2C.o)
 .debug_aranges
                0x000001c8       0x20 .\CortexM3\ARM_GCC_484\Release\Module HF.a(I2C_INT.o)
 .debug_aranges
                0x000001e8       0x38 .\CortexM3\ARM_GCC_484\Release\Module HF.a(I2C_PM.o)
 .debug_aranges
                0x00000220       0x80 .\CortexM3\ARM_GCC_484\Release\Module HF.a(I2C_MASTER.o)
 .debug_aranges
                0x000002a0       0x98 .\CortexM3\ARM_GCC_484\Release\Module HF.a(LCD.o)
 .debug_aranges
                0x00000338       0x20 .\CortexM3\ARM_GCC_484\Release\Module HF.a(CyBootAsmGnu.o)
 .debug_aranges
                0x00000358      0x288 .\CortexM3\ARM_GCC_484\Release\Module HF.a(CyLib.o)
 .debug_aranges
                0x000005e0       0x70 .\CortexM3\ARM_GCC_484\Release\Module HF.a(cyPm.o)
 .debug_aranges
                0x00000650       0xf0 .\CortexM3\ARM_GCC_484\Release\Module HF.a(UART.o)
 .debug_aranges
                0x00000740       0x80 .\CortexM3\ARM_GCC_484\Release\Module HF.a(Rx_Int.o)
 .debug_aranges
                0x000007c0       0x70 .\CortexM3\ARM_GCC_484\Release\Module HF.a(UART_IntClock.o)
 .debug_aranges
                0x00000830       0x38 .\CortexM3\ARM_GCC_484\Release\Module HF.a(SW2.o)
 .debug_aranges
                0x00000868       0x38 .\CortexM3\ARM_GCC_484\Release\Module HF.a(SW3.o)
 .debug_aranges
                0x000008a0       0x70 .\CortexM3\ARM_GCC_484\Release\Module HF.a(CyFlash.o)
 .debug_aranges
                0x00000910       0x78 .\CortexM3\ARM_GCC_484\Release\Module HF.a(CySpc.o)

.debug_pubnames
 *(.debug_pubnames)

.debug_info     0x00000000     0x6012
 *(.debug_info .gnu.linkonce.wi.*)
 .debug_info    0x00000000       0xf5 .\CortexM3\ARM_GCC_484\Release\main.o
 .debug_info    0x000000f5      0x2ef .\CortexM3\ARM_GCC_484\Release\EEPROM.o
 .debug_info    0x000003e4      0x5f4 .\CortexM3\ARM_GCC_484\Release\Application.o
 .debug_info    0x000009d8      0x399 .\CortexM3\ARM_GCC_484\Release\WIFI.o
 .debug_info    0x00000d71      0x1fb .\CortexM3\ARM_GCC_484\Release\Interruptions.o
 .debug_info    0x00000f6c      0x13a .\CortexM3\ARM_GCC_484\Release\cymetadata.o
 .debug_info    0x000010a6      0x388 .\CortexM3\ARM_GCC_484\Release\Cm3Start.o
 .debug_info    0x0000142e      0x620 .\CortexM3\ARM_GCC_484\Release\Module HF.a(cyfitter_cfg.o)
 .debug_info    0x00001a4e      0x2d4 .\CortexM3\ARM_GCC_484\Release\Module HF.a(I2C.o)
 .debug_info    0x00001d22      0x14e .\CortexM3\ARM_GCC_484\Release\Module HF.a(I2C_INT.o)
 .debug_info    0x00001e70      0x1fb .\CortexM3\ARM_GCC_484\Release\Module HF.a(I2C_PM.o)
 .debug_info    0x0000206b      0x402 .\CortexM3\ARM_GCC_484\Release\Module HF.a(I2C_MASTER.o)
 .debug_info    0x0000246d      0x700 .\CortexM3\ARM_GCC_484\Release\Module HF.a(LCD.o)
 .debug_info    0x00002b6d       0x8a .\CortexM3\ARM_GCC_484\Release\Module HF.a(CyBootAsmGnu.o)
 .debug_info    0x00002bf7     0x1139 .\CortexM3\ARM_GCC_484\Release\Module HF.a(CyLib.o)
 .debug_info    0x00003d30      0x964 .\CortexM3\ARM_GCC_484\Release\Module HF.a(cyPm.o)
 .debug_info    0x00004694      0x64c .\CortexM3\ARM_GCC_484\Release\Module HF.a(UART.o)
 .debug_info    0x00004ce0      0x373 .\CortexM3\ARM_GCC_484\Release\Module HF.a(Rx_Int.o)
 .debug_info    0x00005053      0x29b .\CortexM3\ARM_GCC_484\Release\Module HF.a(UART_IntClock.o)
 .debug_info    0x000052ee      0x120 .\CortexM3\ARM_GCC_484\Release\Module HF.a(SW2.o)
 .debug_info    0x0000540e      0x120 .\CortexM3\ARM_GCC_484\Release\Module HF.a(SW3.o)
 .debug_info    0x0000552e      0x5f7 .\CortexM3\ARM_GCC_484\Release\Module HF.a(CyFlash.o)
 .debug_info    0x00005b25      0x4ed .\CortexM3\ARM_GCC_484\Release\Module HF.a(CySpc.o)

.debug_abbrev   0x00000000     0x218d
 *(.debug_abbrev)
 .debug_abbrev  0x00000000       0x99 .\CortexM3\ARM_GCC_484\Release\main.o
 .debug_abbrev  0x00000099      0x136 .\CortexM3\ARM_GCC_484\Release\EEPROM.o
 .debug_abbrev  0x000001cf      0x14a .\CortexM3\ARM_GCC_484\Release\Application.o
 .debug_abbrev  0x00000319      0x153 .\CortexM3\ARM_GCC_484\Release\WIFI.o
 .debug_abbrev  0x0000046c      0x16e .\CortexM3\ARM_GCC_484\Release\Interruptions.o
 .debug_abbrev  0x000005da       0x66 .\CortexM3\ARM_GCC_484\Release\cymetadata.o
 .debug_abbrev  0x00000640      0x1eb .\CortexM3\ARM_GCC_484\Release\Cm3Start.o
 .debug_abbrev  0x0000082b      0x25c .\CortexM3\ARM_GCC_484\Release\Module HF.a(cyfitter_cfg.o)
 .debug_abbrev  0x00000a87      0x168 .\CortexM3\ARM_GCC_484\Release\Module HF.a(I2C.o)
 .debug_abbrev  0x00000bef       0x8e .\CortexM3\ARM_GCC_484\Release\Module HF.a(I2C_INT.o)
 .debug_abbrev  0x00000c7d      0x139 .\CortexM3\ARM_GCC_484\Release\Module HF.a(I2C_PM.o)
 .debug_abbrev  0x00000db6      0x13a .\CortexM3\ARM_GCC_484\Release\Module HF.a(I2C_MASTER.o)
 .debug_abbrev  0x00000ef0      0x209 .\CortexM3\ARM_GCC_484\Release\Module HF.a(LCD.o)
 .debug_abbrev  0x000010f9       0x14 .\CortexM3\ARM_GCC_484\Release\Module HF.a(CyBootAsmGnu.o)
 .debug_abbrev  0x0000110d      0x39c .\CortexM3\ARM_GCC_484\Release\Module HF.a(CyLib.o)
 .debug_abbrev  0x000014a9      0x216 .\CortexM3\ARM_GCC_484\Release\Module HF.a(cyPm.o)
 .debug_abbrev  0x000016bf      0x226 .\CortexM3\ARM_GCC_484\Release\Module HF.a(UART.o)
 .debug_abbrev  0x000018e5      0x208 .\CortexM3\ARM_GCC_484\Release\Module HF.a(Rx_Int.o)
 .debug_abbrev  0x00001aed      0x151 .\CortexM3\ARM_GCC_484\Release\Module HF.a(UART_IntClock.o)
 .debug_abbrev  0x00001c3e       0x9d .\CortexM3\ARM_GCC_484\Release\Module HF.a(SW2.o)
 .debug_abbrev  0x00001cdb       0x9d .\CortexM3\ARM_GCC_484\Release\Module HF.a(SW3.o)
 .debug_abbrev  0x00001d78      0x239 .\CortexM3\ARM_GCC_484\Release\Module HF.a(CyFlash.o)
 .debug_abbrev  0x00001fb1      0x1dc .\CortexM3\ARM_GCC_484\Release\Module HF.a(CySpc.o)

.debug_line     0x00000000     0x2b19
 *(.debug_line)
 .debug_line    0x00000000      0x18c .\CortexM3\ARM_GCC_484\Release\main.o
 .debug_line    0x0000018c      0x1db .\CortexM3\ARM_GCC_484\Release\EEPROM.o
 .debug_line    0x00000367      0x2a5 .\CortexM3\ARM_GCC_484\Release\Application.o
 .debug_line    0x0000060c      0x1fc .\CortexM3\ARM_GCC_484\Release\WIFI.o
 .debug_line    0x00000808      0x1d1 .\CortexM3\ARM_GCC_484\Release\Interruptions.o
 .debug_line    0x000009d9       0x53 .\CortexM3\ARM_GCC_484\Release\cymetadata.o
 .debug_line    0x00000a2c      0x21a .\CortexM3\ARM_GCC_484\Release\Cm3Start.o
 .debug_line    0x00000c46      0x198 .\CortexM3\ARM_GCC_484\Release\Module HF.a(cyfitter_cfg.o)
 .debug_line    0x00000dde       0xfa .\CortexM3\ARM_GCC_484\Release\Module HF.a(I2C.o)
 .debug_line    0x00000ed8       0xc6 .\CortexM3\ARM_GCC_484\Release\Module HF.a(I2C_INT.o)
 .debug_line    0x00000f9e       0xbe .\CortexM3\ARM_GCC_484\Release\Module HF.a(I2C_PM.o)
 .debug_line    0x0000105c      0x217 .\CortexM3\ARM_GCC_484\Release\Module HF.a(I2C_MASTER.o)
 .debug_line    0x00001273      0x228 .\CortexM3\ARM_GCC_484\Release\Module HF.a(LCD.o)
 .debug_line    0x0000149b       0x68 .\CortexM3\ARM_GCC_484\Release\Module HF.a(CyBootAsmGnu.o)
 .debug_line    0x00001503      0x77b .\CortexM3\ARM_GCC_484\Release\Module HF.a(CyLib.o)
 .debug_line    0x00001c7e      0x37a .\CortexM3\ARM_GCC_484\Release\Module HF.a(cyPm.o)
 .debug_line    0x00001ff8      0x2e1 .\CortexM3\ARM_GCC_484\Release\Module HF.a(UART.o)
 .debug_line    0x000022d9      0x158 .\CortexM3\ARM_GCC_484\Release\Module HF.a(Rx_Int.o)
 .debug_line    0x00002431      0x1b5 .\CortexM3\ARM_GCC_484\Release\Module HF.a(UART_IntClock.o)
 .debug_line    0x000025e6       0x96 .\CortexM3\ARM_GCC_484\Release\Module HF.a(SW2.o)
 .debug_line    0x0000267c       0x96 .\CortexM3\ARM_GCC_484\Release\Module HF.a(SW3.o)
 .debug_line    0x00002712      0x1e1 .\CortexM3\ARM_GCC_484\Release\Module HF.a(CyFlash.o)
 .debug_line    0x000028f3      0x226 .\CortexM3\ARM_GCC_484\Release\Module HF.a(CySpc.o)

.debug_frame    0x00000000     0x170c
 *(.debug_frame)
 .debug_frame   0x00000000       0x2c .\CortexM3\ARM_GCC_484\Release\main.o
 .debug_frame   0x0000002c       0x60 .\CortexM3\ARM_GCC_484\Release\EEPROM.o
 .debug_frame   0x0000008c       0xf4 .\CortexM3\ARM_GCC_484\Release\Application.o
 .debug_frame   0x00000180       0xa0 .\CortexM3\ARM_GCC_484\Release\WIFI.o
 .debug_frame   0x00000220       0x4c .\CortexM3\ARM_GCC_484\Release\Interruptions.o
 .debug_frame   0x0000026c       0xa0 .\CortexM3\ARM_GCC_484\Release\Cm3Start.o
 .debug_frame   0x0000030c       0x48 .\CortexM3\ARM_GCC_484\Release\Module HF.a(cyfitter_cfg.o)
 .debug_frame   0x00000354       0x94 .\CortexM3\ARM_GCC_484\Release\Module HF.a(I2C.o)
 .debug_frame   0x000003e8       0x30 .\CortexM3\ARM_GCC_484\Release\Module HF.a(I2C_INT.o)
 .debug_frame   0x00000418       0x78 .\CortexM3\ARM_GCC_484\Release\Module HF.a(I2C_PM.o)
 .debug_frame   0x00000490      0x10c .\CortexM3\ARM_GCC_484\Release\Module HF.a(I2C_MASTER.o)
 .debug_frame   0x0000059c      0x1e4 .\CortexM3\ARM_GCC_484\Release\Module HF.a(LCD.o)
 .debug_frame   0x00000780      0x624 .\CortexM3\ARM_GCC_484\Release\Module HF.a(CyLib.o)
 .debug_frame   0x00000da4      0x194 .\CortexM3\ARM_GCC_484\Release\Module HF.a(cyPm.o)
 .debug_frame   0x00000f38      0x228 .\CortexM3\ARM_GCC_484\Release\Module HF.a(UART.o)
 .debug_frame   0x00001160       0xe0 .\CortexM3\ARM_GCC_484\Release\Module HF.a(Rx_Int.o)
 .debug_frame   0x00001240       0xe0 .\CortexM3\ARM_GCC_484\Release\Module HF.a(UART_IntClock.o)
 .debug_frame   0x00001320       0x50 .\CortexM3\ARM_GCC_484\Release\Module HF.a(SW2.o)
 .debug_frame   0x00001370       0x50 .\CortexM3\ARM_GCC_484\Release\Module HF.a(SW3.o)
 .debug_frame   0x000013c0      0x134 .\CortexM3\ARM_GCC_484\Release\Module HF.a(CyFlash.o)
 .debug_frame   0x000014f4      0x15c .\CortexM3\ARM_GCC_484\Release\Module HF.a(CySpc.o)
 .debug_frame   0x00001650       0x20 c:/program files (x86)/cypress/psoc creator/3.1/psoc creator/import/gnu_cs/arm/4.8.4/bin/../lib/gcc/arm-none-eabi/4.8.4/../../../../arm-none-eabi/lib/armv7-m\libg_s.a(lib_a-errno.o)
 .debug_frame   0x00001670       0x28 c:/program files (x86)/cypress/psoc creator/3.1/psoc creator/import/gnu_cs/arm/4.8.4/bin/../lib/gcc/arm-none-eabi/4.8.4/../../../../arm-none-eabi/lib/armv7-m\libg_s.a(lib_a-exit.o)
 .debug_frame   0x00001698       0x2c c:/program files (x86)/cypress/psoc creator/3.1/psoc creator/import/gnu_cs/arm/4.8.4/bin/../lib/gcc/arm-none-eabi/4.8.4/../../../../arm-none-eabi/lib/armv7-m\libg_s.a(lib_a-init.o)
 .debug_frame   0x000016c4       0x28 c:/program files (x86)/cypress/psoc creator/3.1/psoc creator/import/gnu_cs/arm/4.8.4/bin/../lib/gcc/arm-none-eabi/4.8.4/../../../../arm-none-eabi/lib/armv7-m\libg_s.a(lib_a-memcpy-stub.o)
 .debug_frame   0x000016ec       0x20 c:/program files (x86)/cypress/psoc creator/3.1/psoc creator/import/gnu_cs/arm/4.8.4/bin/../lib/gcc/arm-none-eabi/4.8.4/../../../../arm-none-eabi/lib/armv7-m\libg_s.a(lib_a-memset.o)

.debug_str      0x00000000     0x1e2f
 *(.debug_str)
 .debug_str     0x00000000      0x140 .\CortexM3\ARM_GCC_484\Release\main.o
                                0x181 (size before relaxing)
 .debug_str     0x00000140       0xe2 .\CortexM3\ARM_GCC_484\Release\EEPROM.o
                                0x251 (size before relaxing)
 .debug_str     0x00000222      0x117 .\CortexM3\ARM_GCC_484\Release\Application.o
                                0x303 (size before relaxing)
 .debug_str     0x00000339       0x59 .\CortexM3\ARM_GCC_484\Release\WIFI.o
                                0x23f (size before relaxing)
 .debug_str     0x00000392       0x6a .\CortexM3\ARM_GCC_484\Release\Interruptions.o
                                0x221 (size before relaxing)
 .debug_str     0x000003fc       0xb1 .\CortexM3\ARM_GCC_484\Release\cymetadata.o
                                0x1d2 (size before relaxing)
 .debug_str     0x000004ad      0x151 .\CortexM3\ARM_GCC_484\Release\Cm3Start.o
                                0x2df (size before relaxing)
 .debug_str     0x000005fe      0x18b .\CortexM3\ARM_GCC_484\Release\Module HF.a(cyfitter_cfg.o)
                                0x320 (size before relaxing)
 .debug_str     0x00000789      0x125 .\CortexM3\ARM_GCC_484\Release\Module HF.a(I2C.o)
                                0x2ca (size before relaxing)
 .debug_str     0x000008ae       0x88 .\CortexM3\ARM_GCC_484\Release\Module HF.a(I2C_INT.o)
                                0x234 (size before relaxing)
 .debug_str     0x00000936       0x58 .\CortexM3\ARM_GCC_484\Release\Module HF.a(I2C_PM.o)
                                0x259 (size before relaxing)
 .debug_str     0x0000098e      0x103 .\CortexM3\ARM_GCC_484\Release\Module HF.a(I2C_MASTER.o)
                                0x380 (size before relaxing)
 .debug_str     0x00000a91      0x133 .\CortexM3\ARM_GCC_484\Release\Module HF.a(LCD.o)
                                0x307 (size before relaxing)
 .debug_str     0x00000bc4      0x788 .\CortexM3\ARM_GCC_484\Release\Module HF.a(CyLib.o)
                                0x9d0 (size before relaxing)
 .debug_str     0x0000134c      0x365 .\CortexM3\ARM_GCC_484\Release\Module HF.a(cyPm.o)
                                0x6ec (size before relaxing)
 .debug_str     0x000016b1      0x236 .\CortexM3\ARM_GCC_484\Release\Module HF.a(UART.o)
                                0x451 (size before relaxing)
 .debug_str     0x000018e7       0xd8 .\CortexM3\ARM_GCC_484\Release\Module HF.a(Rx_Int.o)
                                0x290 (size before relaxing)
 .debug_str     0x000019bf      0x185 .\CortexM3\ARM_GCC_484\Release\Module HF.a(UART_IntClock.o)
                                0x31e (size before relaxing)
 .debug_str     0x00001b44       0x55 .\CortexM3\ARM_GCC_484\Release\Module HF.a(SW2.o)
                                0x1c0 (size before relaxing)
 .debug_str     0x00001b99       0x4a .\CortexM3\ARM_GCC_484\Release\Module HF.a(SW3.o)
                                0x1c0 (size before relaxing)
 .debug_str     0x00001be3      0x19e .\CortexM3\ARM_GCC_484\Release\Module HF.a(CyFlash.o)
                                0x376 (size before relaxing)
 .debug_str     0x00001d81       0xae .\CortexM3\ARM_GCC_484\Release\Module HF.a(CySpc.o)
                                0x306 (size before relaxing)

.debug_loc      0x00000000     0x27ef
 *(.debug_loc)
 .debug_loc     0x00000000       0xff .\CortexM3\ARM_GCC_484\Release\EEPROM.o
 .debug_loc     0x000000ff       0x21 .\CortexM3\ARM_GCC_484\Release\WIFI.o
 .debug_loc     0x00000120      0x1f9 .\CortexM3\ARM_GCC_484\Release\Cm3Start.o
 .debug_loc     0x00000319      0x1b4 .\CortexM3\ARM_GCC_484\Release\Module HF.a(cyfitter_cfg.o)
 .debug_loc     0x000004cd       0x48 .\CortexM3\ARM_GCC_484\Release\Module HF.a(I2C.o)
 .debug_loc     0x00000515       0x4a .\CortexM3\ARM_GCC_484\Release\Module HF.a(I2C_INT.o)
 .debug_loc     0x0000055f       0x13 .\CortexM3\ARM_GCC_484\Release\Module HF.a(I2C_PM.o)
 .debug_loc     0x00000572      0x53b .\CortexM3\ARM_GCC_484\Release\Module HF.a(I2C_MASTER.o)
 .debug_loc     0x00000aad      0x3f2 .\CortexM3\ARM_GCC_484\Release\Module HF.a(LCD.o)
 .debug_loc     0x00000e9f      0x9dc .\CortexM3\ARM_GCC_484\Release\Module HF.a(CyLib.o)
 .debug_loc     0x0000187b      0x1ec .\CortexM3\ARM_GCC_484\Release\Module HF.a(cyPm.o)
 .debug_loc     0x00001a67      0x279 .\CortexM3\ARM_GCC_484\Release\Module HF.a(UART.o)
 .debug_loc     0x00001ce0       0x8d .\CortexM3\ARM_GCC_484\Release\Module HF.a(Rx_Int.o)
 .debug_loc     0x00001d6d       0xa6 .\CortexM3\ARM_GCC_484\Release\Module HF.a(UART_IntClock.o)
 .debug_loc     0x00001e13       0x5a .\CortexM3\ARM_GCC_484\Release\Module HF.a(SW2.o)
 .debug_loc     0x00001e6d       0x5a .\CortexM3\ARM_GCC_484\Release\Module HF.a(SW3.o)
 .debug_loc     0x00001ec7      0x300 .\CortexM3\ARM_GCC_484\Release\Module HF.a(CyFlash.o)
 .debug_loc     0x000021c7      0x628 .\CortexM3\ARM_GCC_484\Release\Module HF.a(CySpc.o)

.debug_macinfo
 *(.debug_macinfo)

.debug_ranges   0x00000000      0x9c0
 *(.debug_ranges)
 .debug_ranges  0x00000000       0x10 .\CortexM3\ARM_GCC_484\Release\main.o
 .debug_ranges  0x00000010       0x18 .\CortexM3\ARM_GCC_484\Release\EEPROM.o
 .debug_ranges  0x00000028       0x48 .\CortexM3\ARM_GCC_484\Release\Application.o
 .debug_ranges  0x00000070       0x30 .\CortexM3\ARM_GCC_484\Release\WIFI.o
 .debug_ranges  0x000000a0       0x18 .\CortexM3\ARM_GCC_484\Release\Interruptions.o
 .debug_ranges  0x000000b8       0x38 .\CortexM3\ARM_GCC_484\Release\Cm3Start.o
 .debug_ranges  0x000000f0       0xe0 .\CortexM3\ARM_GCC_484\Release\Module HF.a(cyfitter_cfg.o)
 .debug_ranges  0x000001d0       0x48 .\CortexM3\ARM_GCC_484\Release\Module HF.a(I2C.o)
 .debug_ranges  0x00000218       0x10 .\CortexM3\ARM_GCC_484\Release\Module HF.a(I2C_INT.o)
 .debug_ranges  0x00000228       0x28 .\CortexM3\ARM_GCC_484\Release\Module HF.a(I2C_PM.o)
 .debug_ranges  0x00000250       0x70 .\CortexM3\ARM_GCC_484\Release\Module HF.a(I2C_MASTER.o)
 .debug_ranges  0x000002c0       0xa0 .\CortexM3\ARM_GCC_484\Release\Module HF.a(LCD.o)
 .debug_ranges  0x00000360      0x278 .\CortexM3\ARM_GCC_484\Release\Module HF.a(CyLib.o)
 .debug_ranges  0x000005d8       0x80 .\CortexM3\ARM_GCC_484\Release\Module HF.a(cyPm.o)
 .debug_ranges  0x00000658       0xe0 .\CortexM3\ARM_GCC_484\Release\Module HF.a(UART.o)
 .debug_ranges  0x00000738       0xa0 .\CortexM3\ARM_GCC_484\Release\Module HF.a(Rx_Int.o)
 .debug_ranges  0x000007d8       0xb8 .\CortexM3\ARM_GCC_484\Release\Module HF.a(UART_IntClock.o)
 .debug_ranges  0x00000890       0x28 .\CortexM3\ARM_GCC_484\Release\Module HF.a(SW2.o)
 .debug_ranges  0x000008b8       0x28 .\CortexM3\ARM_GCC_484\Release\Module HF.a(SW3.o)
 .debug_ranges  0x000008e0       0x78 .\CortexM3\ARM_GCC_484\Release\Module HF.a(CyFlash.o)
 .debug_ranges  0x00000958       0x68 .\CortexM3\ARM_GCC_484\Release\Module HF.a(CySpc.o)

.comment        0x00000000       0x70
 .comment       0x00000000       0x70 .\CortexM3\ARM_GCC_484\Release\main.o
                                 0x71 (size before relaxing)
 .comment       0x00000000       0x71 .\CortexM3\ARM_GCC_484\Release\EEPROM.o
 .comment       0x00000000       0x71 .\CortexM3\ARM_GCC_484\Release\Application.o
 .comment       0x00000000       0x71 .\CortexM3\ARM_GCC_484\Release\WIFI.o
 .comment       0x00000000       0x71 .\CortexM3\ARM_GCC_484\Release\Interruptions.o
 .comment       0x00000000       0x71 .\CortexM3\ARM_GCC_484\Release\cymetadata.o
 .comment       0x00000000       0x71 .\CortexM3\ARM_GCC_484\Release\Cm3Start.o
 .comment       0x00000000       0x71 .\CortexM3\ARM_GCC_484\Release\Module HF.a(cyfitter_cfg.o)
 .comment       0x00000000       0x71 .\CortexM3\ARM_GCC_484\Release\Module HF.a(I2C.o)
 .comment       0x00000000       0x71 .\CortexM3\ARM_GCC_484\Release\Module HF.a(I2C_INT.o)
 .comment       0x00000000       0x71 .\CortexM3\ARM_GCC_484\Release\Module HF.a(I2C_PM.o)
 .comment       0x00000000       0x71 .\CortexM3\ARM_GCC_484\Release\Module HF.a(I2C_MASTER.o)
 .comment       0x00000000       0x71 .\CortexM3\ARM_GCC_484\Release\Module HF.a(LCD.o)
 .comment       0x00000000       0x71 .\CortexM3\ARM_GCC_484\Release\Module HF.a(CyLib.o)
 .comment       0x00000000       0x71 .\CortexM3\ARM_GCC_484\Release\Module HF.a(cyPm.o)
 .comment       0x00000000       0x71 .\CortexM3\ARM_GCC_484\Release\Module HF.a(UART.o)
 .comment       0x00000000       0x71 .\CortexM3\ARM_GCC_484\Release\Module HF.a(Rx_Int.o)
 .comment       0x00000000       0x71 .\CortexM3\ARM_GCC_484\Release\Module HF.a(UART_IntClock.o)
 .comment       0x00000000       0x71 .\CortexM3\ARM_GCC_484\Release\Module HF.a(SW2.o)
 .comment       0x00000000       0x71 .\CortexM3\ARM_GCC_484\Release\Module HF.a(SW3.o)
 .comment       0x00000000       0x71 .\CortexM3\ARM_GCC_484\Release\Module HF.a(CyFlash.o)
 .comment       0x00000000       0x71 .\CortexM3\ARM_GCC_484\Release\Module HF.a(CySpc.o)

.debug_weaknames
 *(.debug_weaknames)

.debug_funcnames
 *(.debug_funcnames)

.debug_typenames
 *(.debug_typenames)

.debug_varnames
 *(.debug_varnames)

.note.gnu.arm.ident
 *(.note.gnu.arm.ident)

.ARM.attributes
                0x00000000       0x29
 *(.ARM.attributes)
 .ARM.attributes
                0x00000000       0x1d c:/program files (x86)/cypress/psoc creator/3.1/psoc creator/import/gnu_cs/arm/4.8.4/bin/../lib/gcc/arm-none-eabi/4.8.4/armv7-m/crti.o
 .ARM.attributes
                0x0000001d       0x2d c:/program files (x86)/cypress/psoc creator/3.1/psoc creator/import/gnu_cs/arm/4.8.4/bin/../lib/gcc/arm-none-eabi/4.8.4/armv7-m/crtbegin.o
 .ARM.attributes
                0x0000004a       0x1b c:/program files (x86)/cypress/psoc creator/3.1/psoc creator/import/gnu_cs/arm/4.8.4/bin/../lib/gcc/arm-none-eabi/4.8.4/../../../../arm-none-eabi/lib/armv7-m/crt0.o
 .ARM.attributes
                0x00000065       0x33 .\CortexM3\ARM_GCC_484\Release\main.o
 .ARM.attributes
                0x00000098       0x33 .\CortexM3\ARM_GCC_484\Release\EEPROM.o
 .ARM.attributes
                0x000000cb       0x33 .\CortexM3\ARM_GCC_484\Release\Application.o
 .ARM.attributes
                0x000000fe       0x33 .\CortexM3\ARM_GCC_484\Release\WIFI.o
 .ARM.attributes
                0x00000131       0x33 .\CortexM3\ARM_GCC_484\Release\Interruptions.o
 .ARM.attributes
                0x00000164       0x33 .\CortexM3\ARM_GCC_484\Release\cymetadata.o
 .ARM.attributes
                0x00000197       0x33 .\CortexM3\ARM_GCC_484\Release\Cm3Start.o
 .ARM.attributes
                0x000001ca       0x33 .\CortexM3\ARM_GCC_484\Release\Module HF.a(cyfitter_cfg.o)
 .ARM.attributes
                0x000001fd       0x33 .\CortexM3\ARM_GCC_484\Release\Module HF.a(I2C.o)
 .ARM.attributes
                0x00000230       0x33 .\CortexM3\ARM_GCC_484\Release\Module HF.a(I2C_INT.o)
 .ARM.attributes
                0x00000263       0x33 .\CortexM3\ARM_GCC_484\Release\Module HF.a(I2C_PM.o)
 .ARM.attributes
                0x00000296       0x33 .\CortexM3\ARM_GCC_484\Release\Module HF.a(I2C_MASTER.o)
 .ARM.attributes
                0x000002c9       0x33 .\CortexM3\ARM_GCC_484\Release\Module HF.a(LCD.o)
 .ARM.attributes
                0x000002fc       0x21 .\CortexM3\ARM_GCC_484\Release\Module HF.a(CyBootAsmGnu.o)
 .ARM.attributes
                0x0000031d       0x33 .\CortexM3\ARM_GCC_484\Release\Module HF.a(CyLib.o)
 .ARM.attributes
                0x00000350       0x33 .\CortexM3\ARM_GCC_484\Release\Module HF.a(cyPm.o)
 .ARM.attributes
                0x00000383       0x33 .\CortexM3\ARM_GCC_484\Release\Module HF.a(UART.o)
 .ARM.attributes
                0x000003b6       0x33 .\CortexM3\ARM_GCC_484\Release\Module HF.a(Rx_Int.o)
 .ARM.attributes
                0x000003e9       0x33 .\CortexM3\ARM_GCC_484\Release\Module HF.a(UART_IntClock.o)
 .ARM.attributes
                0x0000041c       0x33 .\CortexM3\ARM_GCC_484\Release\Module HF.a(SW2.o)
 .ARM.attributes
                0x0000044f       0x33 .\CortexM3\ARM_GCC_484\Release\Module HF.a(SW3.o)
 .ARM.attributes
                0x00000482       0x33 .\CortexM3\ARM_GCC_484\Release\Module HF.a(CyFlash.o)
 .ARM.attributes
                0x000004b5       0x33 .\CortexM3\ARM_GCC_484\Release\Module HF.a(CySpc.o)
 .ARM.attributes
                0x000004e8       0x2d c:/program files (x86)/cypress/psoc creator/3.1/psoc creator/import/gnu_cs/arm/4.8.4/bin/../lib/gcc/arm-none-eabi/4.8.4/../../../../arm-none-eabi/lib/armv7-m\libg_s.a(lib_a-errno.o)
 .ARM.attributes
                0x00000515       0x2d c:/program files (x86)/cypress/psoc creator/3.1/psoc creator/import/gnu_cs/arm/4.8.4/bin/../lib/gcc/arm-none-eabi/4.8.4/../../../../arm-none-eabi/lib/armv7-m\libg_s.a(lib_a-exit.o)
 .ARM.attributes
                0x00000542       0x2d c:/program files (x86)/cypress/psoc creator/3.1/psoc creator/import/gnu_cs/arm/4.8.4/bin/../lib/gcc/arm-none-eabi/4.8.4/../../../../arm-none-eabi/lib/armv7-m\libg_s.a(lib_a-impure.o)
 .ARM.attributes
                0x0000056f       0x2d c:/program files (x86)/cypress/psoc creator/3.1/psoc creator/import/gnu_cs/arm/4.8.4/bin/../lib/gcc/arm-none-eabi/4.8.4/../../../../arm-none-eabi/lib/armv7-m\libg_s.a(lib_a-init.o)
 .ARM.attributes
                0x0000059c       0x2d c:/program files (x86)/cypress/psoc creator/3.1/psoc creator/import/gnu_cs/arm/4.8.4/bin/../lib/gcc/arm-none-eabi/4.8.4/../../../../arm-none-eabi/lib/armv7-m\libg_s.a(lib_a-memcpy-stub.o)
 .ARM.attributes
                0x000005c9       0x2d c:/program files (x86)/cypress/psoc creator/3.1/psoc creator/import/gnu_cs/arm/4.8.4/bin/../lib/gcc/arm-none-eabi/4.8.4/../../../../arm-none-eabi/lib/armv7-m\libg_s.a(lib_a-memset.o)
 .ARM.attributes
                0x000005f6       0x2d c:/program files (x86)/cypress/psoc creator/3.1/psoc creator/import/gnu_cs/arm/4.8.4/bin/../lib/gcc/arm-none-eabi/4.8.4/armv7-m/crtend.o
 .ARM.attributes
                0x00000623       0x1d c:/program files (x86)/cypress/psoc creator/3.1/psoc creator/import/gnu_cs/arm/4.8.4/bin/../lib/gcc/arm-none-eabi/4.8.4/armv7-m/crtn.o

/DISCARD/
 *(.note.GNU-stack)
OUTPUT(.\CortexM3\ARM_GCC_484\Release\Module HF.elf elf32-littlearm)
