ARM GAS  C:\Users\Eih3\AppData\Local\Temp\ccbwQvgd.s 			page 1


   1              		.syntax unified
   2              		.cpu cortex-m3
   3              		.fpu softvfp
   4              		.eabi_attribute 20, 1
   5              		.eabi_attribute 21, 1
   6              		.eabi_attribute 23, 3
   7              		.eabi_attribute 24, 1
   8              		.eabi_attribute 25, 1
   9              		.eabi_attribute 26, 1
  10              		.eabi_attribute 30, 4
  11              		.eabi_attribute 34, 1
  12              		.eabi_attribute 18, 4
  13              		.thumb
  14              		.file	"Rx_Int.c"
  15              		.text
  16              	.Ltext0:
  17              		.cfi_sections	.debug_frame
  18              		.section	.text.Rx_Int_Interrupt,"ax",%progbits
  19              		.align	1
  20              		.global	Rx_Int_Interrupt
  21              		.thumb
  22              		.thumb_func
  23              		.type	Rx_Int_Interrupt, %function
  24              	Rx_Int_Interrupt:
  25              	.LFB3:
  26              		.file 1 ".\\Generated_Source\\PSoC5\\Rx_Int.c"
   1:.\Generated_Source\PSoC5/Rx_Int.c **** /*******************************************************************************
   2:.\Generated_Source\PSoC5/Rx_Int.c **** * File Name: Rx_Int.c  
   3:.\Generated_Source\PSoC5/Rx_Int.c **** * Version 1.70
   4:.\Generated_Source\PSoC5/Rx_Int.c **** *
   5:.\Generated_Source\PSoC5/Rx_Int.c **** *  Description:
   6:.\Generated_Source\PSoC5/Rx_Int.c **** *   API for controlling the state of an interrupt.
   7:.\Generated_Source\PSoC5/Rx_Int.c **** *
   8:.\Generated_Source\PSoC5/Rx_Int.c **** *
   9:.\Generated_Source\PSoC5/Rx_Int.c **** *  Note:
  10:.\Generated_Source\PSoC5/Rx_Int.c **** *
  11:.\Generated_Source\PSoC5/Rx_Int.c **** ********************************************************************************
  12:.\Generated_Source\PSoC5/Rx_Int.c **** * Copyright 2008-2015, Cypress Semiconductor Corporation.  All rights reserved.
  13:.\Generated_Source\PSoC5/Rx_Int.c **** * You may use this file only in accordance with the license, terms, conditions, 
  14:.\Generated_Source\PSoC5/Rx_Int.c **** * disclaimers, and limitations in the end user license agreement accompanying 
  15:.\Generated_Source\PSoC5/Rx_Int.c **** * the software package with which this file was provided.
  16:.\Generated_Source\PSoC5/Rx_Int.c **** *******************************************************************************/
  17:.\Generated_Source\PSoC5/Rx_Int.c **** 
  18:.\Generated_Source\PSoC5/Rx_Int.c **** 
  19:.\Generated_Source\PSoC5/Rx_Int.c **** #include <cydevice_trm.h>
  20:.\Generated_Source\PSoC5/Rx_Int.c **** #include <CyLib.h>
  21:.\Generated_Source\PSoC5/Rx_Int.c **** #include <Rx_Int.h>
  22:.\Generated_Source\PSoC5/Rx_Int.c **** 
  23:.\Generated_Source\PSoC5/Rx_Int.c **** #if !defined(Rx_Int__REMOVED) /* Check for removal by optimization */
  24:.\Generated_Source\PSoC5/Rx_Int.c **** 
  25:.\Generated_Source\PSoC5/Rx_Int.c **** /*******************************************************************************
  26:.\Generated_Source\PSoC5/Rx_Int.c **** *  Place your includes, defines and code here 
  27:.\Generated_Source\PSoC5/Rx_Int.c **** ********************************************************************************/
  28:.\Generated_Source\PSoC5/Rx_Int.c **** /* `#START Rx_Int_intc` */
  29:.\Generated_Source\PSoC5/Rx_Int.c **** 
  30:.\Generated_Source\PSoC5/Rx_Int.c **** /* `#END` */
  31:.\Generated_Source\PSoC5/Rx_Int.c **** 
ARM GAS  C:\Users\Eih3\AppData\Local\Temp\ccbwQvgd.s 			page 2


  32:.\Generated_Source\PSoC5/Rx_Int.c **** #ifndef CYINT_IRQ_BASE
  33:.\Generated_Source\PSoC5/Rx_Int.c **** #define CYINT_IRQ_BASE      16
  34:.\Generated_Source\PSoC5/Rx_Int.c **** #endif /* CYINT_IRQ_BASE */
  35:.\Generated_Source\PSoC5/Rx_Int.c **** #ifndef CYINT_VECT_TABLE
  36:.\Generated_Source\PSoC5/Rx_Int.c **** #define CYINT_VECT_TABLE    ((cyisraddress **) CYREG_NVIC_VECT_OFFSET)
  37:.\Generated_Source\PSoC5/Rx_Int.c **** #endif /* CYINT_VECT_TABLE */
  38:.\Generated_Source\PSoC5/Rx_Int.c **** 
  39:.\Generated_Source\PSoC5/Rx_Int.c **** /* Declared in startup, used to set unused interrupts to. */
  40:.\Generated_Source\PSoC5/Rx_Int.c **** CY_ISR_PROTO(IntDefaultHandler);
  41:.\Generated_Source\PSoC5/Rx_Int.c **** 
  42:.\Generated_Source\PSoC5/Rx_Int.c **** 
  43:.\Generated_Source\PSoC5/Rx_Int.c **** /*******************************************************************************
  44:.\Generated_Source\PSoC5/Rx_Int.c **** * Function Name: Rx_Int_Start
  45:.\Generated_Source\PSoC5/Rx_Int.c **** ********************************************************************************
  46:.\Generated_Source\PSoC5/Rx_Int.c **** *
  47:.\Generated_Source\PSoC5/Rx_Int.c **** * Summary:
  48:.\Generated_Source\PSoC5/Rx_Int.c **** *  Set up the interrupt and enable it. This function disables the interrupt, 
  49:.\Generated_Source\PSoC5/Rx_Int.c **** *  sets the default interrupt vector, sets the priority from the value in the
  50:.\Generated_Source\PSoC5/Rx_Int.c **** *  Design Wide Resources Interrupt Editor, then enables the interrupt to the 
  51:.\Generated_Source\PSoC5/Rx_Int.c **** *  interrupt controller.
  52:.\Generated_Source\PSoC5/Rx_Int.c **** *
  53:.\Generated_Source\PSoC5/Rx_Int.c **** * Parameters:  
  54:.\Generated_Source\PSoC5/Rx_Int.c **** *   None
  55:.\Generated_Source\PSoC5/Rx_Int.c **** *
  56:.\Generated_Source\PSoC5/Rx_Int.c **** * Return:
  57:.\Generated_Source\PSoC5/Rx_Int.c **** *   None
  58:.\Generated_Source\PSoC5/Rx_Int.c **** *
  59:.\Generated_Source\PSoC5/Rx_Int.c **** *******************************************************************************/
  60:.\Generated_Source\PSoC5/Rx_Int.c **** void Rx_Int_Start(void)
  61:.\Generated_Source\PSoC5/Rx_Int.c **** {
  62:.\Generated_Source\PSoC5/Rx_Int.c ****     /* For all we know the interrupt is active. */
  63:.\Generated_Source\PSoC5/Rx_Int.c ****     Rx_Int_Disable();
  64:.\Generated_Source\PSoC5/Rx_Int.c **** 
  65:.\Generated_Source\PSoC5/Rx_Int.c ****     /* Set the ISR to point to the Rx_Int Interrupt. */
  66:.\Generated_Source\PSoC5/Rx_Int.c ****     Rx_Int_SetVector(&Rx_Int_Interrupt);
  67:.\Generated_Source\PSoC5/Rx_Int.c **** 
  68:.\Generated_Source\PSoC5/Rx_Int.c ****     /* Set the priority. */
  69:.\Generated_Source\PSoC5/Rx_Int.c ****     Rx_Int_SetPriority((uint8)Rx_Int_INTC_PRIOR_NUMBER);
  70:.\Generated_Source\PSoC5/Rx_Int.c **** 
  71:.\Generated_Source\PSoC5/Rx_Int.c ****     /* Enable it. */
  72:.\Generated_Source\PSoC5/Rx_Int.c ****     Rx_Int_Enable();
  73:.\Generated_Source\PSoC5/Rx_Int.c **** }
  74:.\Generated_Source\PSoC5/Rx_Int.c **** 
  75:.\Generated_Source\PSoC5/Rx_Int.c **** 
  76:.\Generated_Source\PSoC5/Rx_Int.c **** /*******************************************************************************
  77:.\Generated_Source\PSoC5/Rx_Int.c **** * Function Name: Rx_Int_StartEx
  78:.\Generated_Source\PSoC5/Rx_Int.c **** ********************************************************************************
  79:.\Generated_Source\PSoC5/Rx_Int.c **** *
  80:.\Generated_Source\PSoC5/Rx_Int.c **** * Summary:
  81:.\Generated_Source\PSoC5/Rx_Int.c **** *  Sets up the interrupt and enables it. This function disables the interrupt,
  82:.\Generated_Source\PSoC5/Rx_Int.c **** *  sets the interrupt vector based on the address passed in, sets the priority 
  83:.\Generated_Source\PSoC5/Rx_Int.c **** *  from the value in the Design Wide Resources Interrupt Editor, then enables 
  84:.\Generated_Source\PSoC5/Rx_Int.c **** *  the interrupt to the interrupt controller.
  85:.\Generated_Source\PSoC5/Rx_Int.c **** *  
  86:.\Generated_Source\PSoC5/Rx_Int.c **** *  When defining ISR functions, the CY_ISR and CY_ISR_PROTO macros should be 
  87:.\Generated_Source\PSoC5/Rx_Int.c **** *  used to provide consistent definition across compilers:
  88:.\Generated_Source\PSoC5/Rx_Int.c **** *  
ARM GAS  C:\Users\Eih3\AppData\Local\Temp\ccbwQvgd.s 			page 3


  89:.\Generated_Source\PSoC5/Rx_Int.c **** *  Function definition example:
  90:.\Generated_Source\PSoC5/Rx_Int.c **** *   CY_ISR(MyISR)
  91:.\Generated_Source\PSoC5/Rx_Int.c **** *   {
  92:.\Generated_Source\PSoC5/Rx_Int.c **** *   }
  93:.\Generated_Source\PSoC5/Rx_Int.c **** *   Function prototype example:
  94:.\Generated_Source\PSoC5/Rx_Int.c **** *   CY_ISR_PROTO(MyISR);
  95:.\Generated_Source\PSoC5/Rx_Int.c **** *
  96:.\Generated_Source\PSoC5/Rx_Int.c **** * Parameters:  
  97:.\Generated_Source\PSoC5/Rx_Int.c **** *   address: Address of the ISR to set in the interrupt vector table.
  98:.\Generated_Source\PSoC5/Rx_Int.c **** *
  99:.\Generated_Source\PSoC5/Rx_Int.c **** * Return:
 100:.\Generated_Source\PSoC5/Rx_Int.c **** *   None
 101:.\Generated_Source\PSoC5/Rx_Int.c **** *
 102:.\Generated_Source\PSoC5/Rx_Int.c **** *******************************************************************************/
 103:.\Generated_Source\PSoC5/Rx_Int.c **** void Rx_Int_StartEx(cyisraddress address)
 104:.\Generated_Source\PSoC5/Rx_Int.c **** {
 105:.\Generated_Source\PSoC5/Rx_Int.c ****     /* For all we know the interrupt is active. */
 106:.\Generated_Source\PSoC5/Rx_Int.c ****     Rx_Int_Disable();
 107:.\Generated_Source\PSoC5/Rx_Int.c **** 
 108:.\Generated_Source\PSoC5/Rx_Int.c ****     /* Set the ISR to point to the Rx_Int Interrupt. */
 109:.\Generated_Source\PSoC5/Rx_Int.c ****     Rx_Int_SetVector(address);
 110:.\Generated_Source\PSoC5/Rx_Int.c **** 
 111:.\Generated_Source\PSoC5/Rx_Int.c ****     /* Set the priority. */
 112:.\Generated_Source\PSoC5/Rx_Int.c ****     Rx_Int_SetPriority((uint8)Rx_Int_INTC_PRIOR_NUMBER);
 113:.\Generated_Source\PSoC5/Rx_Int.c **** 
 114:.\Generated_Source\PSoC5/Rx_Int.c ****     /* Enable it. */
 115:.\Generated_Source\PSoC5/Rx_Int.c ****     Rx_Int_Enable();
 116:.\Generated_Source\PSoC5/Rx_Int.c **** }
 117:.\Generated_Source\PSoC5/Rx_Int.c **** 
 118:.\Generated_Source\PSoC5/Rx_Int.c **** 
 119:.\Generated_Source\PSoC5/Rx_Int.c **** /*******************************************************************************
 120:.\Generated_Source\PSoC5/Rx_Int.c **** * Function Name: Rx_Int_Stop
 121:.\Generated_Source\PSoC5/Rx_Int.c **** ********************************************************************************
 122:.\Generated_Source\PSoC5/Rx_Int.c **** *
 123:.\Generated_Source\PSoC5/Rx_Int.c **** * Summary:
 124:.\Generated_Source\PSoC5/Rx_Int.c **** *   Disables and removes the interrupt.
 125:.\Generated_Source\PSoC5/Rx_Int.c **** *
 126:.\Generated_Source\PSoC5/Rx_Int.c **** * Parameters:  
 127:.\Generated_Source\PSoC5/Rx_Int.c **** *   None
 128:.\Generated_Source\PSoC5/Rx_Int.c **** *
 129:.\Generated_Source\PSoC5/Rx_Int.c **** * Return:
 130:.\Generated_Source\PSoC5/Rx_Int.c **** *   None
 131:.\Generated_Source\PSoC5/Rx_Int.c **** *
 132:.\Generated_Source\PSoC5/Rx_Int.c **** *******************************************************************************/
 133:.\Generated_Source\PSoC5/Rx_Int.c **** void Rx_Int_Stop(void)
 134:.\Generated_Source\PSoC5/Rx_Int.c **** {
 135:.\Generated_Source\PSoC5/Rx_Int.c ****     /* Disable this interrupt. */
 136:.\Generated_Source\PSoC5/Rx_Int.c ****     Rx_Int_Disable();
 137:.\Generated_Source\PSoC5/Rx_Int.c **** 
 138:.\Generated_Source\PSoC5/Rx_Int.c ****     /* Set the ISR to point to the passive one. */
 139:.\Generated_Source\PSoC5/Rx_Int.c ****     Rx_Int_SetVector(&IntDefaultHandler);
 140:.\Generated_Source\PSoC5/Rx_Int.c **** }
 141:.\Generated_Source\PSoC5/Rx_Int.c **** 
 142:.\Generated_Source\PSoC5/Rx_Int.c **** 
 143:.\Generated_Source\PSoC5/Rx_Int.c **** /*******************************************************************************
 144:.\Generated_Source\PSoC5/Rx_Int.c **** * Function Name: Rx_Int_Interrupt
 145:.\Generated_Source\PSoC5/Rx_Int.c **** ********************************************************************************
ARM GAS  C:\Users\Eih3\AppData\Local\Temp\ccbwQvgd.s 			page 4


 146:.\Generated_Source\PSoC5/Rx_Int.c **** *
 147:.\Generated_Source\PSoC5/Rx_Int.c **** * Summary:
 148:.\Generated_Source\PSoC5/Rx_Int.c **** *   The default Interrupt Service Routine for Rx_Int.
 149:.\Generated_Source\PSoC5/Rx_Int.c **** *
 150:.\Generated_Source\PSoC5/Rx_Int.c **** *   Add custom code between the coments to keep the next version of this file
 151:.\Generated_Source\PSoC5/Rx_Int.c **** *   from over writting your code.
 152:.\Generated_Source\PSoC5/Rx_Int.c **** *
 153:.\Generated_Source\PSoC5/Rx_Int.c **** * Parameters:  
 154:.\Generated_Source\PSoC5/Rx_Int.c **** *
 155:.\Generated_Source\PSoC5/Rx_Int.c **** * Return:
 156:.\Generated_Source\PSoC5/Rx_Int.c **** *   None
 157:.\Generated_Source\PSoC5/Rx_Int.c **** *
 158:.\Generated_Source\PSoC5/Rx_Int.c **** *******************************************************************************/
 159:.\Generated_Source\PSoC5/Rx_Int.c **** CY_ISR(Rx_Int_Interrupt)
 160:.\Generated_Source\PSoC5/Rx_Int.c **** {
  27              		.loc 1 160 0
  28              		.cfi_startproc
  29              		@ args = 0, pretend = 0, frame = 0
  30              		@ frame_needed = 0, uses_anonymous_args = 0
  31              		@ link register save eliminated.
  32 0000 7047     		bx	lr
  33              		.cfi_endproc
  34              	.LFE3:
  35              		.size	Rx_Int_Interrupt, .-Rx_Int_Interrupt
  36              		.section	.text.Rx_Int_Start,"ax",%progbits
  37              		.align	1
  38              		.global	Rx_Int_Start
  39              		.thumb
  40              		.thumb_func
  41              		.type	Rx_Int_Start, %function
  42              	Rx_Int_Start:
  43              	.LFB0:
  61:.\Generated_Source\PSoC5/Rx_Int.c **** {
  44              		.loc 1 61 0
  45              		.cfi_startproc
  46              		@ args = 0, pretend = 0, frame = 0
  47              		@ frame_needed = 0, uses_anonymous_args = 0
  48              		@ link register save eliminated.
  49              	.LBB22:
  50              	.LBB23:
 161:.\Generated_Source\PSoC5/Rx_Int.c ****     /*  Place your Interrupt code here. */
 162:.\Generated_Source\PSoC5/Rx_Int.c ****     /* `#START Rx_Int_Interrupt` */
 163:.\Generated_Source\PSoC5/Rx_Int.c **** 
 164:.\Generated_Source\PSoC5/Rx_Int.c ****     /* `#END` */
 165:.\Generated_Source\PSoC5/Rx_Int.c **** }
 166:.\Generated_Source\PSoC5/Rx_Int.c **** 
 167:.\Generated_Source\PSoC5/Rx_Int.c **** 
 168:.\Generated_Source\PSoC5/Rx_Int.c **** /*******************************************************************************
 169:.\Generated_Source\PSoC5/Rx_Int.c **** * Function Name: Rx_Int_SetVector
 170:.\Generated_Source\PSoC5/Rx_Int.c **** ********************************************************************************
 171:.\Generated_Source\PSoC5/Rx_Int.c **** *
 172:.\Generated_Source\PSoC5/Rx_Int.c **** * Summary:
 173:.\Generated_Source\PSoC5/Rx_Int.c **** *   Change the ISR vector for the Interrupt. Note calling Rx_Int_Start
 174:.\Generated_Source\PSoC5/Rx_Int.c **** *   will override any effect this method would have had. To set the vector 
 175:.\Generated_Source\PSoC5/Rx_Int.c **** *   before the component has been started use Rx_Int_StartEx instead.
 176:.\Generated_Source\PSoC5/Rx_Int.c **** * 
 177:.\Generated_Source\PSoC5/Rx_Int.c **** *   When defining ISR functions, the CY_ISR and CY_ISR_PROTO macros should be 
ARM GAS  C:\Users\Eih3\AppData\Local\Temp\ccbwQvgd.s 			page 5


 178:.\Generated_Source\PSoC5/Rx_Int.c **** *   used to provide consistent definition across compilers:
 179:.\Generated_Source\PSoC5/Rx_Int.c **** *
 180:.\Generated_Source\PSoC5/Rx_Int.c **** *   Function definition example:
 181:.\Generated_Source\PSoC5/Rx_Int.c **** *   CY_ISR(MyISR)
 182:.\Generated_Source\PSoC5/Rx_Int.c **** *   {
 183:.\Generated_Source\PSoC5/Rx_Int.c **** *   }
 184:.\Generated_Source\PSoC5/Rx_Int.c **** *
 185:.\Generated_Source\PSoC5/Rx_Int.c **** *   Function prototype example:
 186:.\Generated_Source\PSoC5/Rx_Int.c **** *     CY_ISR_PROTO(MyISR);
 187:.\Generated_Source\PSoC5/Rx_Int.c **** *
 188:.\Generated_Source\PSoC5/Rx_Int.c **** * Parameters:
 189:.\Generated_Source\PSoC5/Rx_Int.c **** *   address: Address of the ISR to set in the interrupt vector table.
 190:.\Generated_Source\PSoC5/Rx_Int.c **** *
 191:.\Generated_Source\PSoC5/Rx_Int.c **** * Return:
 192:.\Generated_Source\PSoC5/Rx_Int.c **** *   None
 193:.\Generated_Source\PSoC5/Rx_Int.c **** *
 194:.\Generated_Source\PSoC5/Rx_Int.c **** *******************************************************************************/
 195:.\Generated_Source\PSoC5/Rx_Int.c **** void Rx_Int_SetVector(cyisraddress address)
 196:.\Generated_Source\PSoC5/Rx_Int.c **** {
 197:.\Generated_Source\PSoC5/Rx_Int.c ****     cyisraddress * ramVectorTable;
 198:.\Generated_Source\PSoC5/Rx_Int.c **** 
 199:.\Generated_Source\PSoC5/Rx_Int.c ****     ramVectorTable = (cyisraddress *) *CYINT_VECT_TABLE;
 200:.\Generated_Source\PSoC5/Rx_Int.c **** 
 201:.\Generated_Source\PSoC5/Rx_Int.c ****     ramVectorTable[CYINT_IRQ_BASE + (uint32)Rx_Int__INTC_NUMBER] = address;
 202:.\Generated_Source\PSoC5/Rx_Int.c **** }
 203:.\Generated_Source\PSoC5/Rx_Int.c **** 
 204:.\Generated_Source\PSoC5/Rx_Int.c **** 
 205:.\Generated_Source\PSoC5/Rx_Int.c **** /*******************************************************************************
 206:.\Generated_Source\PSoC5/Rx_Int.c **** * Function Name: Rx_Int_GetVector
 207:.\Generated_Source\PSoC5/Rx_Int.c **** ********************************************************************************
 208:.\Generated_Source\PSoC5/Rx_Int.c **** *
 209:.\Generated_Source\PSoC5/Rx_Int.c **** * Summary:
 210:.\Generated_Source\PSoC5/Rx_Int.c **** *   Gets the "address" of the current ISR vector for the Interrupt.
 211:.\Generated_Source\PSoC5/Rx_Int.c **** *
 212:.\Generated_Source\PSoC5/Rx_Int.c **** * Parameters:
 213:.\Generated_Source\PSoC5/Rx_Int.c **** *   None
 214:.\Generated_Source\PSoC5/Rx_Int.c **** *
 215:.\Generated_Source\PSoC5/Rx_Int.c **** * Return:
 216:.\Generated_Source\PSoC5/Rx_Int.c **** *   Address of the ISR in the interrupt vector table.
 217:.\Generated_Source\PSoC5/Rx_Int.c **** *
 218:.\Generated_Source\PSoC5/Rx_Int.c **** *******************************************************************************/
 219:.\Generated_Source\PSoC5/Rx_Int.c **** cyisraddress Rx_Int_GetVector(void)
 220:.\Generated_Source\PSoC5/Rx_Int.c **** {
 221:.\Generated_Source\PSoC5/Rx_Int.c ****     cyisraddress * ramVectorTable;
 222:.\Generated_Source\PSoC5/Rx_Int.c **** 
 223:.\Generated_Source\PSoC5/Rx_Int.c ****     ramVectorTable = (cyisraddress *) *CYINT_VECT_TABLE;
 224:.\Generated_Source\PSoC5/Rx_Int.c **** 
 225:.\Generated_Source\PSoC5/Rx_Int.c ****     return ramVectorTable[CYINT_IRQ_BASE + (uint32)Rx_Int__INTC_NUMBER];
 226:.\Generated_Source\PSoC5/Rx_Int.c **** }
 227:.\Generated_Source\PSoC5/Rx_Int.c **** 
 228:.\Generated_Source\PSoC5/Rx_Int.c **** 
 229:.\Generated_Source\PSoC5/Rx_Int.c **** /*******************************************************************************
 230:.\Generated_Source\PSoC5/Rx_Int.c **** * Function Name: Rx_Int_SetPriority
 231:.\Generated_Source\PSoC5/Rx_Int.c **** ********************************************************************************
 232:.\Generated_Source\PSoC5/Rx_Int.c **** *
 233:.\Generated_Source\PSoC5/Rx_Int.c **** * Summary:
 234:.\Generated_Source\PSoC5/Rx_Int.c **** *   Sets the Priority of the Interrupt. 
ARM GAS  C:\Users\Eih3\AppData\Local\Temp\ccbwQvgd.s 			page 6


 235:.\Generated_Source\PSoC5/Rx_Int.c **** *
 236:.\Generated_Source\PSoC5/Rx_Int.c **** *   Note calling Rx_Int_Start or Rx_Int_StartEx will 
 237:.\Generated_Source\PSoC5/Rx_Int.c **** *   override any effect this API would have had. This API should only be called
 238:.\Generated_Source\PSoC5/Rx_Int.c **** *   after Rx_Int_Start or Rx_Int_StartEx has been called. 
 239:.\Generated_Source\PSoC5/Rx_Int.c **** *   To set the initial priority for the component, use the Design-Wide Resources
 240:.\Generated_Source\PSoC5/Rx_Int.c **** *   Interrupt Editor.
 241:.\Generated_Source\PSoC5/Rx_Int.c **** *
 242:.\Generated_Source\PSoC5/Rx_Int.c **** *   Note This API has no effect on Non-maskable interrupt NMI).
 243:.\Generated_Source\PSoC5/Rx_Int.c **** *
 244:.\Generated_Source\PSoC5/Rx_Int.c **** * Parameters:
 245:.\Generated_Source\PSoC5/Rx_Int.c **** *   priority: Priority of the interrupt, 0 being the highest priority
 246:.\Generated_Source\PSoC5/Rx_Int.c **** *             PSoC 3 and PSoC 5LP: Priority is from 0 to 7.
 247:.\Generated_Source\PSoC5/Rx_Int.c **** *             PSoC 4: Priority is from 0 to 3.
 248:.\Generated_Source\PSoC5/Rx_Int.c **** *
 249:.\Generated_Source\PSoC5/Rx_Int.c **** * Return:
 250:.\Generated_Source\PSoC5/Rx_Int.c **** *   None
 251:.\Generated_Source\PSoC5/Rx_Int.c **** *
 252:.\Generated_Source\PSoC5/Rx_Int.c **** *******************************************************************************/
 253:.\Generated_Source\PSoC5/Rx_Int.c **** void Rx_Int_SetPriority(uint8 priority)
 254:.\Generated_Source\PSoC5/Rx_Int.c **** {
 255:.\Generated_Source\PSoC5/Rx_Int.c ****     *Rx_Int_INTC_PRIOR = priority << 5;
 256:.\Generated_Source\PSoC5/Rx_Int.c **** }
 257:.\Generated_Source\PSoC5/Rx_Int.c **** 
 258:.\Generated_Source\PSoC5/Rx_Int.c **** 
 259:.\Generated_Source\PSoC5/Rx_Int.c **** /*******************************************************************************
 260:.\Generated_Source\PSoC5/Rx_Int.c **** * Function Name: Rx_Int_GetPriority
 261:.\Generated_Source\PSoC5/Rx_Int.c **** ********************************************************************************
 262:.\Generated_Source\PSoC5/Rx_Int.c **** *
 263:.\Generated_Source\PSoC5/Rx_Int.c **** * Summary:
 264:.\Generated_Source\PSoC5/Rx_Int.c **** *   Gets the Priority of the Interrupt.
 265:.\Generated_Source\PSoC5/Rx_Int.c **** *
 266:.\Generated_Source\PSoC5/Rx_Int.c **** * Parameters:
 267:.\Generated_Source\PSoC5/Rx_Int.c **** *   None
 268:.\Generated_Source\PSoC5/Rx_Int.c **** *
 269:.\Generated_Source\PSoC5/Rx_Int.c **** * Return:
 270:.\Generated_Source\PSoC5/Rx_Int.c **** *   Priority of the interrupt, 0 being the highest priority
 271:.\Generated_Source\PSoC5/Rx_Int.c **** *    PSoC 3 and PSoC 5LP: Priority is from 0 to 7.
 272:.\Generated_Source\PSoC5/Rx_Int.c **** *    PSoC 4: Priority is from 0 to 3.
 273:.\Generated_Source\PSoC5/Rx_Int.c **** *
 274:.\Generated_Source\PSoC5/Rx_Int.c **** *******************************************************************************/
 275:.\Generated_Source\PSoC5/Rx_Int.c **** uint8 Rx_Int_GetPriority(void)
 276:.\Generated_Source\PSoC5/Rx_Int.c **** {
 277:.\Generated_Source\PSoC5/Rx_Int.c ****     uint8 priority;
 278:.\Generated_Source\PSoC5/Rx_Int.c **** 
 279:.\Generated_Source\PSoC5/Rx_Int.c **** 
 280:.\Generated_Source\PSoC5/Rx_Int.c ****     priority = *Rx_Int_INTC_PRIOR >> 5;
 281:.\Generated_Source\PSoC5/Rx_Int.c **** 
 282:.\Generated_Source\PSoC5/Rx_Int.c ****     return priority;
 283:.\Generated_Source\PSoC5/Rx_Int.c **** }
 284:.\Generated_Source\PSoC5/Rx_Int.c **** 
 285:.\Generated_Source\PSoC5/Rx_Int.c **** 
 286:.\Generated_Source\PSoC5/Rx_Int.c **** /*******************************************************************************
 287:.\Generated_Source\PSoC5/Rx_Int.c **** * Function Name: Rx_Int_Enable
 288:.\Generated_Source\PSoC5/Rx_Int.c **** ********************************************************************************
 289:.\Generated_Source\PSoC5/Rx_Int.c **** *
 290:.\Generated_Source\PSoC5/Rx_Int.c **** * Summary:
 291:.\Generated_Source\PSoC5/Rx_Int.c **** *   Enables the interrupt to the interrupt controller. Do not call this function
ARM GAS  C:\Users\Eih3\AppData\Local\Temp\ccbwQvgd.s 			page 7


 292:.\Generated_Source\PSoC5/Rx_Int.c **** *   unless ISR_Start() has been called or the functionality of the ISR_Start() 
 293:.\Generated_Source\PSoC5/Rx_Int.c **** *   function, which sets the vector and the priority, has been called.
 294:.\Generated_Source\PSoC5/Rx_Int.c **** *
 295:.\Generated_Source\PSoC5/Rx_Int.c **** * Parameters:
 296:.\Generated_Source\PSoC5/Rx_Int.c **** *   None
 297:.\Generated_Source\PSoC5/Rx_Int.c **** *
 298:.\Generated_Source\PSoC5/Rx_Int.c **** * Return:
 299:.\Generated_Source\PSoC5/Rx_Int.c **** *   None
 300:.\Generated_Source\PSoC5/Rx_Int.c **** *
 301:.\Generated_Source\PSoC5/Rx_Int.c **** *******************************************************************************/
 302:.\Generated_Source\PSoC5/Rx_Int.c **** void Rx_Int_Enable(void)
 303:.\Generated_Source\PSoC5/Rx_Int.c **** {
 304:.\Generated_Source\PSoC5/Rx_Int.c ****     /* Enable the general interrupt. */
 305:.\Generated_Source\PSoC5/Rx_Int.c ****     *Rx_Int_INTC_SET_EN = Rx_Int__INTC_MASK;
 306:.\Generated_Source\PSoC5/Rx_Int.c **** }
 307:.\Generated_Source\PSoC5/Rx_Int.c **** 
 308:.\Generated_Source\PSoC5/Rx_Int.c **** 
 309:.\Generated_Source\PSoC5/Rx_Int.c **** /*******************************************************************************
 310:.\Generated_Source\PSoC5/Rx_Int.c **** * Function Name: Rx_Int_GetState
 311:.\Generated_Source\PSoC5/Rx_Int.c **** ********************************************************************************
 312:.\Generated_Source\PSoC5/Rx_Int.c **** *
 313:.\Generated_Source\PSoC5/Rx_Int.c **** * Summary:
 314:.\Generated_Source\PSoC5/Rx_Int.c **** *   Gets the state (enabled, disabled) of the Interrupt.
 315:.\Generated_Source\PSoC5/Rx_Int.c **** *
 316:.\Generated_Source\PSoC5/Rx_Int.c **** * Parameters:
 317:.\Generated_Source\PSoC5/Rx_Int.c **** *   None
 318:.\Generated_Source\PSoC5/Rx_Int.c **** *
 319:.\Generated_Source\PSoC5/Rx_Int.c **** * Return:
 320:.\Generated_Source\PSoC5/Rx_Int.c **** *   1 if enabled, 0 if disabled.
 321:.\Generated_Source\PSoC5/Rx_Int.c **** *
 322:.\Generated_Source\PSoC5/Rx_Int.c **** *******************************************************************************/
 323:.\Generated_Source\PSoC5/Rx_Int.c **** uint8 Rx_Int_GetState(void)
 324:.\Generated_Source\PSoC5/Rx_Int.c **** {
 325:.\Generated_Source\PSoC5/Rx_Int.c ****     /* Get the state of the general interrupt. */
 326:.\Generated_Source\PSoC5/Rx_Int.c ****     return ((*Rx_Int_INTC_SET_EN & (uint32)Rx_Int__INTC_MASK) != 0u) ? 1u:0u;
 327:.\Generated_Source\PSoC5/Rx_Int.c **** }
 328:.\Generated_Source\PSoC5/Rx_Int.c **** 
 329:.\Generated_Source\PSoC5/Rx_Int.c **** 
 330:.\Generated_Source\PSoC5/Rx_Int.c **** /*******************************************************************************
 331:.\Generated_Source\PSoC5/Rx_Int.c **** * Function Name: Rx_Int_Disable
 332:.\Generated_Source\PSoC5/Rx_Int.c **** ********************************************************************************
 333:.\Generated_Source\PSoC5/Rx_Int.c **** *
 334:.\Generated_Source\PSoC5/Rx_Int.c **** * Summary:
 335:.\Generated_Source\PSoC5/Rx_Int.c **** *   Disables the Interrupt in the interrupt controller.
 336:.\Generated_Source\PSoC5/Rx_Int.c **** *
 337:.\Generated_Source\PSoC5/Rx_Int.c **** * Parameters:
 338:.\Generated_Source\PSoC5/Rx_Int.c **** *   None
 339:.\Generated_Source\PSoC5/Rx_Int.c **** *
 340:.\Generated_Source\PSoC5/Rx_Int.c **** * Return:
 341:.\Generated_Source\PSoC5/Rx_Int.c **** *   None
 342:.\Generated_Source\PSoC5/Rx_Int.c **** *
 343:.\Generated_Source\PSoC5/Rx_Int.c **** *******************************************************************************/
 344:.\Generated_Source\PSoC5/Rx_Int.c **** void Rx_Int_Disable(void)
 345:.\Generated_Source\PSoC5/Rx_Int.c **** {
 346:.\Generated_Source\PSoC5/Rx_Int.c ****     /* Disable the general interrupt. */
 347:.\Generated_Source\PSoC5/Rx_Int.c ****     *Rx_Int_INTC_CLR_EN = Rx_Int__INTC_MASK;
  51              		.loc 1 347 0
ARM GAS  C:\Users\Eih3\AppData\Local\Temp\ccbwQvgd.s 			page 8


  52 0000 074A     		ldr	r2, .L3
  53 0002 0123     		movs	r3, #1
  54 0004 1360     		str	r3, [r2]
  55              	.LVL0:
  56              	.LBE23:
  57              	.LBE22:
  58              	.LBB24:
  59              	.LBB25:
 199:.\Generated_Source\PSoC5/Rx_Int.c ****     ramVectorTable = (cyisraddress *) *CYINT_VECT_TABLE;
  60              		.loc 1 199 0
  61 0006 02F68832 		addw	r2, r2, #2952
  62 000a 1268     		ldr	r2, [r2]
  63              	.LVL1:
 201:.\Generated_Source\PSoC5/Rx_Int.c ****     ramVectorTable[CYINT_IRQ_BASE + (uint32)Rx_Int__INTC_NUMBER] = address;
  64              		.loc 1 201 0
  65 000c 0549     		ldr	r1, .L3+4
  66 000e 1164     		str	r1, [r2, #64]
  67              	.LVL2:
  68              	.LBE25:
  69              	.LBE24:
  70              	.LBB26:
  71              	.LBB27:
 255:.\Generated_Source\PSoC5/Rx_Int.c ****     *Rx_Int_INTC_PRIOR = priority << 5;
  72              		.loc 1 255 0
  73 0010 054A     		ldr	r2, .L3+8
  74              	.LVL3:
  75 0012 E021     		movs	r1, #224
  76 0014 1170     		strb	r1, [r2]
  77              	.LBE27:
  78              	.LBE26:
  79              	.LBB28:
  80              	.LBB29:
 305:.\Generated_Source\PSoC5/Rx_Int.c ****     *Rx_Int_INTC_SET_EN = Rx_Int__INTC_MASK;
  81              		.loc 1 305 0
  82 0016 A2F54072 		sub	r2, r2, #768
  83 001a 1360     		str	r3, [r2]
  84 001c 7047     		bx	lr
  85              	.L4:
  86 001e 00BF     		.align	2
  87              	.L3:
  88 0020 80E100E0 		.word	-536813184
  89 0024 00000000 		.word	Rx_Int_Interrupt
  90 0028 00E400E0 		.word	-536812544
  91              	.LBE29:
  92              	.LBE28:
  93              		.cfi_endproc
  94              	.LFE0:
  95              		.size	Rx_Int_Start, .-Rx_Int_Start
  96              		.section	.text.Rx_Int_StartEx,"ax",%progbits
  97              		.align	1
  98              		.global	Rx_Int_StartEx
  99              		.thumb
 100              		.thumb_func
 101              		.type	Rx_Int_StartEx, %function
 102              	Rx_Int_StartEx:
 103              	.LFB1:
 104:.\Generated_Source\PSoC5/Rx_Int.c **** {
ARM GAS  C:\Users\Eih3\AppData\Local\Temp\ccbwQvgd.s 			page 9


 104              		.loc 1 104 0
 105              		.cfi_startproc
 106              		@ args = 0, pretend = 0, frame = 0
 107              		@ frame_needed = 0, uses_anonymous_args = 0
 108              		@ link register save eliminated.
 109              	.LVL4:
 110              	.LBB30:
 111              	.LBB31:
 112              		.loc 1 347 0
 113 0000 064A     		ldr	r2, .L6
 114 0002 0123     		movs	r3, #1
 115 0004 1360     		str	r3, [r2]
 116              	.LVL5:
 117              	.LBE31:
 118              	.LBE30:
 119              	.LBB32:
 120              	.LBB33:
 199:.\Generated_Source\PSoC5/Rx_Int.c ****     ramVectorTable = (cyisraddress *) *CYINT_VECT_TABLE;
 121              		.loc 1 199 0
 122 0006 02F68832 		addw	r2, r2, #2952
 123 000a 1268     		ldr	r2, [r2]
 124              	.LVL6:
 125              	.LBE33:
 126              	.LBE32:
 127              	.LBB35:
 128              	.LBB36:
 255:.\Generated_Source\PSoC5/Rx_Int.c ****     *Rx_Int_INTC_PRIOR = priority << 5;
 129              		.loc 1 255 0
 130 000c E021     		movs	r1, #224
 131              	.LBE36:
 132              	.LBE35:
 133              	.LBB38:
 134              	.LBB34:
 201:.\Generated_Source\PSoC5/Rx_Int.c ****     ramVectorTable[CYINT_IRQ_BASE + (uint32)Rx_Int__INTC_NUMBER] = address;
 135              		.loc 1 201 0
 136 000e 1064     		str	r0, [r2, #64]
 137              	.LVL7:
 138              	.LBE34:
 139              	.LBE38:
 140              	.LBB39:
 141              	.LBB37:
 255:.\Generated_Source\PSoC5/Rx_Int.c ****     *Rx_Int_INTC_PRIOR = priority << 5;
 142              		.loc 1 255 0
 143 0010 034A     		ldr	r2, .L6+4
 144              	.LVL8:
 145 0012 1170     		strb	r1, [r2]
 146              	.LBE37:
 147              	.LBE39:
 148              	.LBB40:
 149              	.LBB41:
 305:.\Generated_Source\PSoC5/Rx_Int.c ****     *Rx_Int_INTC_SET_EN = Rx_Int__INTC_MASK;
 150              		.loc 1 305 0
 151 0014 A2F54072 		sub	r2, r2, #768
 152 0018 1360     		str	r3, [r2]
 153 001a 7047     		bx	lr
 154              	.L7:
 155              		.align	2
ARM GAS  C:\Users\Eih3\AppData\Local\Temp\ccbwQvgd.s 			page 10


 156              	.L6:
 157 001c 80E100E0 		.word	-536813184
 158 0020 00E400E0 		.word	-536812544
 159              	.LBE41:
 160              	.LBE40:
 161              		.cfi_endproc
 162              	.LFE1:
 163              		.size	Rx_Int_StartEx, .-Rx_Int_StartEx
 164              		.section	.text.Rx_Int_Stop,"ax",%progbits
 165              		.align	1
 166              		.global	Rx_Int_Stop
 167              		.thumb
 168              		.thumb_func
 169              		.type	Rx_Int_Stop, %function
 170              	Rx_Int_Stop:
 171              	.LFB2:
 134:.\Generated_Source\PSoC5/Rx_Int.c **** {
 172              		.loc 1 134 0
 173              		.cfi_startproc
 174              		@ args = 0, pretend = 0, frame = 0
 175              		@ frame_needed = 0, uses_anonymous_args = 0
 176              		@ link register save eliminated.
 177              	.LBB42:
 178              	.LBB43:
 179              		.loc 1 347 0
 180 0000 044B     		ldr	r3, .L9
 181 0002 0122     		movs	r2, #1
 182 0004 1A60     		str	r2, [r3]
 183              	.LVL9:
 184              	.LBE43:
 185              	.LBE42:
 186              	.LBB44:
 187              	.LBB45:
 199:.\Generated_Source\PSoC5/Rx_Int.c ****     ramVectorTable = (cyisraddress *) *CYINT_VECT_TABLE;
 188              		.loc 1 199 0
 189 0006 03F68833 		addw	r3, r3, #2952
 190 000a 1B68     		ldr	r3, [r3]
 191              	.LVL10:
 201:.\Generated_Source\PSoC5/Rx_Int.c ****     ramVectorTable[CYINT_IRQ_BASE + (uint32)Rx_Int__INTC_NUMBER] = address;
 192              		.loc 1 201 0
 193 000c 024A     		ldr	r2, .L9+4
 194 000e 1A64     		str	r2, [r3, #64]
 195 0010 7047     		bx	lr
 196              	.L10:
 197 0012 00BF     		.align	2
 198              	.L9:
 199 0014 80E100E0 		.word	-536813184
 200 0018 00000000 		.word	IntDefaultHandler
 201              	.LBE45:
 202              	.LBE44:
 203              		.cfi_endproc
 204              	.LFE2:
 205              		.size	Rx_Int_Stop, .-Rx_Int_Stop
 206              		.section	.text.Rx_Int_SetVector,"ax",%progbits
 207              		.align	1
 208              		.global	Rx_Int_SetVector
 209              		.thumb
ARM GAS  C:\Users\Eih3\AppData\Local\Temp\ccbwQvgd.s 			page 11


 210              		.thumb_func
 211              		.type	Rx_Int_SetVector, %function
 212              	Rx_Int_SetVector:
 213              	.LFB4:
 196:.\Generated_Source\PSoC5/Rx_Int.c **** {
 214              		.loc 1 196 0
 215              		.cfi_startproc
 216              		@ args = 0, pretend = 0, frame = 0
 217              		@ frame_needed = 0, uses_anonymous_args = 0
 218              		@ link register save eliminated.
 219              	.LVL11:
 199:.\Generated_Source\PSoC5/Rx_Int.c ****     ramVectorTable = (cyisraddress *) *CYINT_VECT_TABLE;
 220              		.loc 1 199 0
 221 0000 014B     		ldr	r3, .L12
 222 0002 1B68     		ldr	r3, [r3]
 223              	.LVL12:
 201:.\Generated_Source\PSoC5/Rx_Int.c ****     ramVectorTable[CYINT_IRQ_BASE + (uint32)Rx_Int__INTC_NUMBER] = address;
 224              		.loc 1 201 0
 225 0004 1864     		str	r0, [r3, #64]
 226 0006 7047     		bx	lr
 227              	.L13:
 228              		.align	2
 229              	.L12:
 230 0008 08ED00E0 		.word	-536810232
 231              		.cfi_endproc
 232              	.LFE4:
 233              		.size	Rx_Int_SetVector, .-Rx_Int_SetVector
 234              		.section	.text.Rx_Int_GetVector,"ax",%progbits
 235              		.align	1
 236              		.global	Rx_Int_GetVector
 237              		.thumb
 238              		.thumb_func
 239              		.type	Rx_Int_GetVector, %function
 240              	Rx_Int_GetVector:
 241              	.LFB5:
 220:.\Generated_Source\PSoC5/Rx_Int.c **** {
 242              		.loc 1 220 0
 243              		.cfi_startproc
 244              		@ args = 0, pretend = 0, frame = 0
 245              		@ frame_needed = 0, uses_anonymous_args = 0
 246              		@ link register save eliminated.
 247              	.LVL13:
 223:.\Generated_Source\PSoC5/Rx_Int.c ****     ramVectorTable = (cyisraddress *) *CYINT_VECT_TABLE;
 248              		.loc 1 223 0
 249 0000 014B     		ldr	r3, .L15
 250              	.LVL14:
 225:.\Generated_Source\PSoC5/Rx_Int.c ****     return ramVectorTable[CYINT_IRQ_BASE + (uint32)Rx_Int__INTC_NUMBER];
 251              		.loc 1 225 0
 252 0002 1B68     		ldr	r3, [r3]
 253              	.LVL15:
 226:.\Generated_Source\PSoC5/Rx_Int.c **** }
 254              		.loc 1 226 0
 255 0004 186C     		ldr	r0, [r3, #64]
 256 0006 7047     		bx	lr
 257              	.L16:
 258              		.align	2
 259              	.L15:
ARM GAS  C:\Users\Eih3\AppData\Local\Temp\ccbwQvgd.s 			page 12


 260 0008 08ED00E0 		.word	-536810232
 261              		.cfi_endproc
 262              	.LFE5:
 263              		.size	Rx_Int_GetVector, .-Rx_Int_GetVector
 264              		.section	.text.Rx_Int_SetPriority,"ax",%progbits
 265              		.align	1
 266              		.global	Rx_Int_SetPriority
 267              		.thumb
 268              		.thumb_func
 269              		.type	Rx_Int_SetPriority, %function
 270              	Rx_Int_SetPriority:
 271              	.LFB6:
 254:.\Generated_Source\PSoC5/Rx_Int.c **** {
 272              		.loc 1 254 0
 273              		.cfi_startproc
 274              		@ args = 0, pretend = 0, frame = 0
 275              		@ frame_needed = 0, uses_anonymous_args = 0
 276              		@ link register save eliminated.
 277              	.LVL16:
 255:.\Generated_Source\PSoC5/Rx_Int.c ****     *Rx_Int_INTC_PRIOR = priority << 5;
 278              		.loc 1 255 0
 279 0000 4001     		lsls	r0, r0, #5
 280              	.LVL17:
 281 0002 024B     		ldr	r3, .L18
 282 0004 C0B2     		uxtb	r0, r0
 283 0006 1870     		strb	r0, [r3]
 284 0008 7047     		bx	lr
 285              	.L19:
 286 000a 00BF     		.align	2
 287              	.L18:
 288 000c 00E400E0 		.word	-536812544
 289              		.cfi_endproc
 290              	.LFE6:
 291              		.size	Rx_Int_SetPriority, .-Rx_Int_SetPriority
 292              		.section	.text.Rx_Int_GetPriority,"ax",%progbits
 293              		.align	1
 294              		.global	Rx_Int_GetPriority
 295              		.thumb
 296              		.thumb_func
 297              		.type	Rx_Int_GetPriority, %function
 298              	Rx_Int_GetPriority:
 299              	.LFB7:
 276:.\Generated_Source\PSoC5/Rx_Int.c **** {
 300              		.loc 1 276 0
 301              		.cfi_startproc
 302              		@ args = 0, pretend = 0, frame = 0
 303              		@ frame_needed = 0, uses_anonymous_args = 0
 304              		@ link register save eliminated.
 280:.\Generated_Source\PSoC5/Rx_Int.c ****     priority = *Rx_Int_INTC_PRIOR >> 5;
 305              		.loc 1 280 0
 306 0000 014B     		ldr	r3, .L21
 307 0002 1878     		ldrb	r0, [r3]	@ zero_extendqisi2
 308              	.LVL18:
 283:.\Generated_Source\PSoC5/Rx_Int.c **** }
 309              		.loc 1 283 0
 310 0004 4009     		lsrs	r0, r0, #5
 311              	.LVL19:
ARM GAS  C:\Users\Eih3\AppData\Local\Temp\ccbwQvgd.s 			page 13


 312 0006 7047     		bx	lr
 313              	.L22:
 314              		.align	2
 315              	.L21:
 316 0008 00E400E0 		.word	-536812544
 317              		.cfi_endproc
 318              	.LFE7:
 319              		.size	Rx_Int_GetPriority, .-Rx_Int_GetPriority
 320              		.section	.text.Rx_Int_Enable,"ax",%progbits
 321              		.align	1
 322              		.global	Rx_Int_Enable
 323              		.thumb
 324              		.thumb_func
 325              		.type	Rx_Int_Enable, %function
 326              	Rx_Int_Enable:
 327              	.LFB8:
 303:.\Generated_Source\PSoC5/Rx_Int.c **** {
 328              		.loc 1 303 0
 329              		.cfi_startproc
 330              		@ args = 0, pretend = 0, frame = 0
 331              		@ frame_needed = 0, uses_anonymous_args = 0
 332              		@ link register save eliminated.
 305:.\Generated_Source\PSoC5/Rx_Int.c ****     *Rx_Int_INTC_SET_EN = Rx_Int__INTC_MASK;
 333              		.loc 1 305 0
 334 0000 014B     		ldr	r3, .L24
 335 0002 0122     		movs	r2, #1
 336 0004 1A60     		str	r2, [r3]
 337 0006 7047     		bx	lr
 338              	.L25:
 339              		.align	2
 340              	.L24:
 341 0008 00E100E0 		.word	-536813312
 342              		.cfi_endproc
 343              	.LFE8:
 344              		.size	Rx_Int_Enable, .-Rx_Int_Enable
 345              		.section	.text.Rx_Int_GetState,"ax",%progbits
 346              		.align	1
 347              		.global	Rx_Int_GetState
 348              		.thumb
 349              		.thumb_func
 350              		.type	Rx_Int_GetState, %function
 351              	Rx_Int_GetState:
 352              	.LFB9:
 324:.\Generated_Source\PSoC5/Rx_Int.c **** {
 353              		.loc 1 324 0
 354              		.cfi_startproc
 355              		@ args = 0, pretend = 0, frame = 0
 356              		@ frame_needed = 0, uses_anonymous_args = 0
 357              		@ link register save eliminated.
 326:.\Generated_Source\PSoC5/Rx_Int.c ****     return ((*Rx_Int_INTC_SET_EN & (uint32)Rx_Int__INTC_MASK) != 0u) ? 1u:0u;
 358              		.loc 1 326 0
 359 0000 024B     		ldr	r3, .L27
 360 0002 1868     		ldr	r0, [r3]
 327:.\Generated_Source\PSoC5/Rx_Int.c **** }
 361              		.loc 1 327 0
 362 0004 00F00100 		and	r0, r0, #1
 363 0008 7047     		bx	lr
ARM GAS  C:\Users\Eih3\AppData\Local\Temp\ccbwQvgd.s 			page 14


 364              	.L28:
 365 000a 00BF     		.align	2
 366              	.L27:
 367 000c 00E100E0 		.word	-536813312
 368              		.cfi_endproc
 369              	.LFE9:
 370              		.size	Rx_Int_GetState, .-Rx_Int_GetState
 371              		.section	.text.Rx_Int_Disable,"ax",%progbits
 372              		.align	1
 373              		.global	Rx_Int_Disable
 374              		.thumb
 375              		.thumb_func
 376              		.type	Rx_Int_Disable, %function
 377              	Rx_Int_Disable:
 378              	.LFB10:
 345:.\Generated_Source\PSoC5/Rx_Int.c **** {
 379              		.loc 1 345 0
 380              		.cfi_startproc
 381              		@ args = 0, pretend = 0, frame = 0
 382              		@ frame_needed = 0, uses_anonymous_args = 0
 383              		@ link register save eliminated.
 384              		.loc 1 347 0
 385 0000 014B     		ldr	r3, .L30
 386 0002 0122     		movs	r2, #1
 387 0004 1A60     		str	r2, [r3]
 388 0006 7047     		bx	lr
 389              	.L31:
 390              		.align	2
 391              	.L30:
 392 0008 80E100E0 		.word	-536813184
 393              		.cfi_endproc
 394              	.LFE10:
 395              		.size	Rx_Int_Disable, .-Rx_Int_Disable
 396              		.section	.text.Rx_Int_SetPending,"ax",%progbits
 397              		.align	1
 398              		.global	Rx_Int_SetPending
 399              		.thumb
 400              		.thumb_func
 401              		.type	Rx_Int_SetPending, %function
 402              	Rx_Int_SetPending:
 403              	.LFB11:
 348:.\Generated_Source\PSoC5/Rx_Int.c **** }
 349:.\Generated_Source\PSoC5/Rx_Int.c **** 
 350:.\Generated_Source\PSoC5/Rx_Int.c **** 
 351:.\Generated_Source\PSoC5/Rx_Int.c **** /*******************************************************************************
 352:.\Generated_Source\PSoC5/Rx_Int.c **** * Function Name: Rx_Int_SetPending
 353:.\Generated_Source\PSoC5/Rx_Int.c **** ********************************************************************************
 354:.\Generated_Source\PSoC5/Rx_Int.c **** *
 355:.\Generated_Source\PSoC5/Rx_Int.c **** * Summary:
 356:.\Generated_Source\PSoC5/Rx_Int.c **** *   Causes the Interrupt to enter the pending state, a software method of
 357:.\Generated_Source\PSoC5/Rx_Int.c **** *   generating the interrupt.
 358:.\Generated_Source\PSoC5/Rx_Int.c **** *
 359:.\Generated_Source\PSoC5/Rx_Int.c **** * Parameters:
 360:.\Generated_Source\PSoC5/Rx_Int.c **** *   None
 361:.\Generated_Source\PSoC5/Rx_Int.c **** *
 362:.\Generated_Source\PSoC5/Rx_Int.c **** * Return:
 363:.\Generated_Source\PSoC5/Rx_Int.c **** *   None
ARM GAS  C:\Users\Eih3\AppData\Local\Temp\ccbwQvgd.s 			page 15


 364:.\Generated_Source\PSoC5/Rx_Int.c **** *
 365:.\Generated_Source\PSoC5/Rx_Int.c **** * Side Effects:
 366:.\Generated_Source\PSoC5/Rx_Int.c **** *   If interrupts are enabled and the interrupt is set up properly, the ISR is
 367:.\Generated_Source\PSoC5/Rx_Int.c **** *   entered (depending on the priority of this interrupt and other pending 
 368:.\Generated_Source\PSoC5/Rx_Int.c **** *   interrupts).
 369:.\Generated_Source\PSoC5/Rx_Int.c **** *
 370:.\Generated_Source\PSoC5/Rx_Int.c **** *******************************************************************************/
 371:.\Generated_Source\PSoC5/Rx_Int.c **** void Rx_Int_SetPending(void)
 372:.\Generated_Source\PSoC5/Rx_Int.c **** {
 404              		.loc 1 372 0
 405              		.cfi_startproc
 406              		@ args = 0, pretend = 0, frame = 0
 407              		@ frame_needed = 0, uses_anonymous_args = 0
 408              		@ link register save eliminated.
 373:.\Generated_Source\PSoC5/Rx_Int.c ****     *Rx_Int_INTC_SET_PD = Rx_Int__INTC_MASK;
 409              		.loc 1 373 0
 410 0000 014B     		ldr	r3, .L33
 411 0002 0122     		movs	r2, #1
 412 0004 1A60     		str	r2, [r3]
 413 0006 7047     		bx	lr
 414              	.L34:
 415              		.align	2
 416              	.L33:
 417 0008 00E200E0 		.word	-536813056
 418              		.cfi_endproc
 419              	.LFE11:
 420              		.size	Rx_Int_SetPending, .-Rx_Int_SetPending
 421              		.section	.text.Rx_Int_ClearPending,"ax",%progbits
 422              		.align	1
 423              		.global	Rx_Int_ClearPending
 424              		.thumb
 425              		.thumb_func
 426              		.type	Rx_Int_ClearPending, %function
 427              	Rx_Int_ClearPending:
 428              	.LFB12:
 374:.\Generated_Source\PSoC5/Rx_Int.c **** }
 375:.\Generated_Source\PSoC5/Rx_Int.c **** 
 376:.\Generated_Source\PSoC5/Rx_Int.c **** 
 377:.\Generated_Source\PSoC5/Rx_Int.c **** /*******************************************************************************
 378:.\Generated_Source\PSoC5/Rx_Int.c **** * Function Name: Rx_Int_ClearPending
 379:.\Generated_Source\PSoC5/Rx_Int.c **** ********************************************************************************
 380:.\Generated_Source\PSoC5/Rx_Int.c **** *
 381:.\Generated_Source\PSoC5/Rx_Int.c **** * Summary:
 382:.\Generated_Source\PSoC5/Rx_Int.c **** *   Clears a pending interrupt in the interrupt controller.
 383:.\Generated_Source\PSoC5/Rx_Int.c **** *
 384:.\Generated_Source\PSoC5/Rx_Int.c **** *   Note Some interrupt sources are clear-on-read and require the block 
 385:.\Generated_Source\PSoC5/Rx_Int.c **** *   interrupt/status register to be read/cleared with the appropriate block API 
 386:.\Generated_Source\PSoC5/Rx_Int.c **** *   (GPIO, UART, and so on). Otherwise the ISR will continue to remain in 
 387:.\Generated_Source\PSoC5/Rx_Int.c **** *   pending state even though the interrupt itself is cleared using this API.
 388:.\Generated_Source\PSoC5/Rx_Int.c **** *
 389:.\Generated_Source\PSoC5/Rx_Int.c **** * Parameters:
 390:.\Generated_Source\PSoC5/Rx_Int.c **** *   None
 391:.\Generated_Source\PSoC5/Rx_Int.c **** *
 392:.\Generated_Source\PSoC5/Rx_Int.c **** * Return:
 393:.\Generated_Source\PSoC5/Rx_Int.c **** *   None
 394:.\Generated_Source\PSoC5/Rx_Int.c **** *
 395:.\Generated_Source\PSoC5/Rx_Int.c **** *******************************************************************************/
ARM GAS  C:\Users\Eih3\AppData\Local\Temp\ccbwQvgd.s 			page 16


 396:.\Generated_Source\PSoC5/Rx_Int.c **** void Rx_Int_ClearPending(void)
 397:.\Generated_Source\PSoC5/Rx_Int.c **** {
 429              		.loc 1 397 0
 430              		.cfi_startproc
 431              		@ args = 0, pretend = 0, frame = 0
 432              		@ frame_needed = 0, uses_anonymous_args = 0
 433              		@ link register save eliminated.
 398:.\Generated_Source\PSoC5/Rx_Int.c ****     *Rx_Int_INTC_CLR_PD = Rx_Int__INTC_MASK;
 434              		.loc 1 398 0
 435 0000 014B     		ldr	r3, .L36
 436 0002 0122     		movs	r2, #1
 437 0004 1A60     		str	r2, [r3]
 438 0006 7047     		bx	lr
 439              	.L37:
 440              		.align	2
 441              	.L36:
 442 0008 80E200E0 		.word	-536812928
 443              		.cfi_endproc
 444              	.LFE12:
 445              		.size	Rx_Int_ClearPending, .-Rx_Int_ClearPending
 446              		.text
 447              	.Letext0:
 448              		.file 2 ".\\Generated_Source\\PSoC5/cytypes.h"
 449              		.section	.debug_info,"",%progbits
 450              	.Ldebug_info0:
 451 0000 6F030000 		.4byte	0x36f
 452 0004 0400     		.2byte	0x4
 453 0006 00000000 		.4byte	.Ldebug_abbrev0
 454 000a 04       		.byte	0x4
 455 000b 01       		.uleb128 0x1
 456 000c BB010000 		.4byte	.LASF33
 457 0010 01       		.byte	0x1
 458 0011 6E020000 		.4byte	.LASF34
 459 0015 B8000000 		.4byte	.LASF35
 460 0019 30000000 		.4byte	.Ldebug_ranges0+0x30
 461 001d 00000000 		.4byte	0
 462 0021 00000000 		.4byte	.Ldebug_line0
 463 0025 02       		.uleb128 0x2
 464 0026 04       		.byte	0x4
 465 0027 05       		.byte	0x5
 466 0028 696E7400 		.ascii	"int\000"
 467 002c 03       		.uleb128 0x3
 468 002d 04       		.byte	0x4
 469 002e 07       		.byte	0x7
 470 002f 09010000 		.4byte	.LASF0
 471 0033 03       		.uleb128 0x3
 472 0034 01       		.byte	0x1
 473 0035 06       		.byte	0x6
 474 0036 40020000 		.4byte	.LASF1
 475 003a 03       		.uleb128 0x3
 476 003b 01       		.byte	0x1
 477 003c 08       		.byte	0x8
 478 003d 8D000000 		.4byte	.LASF2
 479 0041 03       		.uleb128 0x3
 480 0042 02       		.byte	0x2
 481 0043 05       		.byte	0x5
 482 0044 8B010000 		.4byte	.LASF3
ARM GAS  C:\Users\Eih3\AppData\Local\Temp\ccbwQvgd.s 			page 17


 483 0048 03       		.uleb128 0x3
 484 0049 02       		.byte	0x2
 485 004a 07       		.byte	0x7
 486 004b 54000000 		.4byte	.LASF4
 487 004f 03       		.uleb128 0x3
 488 0050 04       		.byte	0x4
 489 0051 05       		.byte	0x5
 490 0052 37020000 		.4byte	.LASF5
 491 0056 03       		.uleb128 0x3
 492 0057 04       		.byte	0x4
 493 0058 07       		.byte	0x7
 494 0059 A0000000 		.4byte	.LASF6
 495 005d 03       		.uleb128 0x3
 496 005e 08       		.byte	0x8
 497 005f 05       		.byte	0x5
 498 0060 58010000 		.4byte	.LASF7
 499 0064 03       		.uleb128 0x3
 500 0065 08       		.byte	0x8
 501 0066 07       		.byte	0x7
 502 0067 1E010000 		.4byte	.LASF8
 503 006b 03       		.uleb128 0x3
 504 006c 04       		.byte	0x4
 505 006d 07       		.byte	0x7
 506 006e 4F010000 		.4byte	.LASF9
 507 0072 04       		.uleb128 0x4
 508 0073 04       		.byte	0x4
 509 0074 78000000 		.4byte	0x78
 510 0078 05       		.uleb128 0x5
 511 0079 03       		.uleb128 0x3
 512 007a 01       		.byte	0x1
 513 007b 08       		.byte	0x8
 514 007c 66010000 		.4byte	.LASF10
 515 0080 06       		.uleb128 0x6
 516 0081 B2000000 		.4byte	.LASF11
 517 0085 02       		.byte	0x2
 518 0086 A1       		.byte	0xa1
 519 0087 3A000000 		.4byte	0x3a
 520 008b 06       		.uleb128 0x6
 521 008c 02010000 		.4byte	.LASF12
 522 0090 02       		.byte	0x2
 523 0091 A3       		.byte	0xa3
 524 0092 56000000 		.4byte	0x56
 525 0096 03       		.uleb128 0x3
 526 0097 04       		.byte	0x4
 527 0098 04       		.byte	0x4
 528 0099 87000000 		.4byte	.LASF13
 529 009d 03       		.uleb128 0x3
 530 009e 08       		.byte	0x8
 531 009f 04       		.byte	0x4
 532 00a0 FB000000 		.4byte	.LASF14
 533 00a4 07       		.uleb128 0x7
 534 00a5 9B000000 		.4byte	.LASF15
 535 00a9 02       		.byte	0x2
 536 00aa 4B01     		.2byte	0x14b
 537 00ac B0000000 		.4byte	0xb0
 538 00b0 08       		.uleb128 0x8
 539 00b1 80000000 		.4byte	0x80
ARM GAS  C:\Users\Eih3\AppData\Local\Temp\ccbwQvgd.s 			page 18


 540 00b5 07       		.uleb128 0x7
 541 00b6 0E000000 		.4byte	.LASF16
 542 00ba 02       		.byte	0x2
 543 00bb 4D01     		.2byte	0x14d
 544 00bd C1000000 		.4byte	0xc1
 545 00c1 08       		.uleb128 0x8
 546 00c2 8B000000 		.4byte	0x8b
 547 00c6 07       		.uleb128 0x7
 548 00c7 35010000 		.4byte	.LASF17
 549 00cb 02       		.byte	0x2
 550 00cc 5D01     		.2byte	0x15d
 551 00ce 72000000 		.4byte	0x72
 552 00d2 09       		.uleb128 0x9
 553 00d3 78000000 		.4byte	.LASF22
 554 00d7 01       		.byte	0x1
 555 00d8 5801     		.2byte	0x158
 556 00da 01       		.byte	0x1
 557 00db 0A       		.uleb128 0xa
 558 00dc 7A010000 		.4byte	.LASF18
 559 00e0 01       		.byte	0x1
 560 00e1 C3       		.byte	0xc3
 561 00e2 01       		.byte	0x1
 562 00e3 FE000000 		.4byte	0xfe
 563 00e7 0B       		.uleb128 0xb
 564 00e8 16010000 		.4byte	.LASF20
 565 00ec 01       		.byte	0x1
 566 00ed C3       		.byte	0xc3
 567 00ee C6000000 		.4byte	0xc6
 568 00f2 0C       		.uleb128 0xc
 569 00f3 6B010000 		.4byte	.LASF29
 570 00f7 01       		.byte	0x1
 571 00f8 C5       		.byte	0xc5
 572 00f9 FE000000 		.4byte	0xfe
 573 00fd 00       		.byte	0
 574 00fe 04       		.uleb128 0x4
 575 00ff 04       		.byte	0x4
 576 0100 C6000000 		.4byte	0xc6
 577 0104 0A       		.uleb128 0xa
 578 0105 14000000 		.4byte	.LASF19
 579 0109 01       		.byte	0x1
 580 010a FD       		.byte	0xfd
 581 010b 01       		.byte	0x1
 582 010c 1C010000 		.4byte	0x11c
 583 0110 0B       		.uleb128 0xb
 584 0111 F2000000 		.4byte	.LASF21
 585 0115 01       		.byte	0x1
 586 0116 FD       		.byte	0xfd
 587 0117 80000000 		.4byte	0x80
 588 011b 00       		.byte	0
 589 011c 09       		.uleb128 0x9
 590 011d 00000000 		.4byte	.LASF23
 591 0121 01       		.byte	0x1
 592 0122 2E01     		.2byte	0x12e
 593 0124 01       		.byte	0x1
 594 0125 0D       		.uleb128 0xd
 595 0126 67000000 		.4byte	.LASF30
 596 012a 01       		.byte	0x1
ARM GAS  C:\Users\Eih3\AppData\Local\Temp\ccbwQvgd.s 			page 19


 597 012b 9F       		.byte	0x9f
 598 012c 00000000 		.4byte	.LFB3
 599 0130 02000000 		.4byte	.LFE3-.LFB3
 600 0134 01       		.uleb128 0x1
 601 0135 9C       		.byte	0x9c
 602 0136 0E       		.uleb128 0xe
 603 0137 42010000 		.4byte	.LASF24
 604 013b 01       		.byte	0x1
 605 013c 3C       		.byte	0x3c
 606 013d 00000000 		.4byte	.LFB0
 607 0141 2C000000 		.4byte	.LFE0-.LFB0
 608 0145 01       		.uleb128 0x1
 609 0146 9C       		.byte	0x9c
 610 0147 B7010000 		.4byte	0x1b7
 611 014b 0F       		.uleb128 0xf
 612 014c D2000000 		.4byte	0xd2
 613 0150 00000000 		.4byte	.LBB22
 614 0154 06000000 		.4byte	.LBE22-.LBB22
 615 0158 01       		.byte	0x1
 616 0159 3F       		.byte	0x3f
 617 015a 10       		.uleb128 0x10
 618 015b DB000000 		.4byte	0xdb
 619 015f 06000000 		.4byte	.LBB24
 620 0163 0A000000 		.4byte	.LBE24-.LBB24
 621 0167 01       		.byte	0x1
 622 0168 42       		.byte	0x42
 623 0169 8D010000 		.4byte	0x18d
 624 016d 11       		.uleb128 0x11
 625 016e E7000000 		.4byte	0xe7
 626 0172 06       		.uleb128 0x6
 627 0173 03       		.byte	0x3
 628 0174 00000000 		.4byte	Rx_Int_Interrupt
 629 0178 9F       		.byte	0x9f
 630 0179 12       		.uleb128 0x12
 631 017a 06000000 		.4byte	.LBB25
 632 017e 0A000000 		.4byte	.LBE25-.LBB25
 633 0182 13       		.uleb128 0x13
 634 0183 F2000000 		.4byte	0xf2
 635 0187 00000000 		.4byte	.LLST0
 636 018b 00       		.byte	0
 637 018c 00       		.byte	0
 638 018d 10       		.uleb128 0x10
 639 018e 04010000 		.4byte	0x104
 640 0192 10000000 		.4byte	.LBB26
 641 0196 06000000 		.4byte	.LBE26-.LBB26
 642 019a 01       		.byte	0x1
 643 019b 45       		.byte	0x45
 644 019c A7010000 		.4byte	0x1a7
 645 01a0 14       		.uleb128 0x14
 646 01a1 10010000 		.4byte	0x110
 647 01a5 07       		.byte	0x7
 648 01a6 00       		.byte	0
 649 01a7 0F       		.uleb128 0xf
 650 01a8 1C010000 		.4byte	0x11c
 651 01ac 16000000 		.4byte	.LBB28
 652 01b0 16000000 		.4byte	.LBE28-.LBB28
 653 01b4 01       		.byte	0x1
ARM GAS  C:\Users\Eih3\AppData\Local\Temp\ccbwQvgd.s 			page 20


 654 01b5 48       		.byte	0x48
 655 01b6 00       		.byte	0
 656 01b7 0E       		.uleb128 0xe
 657 01b8 4C020000 		.4byte	.LASF25
 658 01bc 01       		.byte	0x1
 659 01bd 67       		.byte	0x67
 660 01be 00000000 		.4byte	.LFB1
 661 01c2 24000000 		.4byte	.LFE1-.LFB1
 662 01c6 01       		.uleb128 0x1
 663 01c7 9C       		.byte	0x9c
 664 01c8 3C020000 		.4byte	0x23c
 665 01cc 15       		.uleb128 0x15
 666 01cd 16010000 		.4byte	.LASF20
 667 01d1 01       		.byte	0x1
 668 01d2 67       		.byte	0x67
 669 01d3 C6000000 		.4byte	0xc6
 670 01d7 01       		.uleb128 0x1
 671 01d8 50       		.byte	0x50
 672 01d9 0F       		.uleb128 0xf
 673 01da D2000000 		.4byte	0xd2
 674 01de 00000000 		.4byte	.LBB30
 675 01e2 06000000 		.4byte	.LBE30-.LBB30
 676 01e6 01       		.byte	0x1
 677 01e7 6A       		.byte	0x6a
 678 01e8 16       		.uleb128 0x16
 679 01e9 DB000000 		.4byte	0xdb
 680 01ed 06000000 		.4byte	.LBB32
 681 01f1 00000000 		.4byte	.Ldebug_ranges0+0
 682 01f5 01       		.byte	0x1
 683 01f6 6D       		.byte	0x6d
 684 01f7 12020000 		.4byte	0x212
 685 01fb 11       		.uleb128 0x11
 686 01fc E7000000 		.4byte	0xe7
 687 0200 01       		.uleb128 0x1
 688 0201 50       		.byte	0x50
 689 0202 17       		.uleb128 0x17
 690 0203 00000000 		.4byte	.Ldebug_ranges0+0
 691 0207 13       		.uleb128 0x13
 692 0208 F2000000 		.4byte	0xf2
 693 020c 13000000 		.4byte	.LLST1
 694 0210 00       		.byte	0
 695 0211 00       		.byte	0
 696 0212 16       		.uleb128 0x16
 697 0213 04010000 		.4byte	0x104
 698 0217 0C000000 		.4byte	.LBB35
 699 021b 18000000 		.4byte	.Ldebug_ranges0+0x18
 700 021f 01       		.byte	0x1
 701 0220 70       		.byte	0x70
 702 0221 2C020000 		.4byte	0x22c
 703 0225 14       		.uleb128 0x14
 704 0226 10010000 		.4byte	0x110
 705 022a 07       		.byte	0x7
 706 022b 00       		.byte	0
 707 022c 0F       		.uleb128 0xf
 708 022d 1C010000 		.4byte	0x11c
 709 0231 14000000 		.4byte	.LBB40
 710 0235 10000000 		.4byte	.LBE40-.LBB40
ARM GAS  C:\Users\Eih3\AppData\Local\Temp\ccbwQvgd.s 			page 21


 711 0239 01       		.byte	0x1
 712 023a 73       		.byte	0x73
 713 023b 00       		.byte	0
 714 023c 0E       		.uleb128 0xe
 715 023d 37000000 		.4byte	.LASF26
 716 0241 01       		.byte	0x1
 717 0242 85       		.byte	0x85
 718 0243 00000000 		.4byte	.LFB2
 719 0247 1C000000 		.4byte	.LFE2-.LFB2
 720 024b 01       		.uleb128 0x1
 721 024c 9C       		.byte	0x9c
 722 024d 87020000 		.4byte	0x287
 723 0251 0F       		.uleb128 0xf
 724 0252 D2000000 		.4byte	0xd2
 725 0256 00000000 		.4byte	.LBB42
 726 025a 06000000 		.4byte	.LBE42-.LBB42
 727 025e 01       		.byte	0x1
 728 025f 88       		.byte	0x88
 729 0260 18       		.uleb128 0x18
 730 0261 DB000000 		.4byte	0xdb
 731 0265 06000000 		.4byte	.LBB44
 732 0269 16000000 		.4byte	.LBE44-.LBB44
 733 026d 01       		.byte	0x1
 734 026e 8B       		.byte	0x8b
 735 026f 19       		.uleb128 0x19
 736 0270 E7000000 		.4byte	0xe7
 737 0274 12       		.uleb128 0x12
 738 0275 06000000 		.4byte	.LBB45
 739 0279 16000000 		.4byte	.LBE45-.LBB45
 740 027d 1A       		.uleb128 0x1a
 741 027e F2000000 		.4byte	0xf2
 742 0282 01       		.uleb128 0x1
 743 0283 53       		.byte	0x53
 744 0284 00       		.byte	0
 745 0285 00       		.byte	0
 746 0286 00       		.byte	0
 747 0287 1B       		.uleb128 0x1b
 748 0288 DB000000 		.4byte	0xdb
 749 028c 00000000 		.4byte	.LFB4
 750 0290 0C000000 		.4byte	.LFE4-.LFB4
 751 0294 01       		.uleb128 0x1
 752 0295 9C       		.byte	0x9c
 753 0296 A9020000 		.4byte	0x2a9
 754 029a 11       		.uleb128 0x11
 755 029b E7000000 		.4byte	0xe7
 756 029f 01       		.uleb128 0x1
 757 02a0 50       		.byte	0x50
 758 02a1 1A       		.uleb128 0x1a
 759 02a2 F2000000 		.4byte	0xf2
 760 02a6 01       		.uleb128 0x1
 761 02a7 53       		.byte	0x53
 762 02a8 00       		.byte	0
 763 02a9 1C       		.uleb128 0x1c
 764 02aa 43000000 		.4byte	.LASF27
 765 02ae 01       		.byte	0x1
 766 02af DB       		.byte	0xdb
 767 02b0 C6000000 		.4byte	0xc6
ARM GAS  C:\Users\Eih3\AppData\Local\Temp\ccbwQvgd.s 			page 22


 768 02b4 00000000 		.4byte	.LFB5
 769 02b8 0C000000 		.4byte	.LFE5-.LFB5
 770 02bc 01       		.uleb128 0x1
 771 02bd 9C       		.byte	0x9c
 772 02be D2020000 		.4byte	0x2d2
 773 02c2 1D       		.uleb128 0x1d
 774 02c3 6B010000 		.4byte	.LASF29
 775 02c7 01       		.byte	0x1
 776 02c8 DD       		.byte	0xdd
 777 02c9 FE000000 		.4byte	0xfe
 778 02cd 26000000 		.4byte	.LLST2
 779 02d1 00       		.byte	0
 780 02d2 1B       		.uleb128 0x1b
 781 02d3 04010000 		.4byte	0x104
 782 02d7 00000000 		.4byte	.LFB6
 783 02db 10000000 		.4byte	.LFE6-.LFB6
 784 02df 01       		.uleb128 0x1
 785 02e0 9C       		.byte	0x9c
 786 02e1 EF020000 		.4byte	0x2ef
 787 02e5 1E       		.uleb128 0x1e
 788 02e6 10010000 		.4byte	0x110
 789 02ea 55000000 		.4byte	.LLST3
 790 02ee 00       		.byte	0
 791 02ef 1F       		.uleb128 0x1f
 792 02f0 5B020000 		.4byte	.LASF28
 793 02f4 01       		.byte	0x1
 794 02f5 1301     		.2byte	0x113
 795 02f7 80000000 		.4byte	0x80
 796 02fb 00000000 		.4byte	.LFB7
 797 02ff 0C000000 		.4byte	.LFE7-.LFB7
 798 0303 01       		.uleb128 0x1
 799 0304 9C       		.byte	0x9c
 800 0305 1A030000 		.4byte	0x31a
 801 0309 20       		.uleb128 0x20
 802 030a F2000000 		.4byte	.LASF21
 803 030e 01       		.byte	0x1
 804 030f 1501     		.2byte	0x115
 805 0311 80000000 		.4byte	0x80
 806 0315 76000000 		.4byte	.LLST4
 807 0319 00       		.byte	0
 808 031a 21       		.uleb128 0x21
 809 031b 1C010000 		.4byte	0x11c
 810 031f 00000000 		.4byte	.LFB8
 811 0323 0C000000 		.4byte	.LFE8-.LFB8
 812 0327 01       		.uleb128 0x1
 813 0328 9C       		.byte	0x9c
 814 0329 22       		.uleb128 0x22
 815 032a 27000000 		.4byte	.LASF36
 816 032e 01       		.byte	0x1
 817 032f 4301     		.2byte	0x143
 818 0331 80000000 		.4byte	0x80
 819 0335 00000000 		.4byte	.LFB9
 820 0339 10000000 		.4byte	.LFE9-.LFB9
 821 033d 01       		.uleb128 0x1
 822 033e 9C       		.byte	0x9c
 823 033f 21       		.uleb128 0x21
 824 0340 D2000000 		.4byte	0xd2
ARM GAS  C:\Users\Eih3\AppData\Local\Temp\ccbwQvgd.s 			page 23


 825 0344 00000000 		.4byte	.LFB10
 826 0348 0C000000 		.4byte	.LFE10-.LFB10
 827 034c 01       		.uleb128 0x1
 828 034d 9C       		.byte	0x9c
 829 034e 23       		.uleb128 0x23
 830 034f A9010000 		.4byte	.LASF31
 831 0353 01       		.byte	0x1
 832 0354 7301     		.2byte	0x173
 833 0356 00000000 		.4byte	.LFB11
 834 035a 0C000000 		.4byte	.LFE11-.LFB11
 835 035e 01       		.uleb128 0x1
 836 035f 9C       		.byte	0x9c
 837 0360 23       		.uleb128 0x23
 838 0361 95010000 		.4byte	.LASF32
 839 0365 01       		.byte	0x1
 840 0366 8C01     		.2byte	0x18c
 841 0368 00000000 		.4byte	.LFB12
 842 036c 0C000000 		.4byte	.LFE12-.LFB12
 843 0370 01       		.uleb128 0x1
 844 0371 9C       		.byte	0x9c
 845 0372 00       		.byte	0
 846              		.section	.debug_abbrev,"",%progbits
 847              	.Ldebug_abbrev0:
 848 0000 01       		.uleb128 0x1
 849 0001 11       		.uleb128 0x11
 850 0002 01       		.byte	0x1
 851 0003 25       		.uleb128 0x25
 852 0004 0E       		.uleb128 0xe
 853 0005 13       		.uleb128 0x13
 854 0006 0B       		.uleb128 0xb
 855 0007 03       		.uleb128 0x3
 856 0008 0E       		.uleb128 0xe
 857 0009 1B       		.uleb128 0x1b
 858 000a 0E       		.uleb128 0xe
 859 000b 55       		.uleb128 0x55
 860 000c 17       		.uleb128 0x17
 861 000d 11       		.uleb128 0x11
 862 000e 01       		.uleb128 0x1
 863 000f 10       		.uleb128 0x10
 864 0010 17       		.uleb128 0x17
 865 0011 00       		.byte	0
 866 0012 00       		.byte	0
 867 0013 02       		.uleb128 0x2
 868 0014 24       		.uleb128 0x24
 869 0015 00       		.byte	0
 870 0016 0B       		.uleb128 0xb
 871 0017 0B       		.uleb128 0xb
 872 0018 3E       		.uleb128 0x3e
 873 0019 0B       		.uleb128 0xb
 874 001a 03       		.uleb128 0x3
 875 001b 08       		.uleb128 0x8
 876 001c 00       		.byte	0
 877 001d 00       		.byte	0
 878 001e 03       		.uleb128 0x3
 879 001f 24       		.uleb128 0x24
 880 0020 00       		.byte	0
 881 0021 0B       		.uleb128 0xb
ARM GAS  C:\Users\Eih3\AppData\Local\Temp\ccbwQvgd.s 			page 24


 882 0022 0B       		.uleb128 0xb
 883 0023 3E       		.uleb128 0x3e
 884 0024 0B       		.uleb128 0xb
 885 0025 03       		.uleb128 0x3
 886 0026 0E       		.uleb128 0xe
 887 0027 00       		.byte	0
 888 0028 00       		.byte	0
 889 0029 04       		.uleb128 0x4
 890 002a 0F       		.uleb128 0xf
 891 002b 00       		.byte	0
 892 002c 0B       		.uleb128 0xb
 893 002d 0B       		.uleb128 0xb
 894 002e 49       		.uleb128 0x49
 895 002f 13       		.uleb128 0x13
 896 0030 00       		.byte	0
 897 0031 00       		.byte	0
 898 0032 05       		.uleb128 0x5
 899 0033 15       		.uleb128 0x15
 900 0034 00       		.byte	0
 901 0035 27       		.uleb128 0x27
 902 0036 19       		.uleb128 0x19
 903 0037 00       		.byte	0
 904 0038 00       		.byte	0
 905 0039 06       		.uleb128 0x6
 906 003a 16       		.uleb128 0x16
 907 003b 00       		.byte	0
 908 003c 03       		.uleb128 0x3
 909 003d 0E       		.uleb128 0xe
 910 003e 3A       		.uleb128 0x3a
 911 003f 0B       		.uleb128 0xb
 912 0040 3B       		.uleb128 0x3b
 913 0041 0B       		.uleb128 0xb
 914 0042 49       		.uleb128 0x49
 915 0043 13       		.uleb128 0x13
 916 0044 00       		.byte	0
 917 0045 00       		.byte	0
 918 0046 07       		.uleb128 0x7
 919 0047 16       		.uleb128 0x16
 920 0048 00       		.byte	0
 921 0049 03       		.uleb128 0x3
 922 004a 0E       		.uleb128 0xe
 923 004b 3A       		.uleb128 0x3a
 924 004c 0B       		.uleb128 0xb
 925 004d 3B       		.uleb128 0x3b
 926 004e 05       		.uleb128 0x5
 927 004f 49       		.uleb128 0x49
 928 0050 13       		.uleb128 0x13
 929 0051 00       		.byte	0
 930 0052 00       		.byte	0
 931 0053 08       		.uleb128 0x8
 932 0054 35       		.uleb128 0x35
 933 0055 00       		.byte	0
 934 0056 49       		.uleb128 0x49
 935 0057 13       		.uleb128 0x13
 936 0058 00       		.byte	0
 937 0059 00       		.byte	0
 938 005a 09       		.uleb128 0x9
ARM GAS  C:\Users\Eih3\AppData\Local\Temp\ccbwQvgd.s 			page 25


 939 005b 2E       		.uleb128 0x2e
 940 005c 00       		.byte	0
 941 005d 3F       		.uleb128 0x3f
 942 005e 19       		.uleb128 0x19
 943 005f 03       		.uleb128 0x3
 944 0060 0E       		.uleb128 0xe
 945 0061 3A       		.uleb128 0x3a
 946 0062 0B       		.uleb128 0xb
 947 0063 3B       		.uleb128 0x3b
 948 0064 05       		.uleb128 0x5
 949 0065 27       		.uleb128 0x27
 950 0066 19       		.uleb128 0x19
 951 0067 20       		.uleb128 0x20
 952 0068 0B       		.uleb128 0xb
 953 0069 00       		.byte	0
 954 006a 00       		.byte	0
 955 006b 0A       		.uleb128 0xa
 956 006c 2E       		.uleb128 0x2e
 957 006d 01       		.byte	0x1
 958 006e 3F       		.uleb128 0x3f
 959 006f 19       		.uleb128 0x19
 960 0070 03       		.uleb128 0x3
 961 0071 0E       		.uleb128 0xe
 962 0072 3A       		.uleb128 0x3a
 963 0073 0B       		.uleb128 0xb
 964 0074 3B       		.uleb128 0x3b
 965 0075 0B       		.uleb128 0xb
 966 0076 27       		.uleb128 0x27
 967 0077 19       		.uleb128 0x19
 968 0078 20       		.uleb128 0x20
 969 0079 0B       		.uleb128 0xb
 970 007a 01       		.uleb128 0x1
 971 007b 13       		.uleb128 0x13
 972 007c 00       		.byte	0
 973 007d 00       		.byte	0
 974 007e 0B       		.uleb128 0xb
 975 007f 05       		.uleb128 0x5
 976 0080 00       		.byte	0
 977 0081 03       		.uleb128 0x3
 978 0082 0E       		.uleb128 0xe
 979 0083 3A       		.uleb128 0x3a
 980 0084 0B       		.uleb128 0xb
 981 0085 3B       		.uleb128 0x3b
 982 0086 0B       		.uleb128 0xb
 983 0087 49       		.uleb128 0x49
 984 0088 13       		.uleb128 0x13
 985 0089 00       		.byte	0
 986 008a 00       		.byte	0
 987 008b 0C       		.uleb128 0xc
 988 008c 34       		.uleb128 0x34
 989 008d 00       		.byte	0
 990 008e 03       		.uleb128 0x3
 991 008f 0E       		.uleb128 0xe
 992 0090 3A       		.uleb128 0x3a
 993 0091 0B       		.uleb128 0xb
 994 0092 3B       		.uleb128 0x3b
 995 0093 0B       		.uleb128 0xb
ARM GAS  C:\Users\Eih3\AppData\Local\Temp\ccbwQvgd.s 			page 26


 996 0094 49       		.uleb128 0x49
 997 0095 13       		.uleb128 0x13
 998 0096 00       		.byte	0
 999 0097 00       		.byte	0
 1000 0098 0D       		.uleb128 0xd
 1001 0099 2E       		.uleb128 0x2e
 1002 009a 00       		.byte	0
 1003 009b 3F       		.uleb128 0x3f
 1004 009c 19       		.uleb128 0x19
 1005 009d 03       		.uleb128 0x3
 1006 009e 0E       		.uleb128 0xe
 1007 009f 3A       		.uleb128 0x3a
 1008 00a0 0B       		.uleb128 0xb
 1009 00a1 3B       		.uleb128 0x3b
 1010 00a2 0B       		.uleb128 0xb
 1011 00a3 27       		.uleb128 0x27
 1012 00a4 19       		.uleb128 0x19
 1013 00a5 11       		.uleb128 0x11
 1014 00a6 01       		.uleb128 0x1
 1015 00a7 12       		.uleb128 0x12
 1016 00a8 06       		.uleb128 0x6
 1017 00a9 40       		.uleb128 0x40
 1018 00aa 18       		.uleb128 0x18
 1019 00ab 9742     		.uleb128 0x2117
 1020 00ad 19       		.uleb128 0x19
 1021 00ae 00       		.byte	0
 1022 00af 00       		.byte	0
 1023 00b0 0E       		.uleb128 0xe
 1024 00b1 2E       		.uleb128 0x2e
 1025 00b2 01       		.byte	0x1
 1026 00b3 3F       		.uleb128 0x3f
 1027 00b4 19       		.uleb128 0x19
 1028 00b5 03       		.uleb128 0x3
 1029 00b6 0E       		.uleb128 0xe
 1030 00b7 3A       		.uleb128 0x3a
 1031 00b8 0B       		.uleb128 0xb
 1032 00b9 3B       		.uleb128 0x3b
 1033 00ba 0B       		.uleb128 0xb
 1034 00bb 27       		.uleb128 0x27
 1035 00bc 19       		.uleb128 0x19
 1036 00bd 11       		.uleb128 0x11
 1037 00be 01       		.uleb128 0x1
 1038 00bf 12       		.uleb128 0x12
 1039 00c0 06       		.uleb128 0x6
 1040 00c1 40       		.uleb128 0x40
 1041 00c2 18       		.uleb128 0x18
 1042 00c3 9742     		.uleb128 0x2117
 1043 00c5 19       		.uleb128 0x19
 1044 00c6 01       		.uleb128 0x1
 1045 00c7 13       		.uleb128 0x13
 1046 00c8 00       		.byte	0
 1047 00c9 00       		.byte	0
 1048 00ca 0F       		.uleb128 0xf
 1049 00cb 1D       		.uleb128 0x1d
 1050 00cc 00       		.byte	0
 1051 00cd 31       		.uleb128 0x31
 1052 00ce 13       		.uleb128 0x13
ARM GAS  C:\Users\Eih3\AppData\Local\Temp\ccbwQvgd.s 			page 27


 1053 00cf 11       		.uleb128 0x11
 1054 00d0 01       		.uleb128 0x1
 1055 00d1 12       		.uleb128 0x12
 1056 00d2 06       		.uleb128 0x6
 1057 00d3 58       		.uleb128 0x58
 1058 00d4 0B       		.uleb128 0xb
 1059 00d5 59       		.uleb128 0x59
 1060 00d6 0B       		.uleb128 0xb
 1061 00d7 00       		.byte	0
 1062 00d8 00       		.byte	0
 1063 00d9 10       		.uleb128 0x10
 1064 00da 1D       		.uleb128 0x1d
 1065 00db 01       		.byte	0x1
 1066 00dc 31       		.uleb128 0x31
 1067 00dd 13       		.uleb128 0x13
 1068 00de 11       		.uleb128 0x11
 1069 00df 01       		.uleb128 0x1
 1070 00e0 12       		.uleb128 0x12
 1071 00e1 06       		.uleb128 0x6
 1072 00e2 58       		.uleb128 0x58
 1073 00e3 0B       		.uleb128 0xb
 1074 00e4 59       		.uleb128 0x59
 1075 00e5 0B       		.uleb128 0xb
 1076 00e6 01       		.uleb128 0x1
 1077 00e7 13       		.uleb128 0x13
 1078 00e8 00       		.byte	0
 1079 00e9 00       		.byte	0
 1080 00ea 11       		.uleb128 0x11
 1081 00eb 05       		.uleb128 0x5
 1082 00ec 00       		.byte	0
 1083 00ed 31       		.uleb128 0x31
 1084 00ee 13       		.uleb128 0x13
 1085 00ef 02       		.uleb128 0x2
 1086 00f0 18       		.uleb128 0x18
 1087 00f1 00       		.byte	0
 1088 00f2 00       		.byte	0
 1089 00f3 12       		.uleb128 0x12
 1090 00f4 0B       		.uleb128 0xb
 1091 00f5 01       		.byte	0x1
 1092 00f6 11       		.uleb128 0x11
 1093 00f7 01       		.uleb128 0x1
 1094 00f8 12       		.uleb128 0x12
 1095 00f9 06       		.uleb128 0x6
 1096 00fa 00       		.byte	0
 1097 00fb 00       		.byte	0
 1098 00fc 13       		.uleb128 0x13
 1099 00fd 34       		.uleb128 0x34
 1100 00fe 00       		.byte	0
 1101 00ff 31       		.uleb128 0x31
 1102 0100 13       		.uleb128 0x13
 1103 0101 02       		.uleb128 0x2
 1104 0102 17       		.uleb128 0x17
 1105 0103 00       		.byte	0
 1106 0104 00       		.byte	0
 1107 0105 14       		.uleb128 0x14
 1108 0106 05       		.uleb128 0x5
 1109 0107 00       		.byte	0
ARM GAS  C:\Users\Eih3\AppData\Local\Temp\ccbwQvgd.s 			page 28


 1110 0108 31       		.uleb128 0x31
 1111 0109 13       		.uleb128 0x13
 1112 010a 1C       		.uleb128 0x1c
 1113 010b 0B       		.uleb128 0xb
 1114 010c 00       		.byte	0
 1115 010d 00       		.byte	0
 1116 010e 15       		.uleb128 0x15
 1117 010f 05       		.uleb128 0x5
 1118 0110 00       		.byte	0
 1119 0111 03       		.uleb128 0x3
 1120 0112 0E       		.uleb128 0xe
 1121 0113 3A       		.uleb128 0x3a
 1122 0114 0B       		.uleb128 0xb
 1123 0115 3B       		.uleb128 0x3b
 1124 0116 0B       		.uleb128 0xb
 1125 0117 49       		.uleb128 0x49
 1126 0118 13       		.uleb128 0x13
 1127 0119 02       		.uleb128 0x2
 1128 011a 18       		.uleb128 0x18
 1129 011b 00       		.byte	0
 1130 011c 00       		.byte	0
 1131 011d 16       		.uleb128 0x16
 1132 011e 1D       		.uleb128 0x1d
 1133 011f 01       		.byte	0x1
 1134 0120 31       		.uleb128 0x31
 1135 0121 13       		.uleb128 0x13
 1136 0122 52       		.uleb128 0x52
 1137 0123 01       		.uleb128 0x1
 1138 0124 55       		.uleb128 0x55
 1139 0125 17       		.uleb128 0x17
 1140 0126 58       		.uleb128 0x58
 1141 0127 0B       		.uleb128 0xb
 1142 0128 59       		.uleb128 0x59
 1143 0129 0B       		.uleb128 0xb
 1144 012a 01       		.uleb128 0x1
 1145 012b 13       		.uleb128 0x13
 1146 012c 00       		.byte	0
 1147 012d 00       		.byte	0
 1148 012e 17       		.uleb128 0x17
 1149 012f 0B       		.uleb128 0xb
 1150 0130 01       		.byte	0x1
 1151 0131 55       		.uleb128 0x55
 1152 0132 17       		.uleb128 0x17
 1153 0133 00       		.byte	0
 1154 0134 00       		.byte	0
 1155 0135 18       		.uleb128 0x18
 1156 0136 1D       		.uleb128 0x1d
 1157 0137 01       		.byte	0x1
 1158 0138 31       		.uleb128 0x31
 1159 0139 13       		.uleb128 0x13
 1160 013a 11       		.uleb128 0x11
 1161 013b 01       		.uleb128 0x1
 1162 013c 12       		.uleb128 0x12
 1163 013d 06       		.uleb128 0x6
 1164 013e 58       		.uleb128 0x58
 1165 013f 0B       		.uleb128 0xb
 1166 0140 59       		.uleb128 0x59
ARM GAS  C:\Users\Eih3\AppData\Local\Temp\ccbwQvgd.s 			page 29


 1167 0141 0B       		.uleb128 0xb
 1168 0142 00       		.byte	0
 1169 0143 00       		.byte	0
 1170 0144 19       		.uleb128 0x19
 1171 0145 05       		.uleb128 0x5
 1172 0146 00       		.byte	0
 1173 0147 31       		.uleb128 0x31
 1174 0148 13       		.uleb128 0x13
 1175 0149 00       		.byte	0
 1176 014a 00       		.byte	0
 1177 014b 1A       		.uleb128 0x1a
 1178 014c 34       		.uleb128 0x34
 1179 014d 00       		.byte	0
 1180 014e 31       		.uleb128 0x31
 1181 014f 13       		.uleb128 0x13
 1182 0150 02       		.uleb128 0x2
 1183 0151 18       		.uleb128 0x18
 1184 0152 00       		.byte	0
 1185 0153 00       		.byte	0
 1186 0154 1B       		.uleb128 0x1b
 1187 0155 2E       		.uleb128 0x2e
 1188 0156 01       		.byte	0x1
 1189 0157 31       		.uleb128 0x31
 1190 0158 13       		.uleb128 0x13
 1191 0159 11       		.uleb128 0x11
 1192 015a 01       		.uleb128 0x1
 1193 015b 12       		.uleb128 0x12
 1194 015c 06       		.uleb128 0x6
 1195 015d 40       		.uleb128 0x40
 1196 015e 18       		.uleb128 0x18
 1197 015f 9742     		.uleb128 0x2117
 1198 0161 19       		.uleb128 0x19
 1199 0162 01       		.uleb128 0x1
 1200 0163 13       		.uleb128 0x13
 1201 0164 00       		.byte	0
 1202 0165 00       		.byte	0
 1203 0166 1C       		.uleb128 0x1c
 1204 0167 2E       		.uleb128 0x2e
 1205 0168 01       		.byte	0x1
 1206 0169 3F       		.uleb128 0x3f
 1207 016a 19       		.uleb128 0x19
 1208 016b 03       		.uleb128 0x3
 1209 016c 0E       		.uleb128 0xe
 1210 016d 3A       		.uleb128 0x3a
 1211 016e 0B       		.uleb128 0xb
 1212 016f 3B       		.uleb128 0x3b
 1213 0170 0B       		.uleb128 0xb
 1214 0171 27       		.uleb128 0x27
 1215 0172 19       		.uleb128 0x19
 1216 0173 49       		.uleb128 0x49
 1217 0174 13       		.uleb128 0x13
 1218 0175 11       		.uleb128 0x11
 1219 0176 01       		.uleb128 0x1
 1220 0177 12       		.uleb128 0x12
 1221 0178 06       		.uleb128 0x6
 1222 0179 40       		.uleb128 0x40
 1223 017a 18       		.uleb128 0x18
ARM GAS  C:\Users\Eih3\AppData\Local\Temp\ccbwQvgd.s 			page 30


 1224 017b 9742     		.uleb128 0x2117
 1225 017d 19       		.uleb128 0x19
 1226 017e 01       		.uleb128 0x1
 1227 017f 13       		.uleb128 0x13
 1228 0180 00       		.byte	0
 1229 0181 00       		.byte	0
 1230 0182 1D       		.uleb128 0x1d
 1231 0183 34       		.uleb128 0x34
 1232 0184 00       		.byte	0
 1233 0185 03       		.uleb128 0x3
 1234 0186 0E       		.uleb128 0xe
 1235 0187 3A       		.uleb128 0x3a
 1236 0188 0B       		.uleb128 0xb
 1237 0189 3B       		.uleb128 0x3b
 1238 018a 0B       		.uleb128 0xb
 1239 018b 49       		.uleb128 0x49
 1240 018c 13       		.uleb128 0x13
 1241 018d 02       		.uleb128 0x2
 1242 018e 17       		.uleb128 0x17
 1243 018f 00       		.byte	0
 1244 0190 00       		.byte	0
 1245 0191 1E       		.uleb128 0x1e
 1246 0192 05       		.uleb128 0x5
 1247 0193 00       		.byte	0
 1248 0194 31       		.uleb128 0x31
 1249 0195 13       		.uleb128 0x13
 1250 0196 02       		.uleb128 0x2
 1251 0197 17       		.uleb128 0x17
 1252 0198 00       		.byte	0
 1253 0199 00       		.byte	0
 1254 019a 1F       		.uleb128 0x1f
 1255 019b 2E       		.uleb128 0x2e
 1256 019c 01       		.byte	0x1
 1257 019d 3F       		.uleb128 0x3f
 1258 019e 19       		.uleb128 0x19
 1259 019f 03       		.uleb128 0x3
 1260 01a0 0E       		.uleb128 0xe
 1261 01a1 3A       		.uleb128 0x3a
 1262 01a2 0B       		.uleb128 0xb
 1263 01a3 3B       		.uleb128 0x3b
 1264 01a4 05       		.uleb128 0x5
 1265 01a5 27       		.uleb128 0x27
 1266 01a6 19       		.uleb128 0x19
 1267 01a7 49       		.uleb128 0x49
 1268 01a8 13       		.uleb128 0x13
 1269 01a9 11       		.uleb128 0x11
 1270 01aa 01       		.uleb128 0x1
 1271 01ab 12       		.uleb128 0x12
 1272 01ac 06       		.uleb128 0x6
 1273 01ad 40       		.uleb128 0x40
 1274 01ae 18       		.uleb128 0x18
 1275 01af 9742     		.uleb128 0x2117
 1276 01b1 19       		.uleb128 0x19
 1277 01b2 01       		.uleb128 0x1
 1278 01b3 13       		.uleb128 0x13
 1279 01b4 00       		.byte	0
 1280 01b5 00       		.byte	0
ARM GAS  C:\Users\Eih3\AppData\Local\Temp\ccbwQvgd.s 			page 31


 1281 01b6 20       		.uleb128 0x20
 1282 01b7 34       		.uleb128 0x34
 1283 01b8 00       		.byte	0
 1284 01b9 03       		.uleb128 0x3
 1285 01ba 0E       		.uleb128 0xe
 1286 01bb 3A       		.uleb128 0x3a
 1287 01bc 0B       		.uleb128 0xb
 1288 01bd 3B       		.uleb128 0x3b
 1289 01be 05       		.uleb128 0x5
 1290 01bf 49       		.uleb128 0x49
 1291 01c0 13       		.uleb128 0x13
 1292 01c1 02       		.uleb128 0x2
 1293 01c2 17       		.uleb128 0x17
 1294 01c3 00       		.byte	0
 1295 01c4 00       		.byte	0
 1296 01c5 21       		.uleb128 0x21
 1297 01c6 2E       		.uleb128 0x2e
 1298 01c7 00       		.byte	0
 1299 01c8 31       		.uleb128 0x31
 1300 01c9 13       		.uleb128 0x13
 1301 01ca 11       		.uleb128 0x11
 1302 01cb 01       		.uleb128 0x1
 1303 01cc 12       		.uleb128 0x12
 1304 01cd 06       		.uleb128 0x6
 1305 01ce 40       		.uleb128 0x40
 1306 01cf 18       		.uleb128 0x18
 1307 01d0 9742     		.uleb128 0x2117
 1308 01d2 19       		.uleb128 0x19
 1309 01d3 00       		.byte	0
 1310 01d4 00       		.byte	0
 1311 01d5 22       		.uleb128 0x22
 1312 01d6 2E       		.uleb128 0x2e
 1313 01d7 00       		.byte	0
 1314 01d8 3F       		.uleb128 0x3f
 1315 01d9 19       		.uleb128 0x19
 1316 01da 03       		.uleb128 0x3
 1317 01db 0E       		.uleb128 0xe
 1318 01dc 3A       		.uleb128 0x3a
 1319 01dd 0B       		.uleb128 0xb
 1320 01de 3B       		.uleb128 0x3b
 1321 01df 05       		.uleb128 0x5
 1322 01e0 27       		.uleb128 0x27
 1323 01e1 19       		.uleb128 0x19
 1324 01e2 49       		.uleb128 0x49
 1325 01e3 13       		.uleb128 0x13
 1326 01e4 11       		.uleb128 0x11
 1327 01e5 01       		.uleb128 0x1
 1328 01e6 12       		.uleb128 0x12
 1329 01e7 06       		.uleb128 0x6
 1330 01e8 40       		.uleb128 0x40
 1331 01e9 18       		.uleb128 0x18
 1332 01ea 9742     		.uleb128 0x2117
 1333 01ec 19       		.uleb128 0x19
 1334 01ed 00       		.byte	0
 1335 01ee 00       		.byte	0
 1336 01ef 23       		.uleb128 0x23
 1337 01f0 2E       		.uleb128 0x2e
ARM GAS  C:\Users\Eih3\AppData\Local\Temp\ccbwQvgd.s 			page 32


 1338 01f1 00       		.byte	0
 1339 01f2 3F       		.uleb128 0x3f
 1340 01f3 19       		.uleb128 0x19
 1341 01f4 03       		.uleb128 0x3
 1342 01f5 0E       		.uleb128 0xe
 1343 01f6 3A       		.uleb128 0x3a
 1344 01f7 0B       		.uleb128 0xb
 1345 01f8 3B       		.uleb128 0x3b
 1346 01f9 05       		.uleb128 0x5
 1347 01fa 27       		.uleb128 0x27
 1348 01fb 19       		.uleb128 0x19
 1349 01fc 11       		.uleb128 0x11
 1350 01fd 01       		.uleb128 0x1
 1351 01fe 12       		.uleb128 0x12
 1352 01ff 06       		.uleb128 0x6
 1353 0200 40       		.uleb128 0x40
 1354 0201 18       		.uleb128 0x18
 1355 0202 9742     		.uleb128 0x2117
 1356 0204 19       		.uleb128 0x19
 1357 0205 00       		.byte	0
 1358 0206 00       		.byte	0
 1359 0207 00       		.byte	0
 1360              		.section	.debug_loc,"",%progbits
 1361              	.Ldebug_loc0:
 1362              	.LLST0:
 1363 0000 0C000000 		.4byte	.LVL1
 1364 0004 12000000 		.4byte	.LVL3
 1365 0008 0100     		.2byte	0x1
 1366 000a 52       		.byte	0x52
 1367 000b 00000000 		.4byte	0
 1368 000f 00000000 		.4byte	0
 1369              	.LLST1:
 1370 0013 0C000000 		.4byte	.LVL6
 1371 0017 12000000 		.4byte	.LVL8
 1372 001b 0100     		.2byte	0x1
 1373 001d 52       		.byte	0x52
 1374 001e 00000000 		.4byte	0
 1375 0022 00000000 		.4byte	0
 1376              	.LLST2:
 1377 0026 00000000 		.4byte	.LVL13
 1378 002a 02000000 		.4byte	.LVL14
 1379 002e 0600     		.2byte	0x6
 1380 0030 11       		.byte	0x11
 1381 0031 88DA8380 		.sleb128 -536810232
 1381      7E
 1382 0036 02000000 		.4byte	.LVL14
 1383 003a 04000000 		.4byte	.LVL15
 1384 003e 0200     		.2byte	0x2
 1385 0040 73       		.byte	0x73
 1386 0041 00       		.sleb128 0
 1387 0042 04000000 		.4byte	.LVL15
 1388 0046 0C000000 		.4byte	.LFE5
 1389 004a 0100     		.2byte	0x1
 1390 004c 53       		.byte	0x53
 1391 004d 00000000 		.4byte	0
 1392 0051 00000000 		.4byte	0
 1393              	.LLST3:
ARM GAS  C:\Users\Eih3\AppData\Local\Temp\ccbwQvgd.s 			page 33


 1394 0055 00000000 		.4byte	.LVL16
 1395 0059 02000000 		.4byte	.LVL17
 1396 005d 0100     		.2byte	0x1
 1397 005f 50       		.byte	0x50
 1398 0060 02000000 		.4byte	.LVL17
 1399 0064 10000000 		.4byte	.LFE6
 1400 0068 0400     		.2byte	0x4
 1401 006a F3       		.byte	0xf3
 1402 006b 01       		.uleb128 0x1
 1403 006c 50       		.byte	0x50
 1404 006d 9F       		.byte	0x9f
 1405 006e 00000000 		.4byte	0
 1406 0072 00000000 		.4byte	0
 1407              	.LLST4:
 1408 0076 04000000 		.4byte	.LVL18
 1409 007a 06000000 		.4byte	.LVL19
 1410 007e 0500     		.2byte	0x5
 1411 0080 70       		.byte	0x70
 1412 0081 00       		.sleb128 0
 1413 0082 35       		.byte	0x35
 1414 0083 25       		.byte	0x25
 1415 0084 9F       		.byte	0x9f
 1416 0085 00000000 		.4byte	0
 1417 0089 00000000 		.4byte	0
 1418              		.section	.debug_aranges,"",%progbits
 1419 0000 7C000000 		.4byte	0x7c
 1420 0004 0200     		.2byte	0x2
 1421 0006 00000000 		.4byte	.Ldebug_info0
 1422 000a 04       		.byte	0x4
 1423 000b 00       		.byte	0
 1424 000c 0000     		.2byte	0
 1425 000e 0000     		.2byte	0
 1426 0010 00000000 		.4byte	.LFB3
 1427 0014 02000000 		.4byte	.LFE3-.LFB3
 1428 0018 00000000 		.4byte	.LFB0
 1429 001c 2C000000 		.4byte	.LFE0-.LFB0
 1430 0020 00000000 		.4byte	.LFB1
 1431 0024 24000000 		.4byte	.LFE1-.LFB1
 1432 0028 00000000 		.4byte	.LFB2
 1433 002c 1C000000 		.4byte	.LFE2-.LFB2
 1434 0030 00000000 		.4byte	.LFB4
 1435 0034 0C000000 		.4byte	.LFE4-.LFB4
 1436 0038 00000000 		.4byte	.LFB5
 1437 003c 0C000000 		.4byte	.LFE5-.LFB5
 1438 0040 00000000 		.4byte	.LFB6
 1439 0044 10000000 		.4byte	.LFE6-.LFB6
 1440 0048 00000000 		.4byte	.LFB7
 1441 004c 0C000000 		.4byte	.LFE7-.LFB7
 1442 0050 00000000 		.4byte	.LFB8
 1443 0054 0C000000 		.4byte	.LFE8-.LFB8
 1444 0058 00000000 		.4byte	.LFB9
 1445 005c 10000000 		.4byte	.LFE9-.LFB9
 1446 0060 00000000 		.4byte	.LFB10
 1447 0064 0C000000 		.4byte	.LFE10-.LFB10
 1448 0068 00000000 		.4byte	.LFB11
 1449 006c 0C000000 		.4byte	.LFE11-.LFB11
 1450 0070 00000000 		.4byte	.LFB12
ARM GAS  C:\Users\Eih3\AppData\Local\Temp\ccbwQvgd.s 			page 34


 1451 0074 0C000000 		.4byte	.LFE12-.LFB12
 1452 0078 00000000 		.4byte	0
 1453 007c 00000000 		.4byte	0
 1454              		.section	.debug_ranges,"",%progbits
 1455              	.Ldebug_ranges0:
 1456 0000 06000000 		.4byte	.LBB32
 1457 0004 0C000000 		.4byte	.LBE32
 1458 0008 0E000000 		.4byte	.LBB38
 1459 000c 10000000 		.4byte	.LBE38
 1460 0010 00000000 		.4byte	0
 1461 0014 00000000 		.4byte	0
 1462 0018 0C000000 		.4byte	.LBB35
 1463 001c 0E000000 		.4byte	.LBE35
 1464 0020 10000000 		.4byte	.LBB39
 1465 0024 14000000 		.4byte	.LBE39
 1466 0028 00000000 		.4byte	0
 1467 002c 00000000 		.4byte	0
 1468 0030 00000000 		.4byte	.LFB3
 1469 0034 02000000 		.4byte	.LFE3
 1470 0038 00000000 		.4byte	.LFB0
 1471 003c 2C000000 		.4byte	.LFE0
 1472 0040 00000000 		.4byte	.LFB1
 1473 0044 24000000 		.4byte	.LFE1
 1474 0048 00000000 		.4byte	.LFB2
 1475 004c 1C000000 		.4byte	.LFE2
 1476 0050 00000000 		.4byte	.LFB4
 1477 0054 0C000000 		.4byte	.LFE4
 1478 0058 00000000 		.4byte	.LFB5
 1479 005c 0C000000 		.4byte	.LFE5
 1480 0060 00000000 		.4byte	.LFB6
 1481 0064 10000000 		.4byte	.LFE6
 1482 0068 00000000 		.4byte	.LFB7
 1483 006c 0C000000 		.4byte	.LFE7
 1484 0070 00000000 		.4byte	.LFB8
 1485 0074 0C000000 		.4byte	.LFE8
 1486 0078 00000000 		.4byte	.LFB9
 1487 007c 10000000 		.4byte	.LFE9
 1488 0080 00000000 		.4byte	.LFB10
 1489 0084 0C000000 		.4byte	.LFE10
 1490 0088 00000000 		.4byte	.LFB11
 1491 008c 0C000000 		.4byte	.LFE11
 1492 0090 00000000 		.4byte	.LFB12
 1493 0094 0C000000 		.4byte	.LFE12
 1494 0098 00000000 		.4byte	0
 1495 009c 00000000 		.4byte	0
 1496              		.section	.debug_line,"",%progbits
 1497              	.Ldebug_line0:
 1498 0000 54010000 		.section	.debug_str,"MS",%progbits,1
 1498      02004500 
 1498      00000201 
 1498      FB0E0D00 
 1498      01010101 
 1499              	.LASF23:
 1500 0000 52785F49 		.ascii	"Rx_Int_Enable\000"
 1500      6E745F45 
 1500      6E61626C 
 1500      6500
ARM GAS  C:\Users\Eih3\AppData\Local\Temp\ccbwQvgd.s 			page 35


 1501              	.LASF16:
 1502 000e 72656733 		.ascii	"reg32\000"
 1502      3200
 1503              	.LASF19:
 1504 0014 52785F49 		.ascii	"Rx_Int_SetPriority\000"
 1504      6E745F53 
 1504      65745072 
 1504      696F7269 
 1504      747900
 1505              	.LASF36:
 1506 0027 52785F49 		.ascii	"Rx_Int_GetState\000"
 1506      6E745F47 
 1506      65745374 
 1506      61746500 
 1507              	.LASF26:
 1508 0037 52785F49 		.ascii	"Rx_Int_Stop\000"
 1508      6E745F53 
 1508      746F7000 
 1509              	.LASF27:
 1510 0043 52785F49 		.ascii	"Rx_Int_GetVector\000"
 1510      6E745F47 
 1510      65745665 
 1510      63746F72 
 1510      00
 1511              	.LASF4:
 1512 0054 73686F72 		.ascii	"short unsigned int\000"
 1512      7420756E 
 1512      7369676E 
 1512      65642069 
 1512      6E7400
 1513              	.LASF30:
 1514 0067 52785F49 		.ascii	"Rx_Int_Interrupt\000"
 1514      6E745F49 
 1514      6E746572 
 1514      72757074 
 1514      00
 1515              	.LASF22:
 1516 0078 52785F49 		.ascii	"Rx_Int_Disable\000"
 1516      6E745F44 
 1516      69736162 
 1516      6C6500
 1517              	.LASF13:
 1518 0087 666C6F61 		.ascii	"float\000"
 1518      7400
 1519              	.LASF2:
 1520 008d 756E7369 		.ascii	"unsigned char\000"
 1520      676E6564 
 1520      20636861 
 1520      7200
 1521              	.LASF15:
 1522 009b 72656738 		.ascii	"reg8\000"
 1522      00
 1523              	.LASF6:
 1524 00a0 6C6F6E67 		.ascii	"long unsigned int\000"
 1524      20756E73 
 1524      69676E65 
 1524      6420696E 
ARM GAS  C:\Users\Eih3\AppData\Local\Temp\ccbwQvgd.s 			page 36


 1524      7400
 1525              	.LASF11:
 1526 00b2 75696E74 		.ascii	"uint8\000"
 1526      3800
 1527              	.LASF35:
 1528 00b8 443A5C45 		.ascii	"D:\\Eih3Cloud\\Projet Programme\\Module HF\\5\\Modu"
 1528      69683343 
 1528      6C6F7564 
 1528      5C50726F 
 1528      6A657420 
 1529 00e6 6C652048 		.ascii	"le HF.cydsn\000"
 1529      462E6379 
 1529      64736E00 
 1530              	.LASF21:
 1531 00f2 7072696F 		.ascii	"priority\000"
 1531      72697479 
 1531      00
 1532              	.LASF14:
 1533 00fb 646F7562 		.ascii	"double\000"
 1533      6C6500
 1534              	.LASF12:
 1535 0102 75696E74 		.ascii	"uint32\000"
 1535      333200
 1536              	.LASF0:
 1537 0109 756E7369 		.ascii	"unsigned int\000"
 1537      676E6564 
 1537      20696E74 
 1537      00
 1538              	.LASF20:
 1539 0116 61646472 		.ascii	"address\000"
 1539      65737300 
 1540              	.LASF8:
 1541 011e 6C6F6E67 		.ascii	"long long unsigned int\000"
 1541      206C6F6E 
 1541      6720756E 
 1541      7369676E 
 1541      65642069 
 1542              	.LASF17:
 1543 0135 63796973 		.ascii	"cyisraddress\000"
 1543      72616464 
 1543      72657373 
 1543      00
 1544              	.LASF24:
 1545 0142 52785F49 		.ascii	"Rx_Int_Start\000"
 1545      6E745F53 
 1545      74617274 
 1545      00
 1546              	.LASF9:
 1547 014f 73697A65 		.ascii	"sizetype\000"
 1547      74797065 
 1547      00
 1548              	.LASF7:
 1549 0158 6C6F6E67 		.ascii	"long long int\000"
 1549      206C6F6E 
 1549      6720696E 
 1549      7400
 1550              	.LASF10:
ARM GAS  C:\Users\Eih3\AppData\Local\Temp\ccbwQvgd.s 			page 37


 1551 0166 63686172 		.ascii	"char\000"
 1551      00
 1552              	.LASF29:
 1553 016b 72616D56 		.ascii	"ramVectorTable\000"
 1553      6563746F 
 1553      72546162 
 1553      6C6500
 1554              	.LASF18:
 1555 017a 52785F49 		.ascii	"Rx_Int_SetVector\000"
 1555      6E745F53 
 1555      65745665 
 1555      63746F72 
 1555      00
 1556              	.LASF3:
 1557 018b 73686F72 		.ascii	"short int\000"
 1557      7420696E 
 1557      7400
 1558              	.LASF32:
 1559 0195 52785F49 		.ascii	"Rx_Int_ClearPending\000"
 1559      6E745F43 
 1559      6C656172 
 1559      50656E64 
 1559      696E6700 
 1560              	.LASF31:
 1561 01a9 52785F49 		.ascii	"Rx_Int_SetPending\000"
 1561      6E745F53 
 1561      65745065 
 1561      6E64696E 
 1561      6700
 1562              	.LASF33:
 1563 01bb 474E5520 		.ascii	"GNU C 4.8.4 20140526 (release) [ARM/embedded-4_8-br"
 1563      4320342E 
 1563      382E3420 
 1563      32303134 
 1563      30353236 
 1564 01ee 616E6368 		.ascii	"anch revision 211358] -mcpu=cortex-m3 -mthumb -g -O"
 1564      20726576 
 1564      6973696F 
 1564      6E203231 
 1564      31333538 
 1565 0221 73202D66 		.ascii	"s -ffunction-sections\000"
 1565      66756E63 
 1565      74696F6E 
 1565      2D736563 
 1565      74696F6E 
 1566              	.LASF5:
 1567 0237 6C6F6E67 		.ascii	"long int\000"
 1567      20696E74 
 1567      00
 1568              	.LASF1:
 1569 0240 7369676E 		.ascii	"signed char\000"
 1569      65642063 
 1569      68617200 
 1570              	.LASF25:
 1571 024c 52785F49 		.ascii	"Rx_Int_StartEx\000"
 1571      6E745F53 
 1571      74617274 
ARM GAS  C:\Users\Eih3\AppData\Local\Temp\ccbwQvgd.s 			page 38


 1571      457800
 1572              	.LASF28:
 1573 025b 52785F49 		.ascii	"Rx_Int_GetPriority\000"
 1573      6E745F47 
 1573      65745072 
 1573      696F7269 
 1573      747900
 1574              	.LASF34:
 1575 026e 2E5C4765 		.ascii	".\\Generated_Source\\PSoC5\\Rx_Int.c\000"
 1575      6E657261 
 1575      7465645F 
 1575      536F7572 
 1575      63655C50 
 1576              		.ident	"GCC: (GNU Tools for ARM Embedded Processors) 4.8.4 20140526 (release) [ARM/embedded-4_8-br
