Archive member included because of file (symbol)

.\CortexM3\ARM_GCC_484\Debug\Carte HF.a(cyfitter_cfg.o)
                              .\CortexM3\ARM_GCC_484\Debug\Cm3Start.o (cyfitter_cfg)
.\CortexM3\ARM_GCC_484\Debug\Carte HF.a(I2C.o)
                              .\CortexM3\ARM_GCC_484\Debug\main.o (I2C_Start)
.\CortexM3\ARM_GCC_484\Debug\Carte HF.a(I2C_INT.o)
                              .\CortexM3\ARM_GCC_484\Debug\Carte HF.a(I2C.o) (I2C_ISR)
.\CortexM3\ARM_GCC_484\Debug\Carte HF.a(I2C_PM.o)
                              .\CortexM3\ARM_GCC_484\Debug\Carte HF.a(I2C.o) (I2C_backup)
.\CortexM3\ARM_GCC_484\Debug\Carte HF.a(I2C_MASTER.o)
                              .\CortexM3\ARM_GCC_484\Debug\Carte HF.a(I2C.o) (I2C_mstrStatus)
.\CortexM3\ARM_GCC_484\Debug\Carte HF.a(LCD.o)
                              .\CortexM3\ARM_GCC_484\Debug\main.o (LCD_Start)
.\CortexM3\ARM_GCC_484\Debug\Carte HF.a(CyBootAsmGnu.o)
                              .\CortexM3\ARM_GCC_484\Debug\Carte HF.a(cyfitter_cfg.o) (CyDelayCycles)
.\CortexM3\ARM_GCC_484\Debug\Carte HF.a(CyLib.o)
                              .\CortexM3\ARM_GCC_484\Debug\Cm3Start.o (CyResetStatus)
.\CortexM3\ARM_GCC_484\Debug\Carte HF.a(cyPm.o)
                              .\CortexM3\ARM_GCC_484\Debug\Carte HF.a(CyLib.o) (CyPmReadStatus)
.\CortexM3\ARM_GCC_484\Debug\Carte HF.a(CyFlash.o)
                              .\CortexM3\ARM_GCC_484\Debug\Carte HF.a(cyPm.o) (CyFlash_SetWaitCycles)
.\CortexM3\ARM_GCC_484\Debug\Carte HF.a(CySpc.o)
                              .\CortexM3\ARM_GCC_484\Debug\Carte HF.a(CyFlash.o) (CySpcStart)
c:/program files (x86)/cypress/psoc creator/3.1/psoc creator/import/gnu_cs/arm/4.8.4/bin/../lib/gcc/arm-none-eabi/4.8.4/../../../../arm-none-eabi/lib/armv7-m\libg_s.a(lib_a-errno.o)
                              .\CortexM3\ARM_GCC_484\Debug\Cm3Start.o (__errno)
c:/program files (x86)/cypress/psoc creator/3.1/psoc creator/import/gnu_cs/arm/4.8.4/bin/../lib/gcc/arm-none-eabi/4.8.4/../../../../arm-none-eabi/lib/armv7-m\libg_s.a(lib_a-exit.o)
                              c:/program files (x86)/cypress/psoc creator/3.1/psoc creator/import/gnu_cs/arm/4.8.4/bin/../lib/gcc/arm-none-eabi/4.8.4/../../../../arm-none-eabi/lib/armv7-m/crt0.o (exit)
c:/program files (x86)/cypress/psoc creator/3.1/psoc creator/import/gnu_cs/arm/4.8.4/bin/../lib/gcc/arm-none-eabi/4.8.4/../../../../arm-none-eabi/lib/armv7-m\libg_s.a(lib_a-impure.o)
                              c:/program files (x86)/cypress/psoc creator/3.1/psoc creator/import/gnu_cs/arm/4.8.4/bin/../lib/gcc/arm-none-eabi/4.8.4/../../../../arm-none-eabi/lib/armv7-m\libg_s.a(lib_a-exit.o) (_global_impure_ptr)
c:/program files (x86)/cypress/psoc creator/3.1/psoc creator/import/gnu_cs/arm/4.8.4/bin/../lib/gcc/arm-none-eabi/4.8.4/../../../../arm-none-eabi/lib/armv7-m\libg_s.a(lib_a-init.o)
                              c:/program files (x86)/cypress/psoc creator/3.1/psoc creator/import/gnu_cs/arm/4.8.4/bin/../lib/gcc/arm-none-eabi/4.8.4/../../../../arm-none-eabi/lib/armv7-m/crt0.o (__libc_init_array)
c:/program files (x86)/cypress/psoc creator/3.1/psoc creator/import/gnu_cs/arm/4.8.4/bin/../lib/gcc/arm-none-eabi/4.8.4/../../../../arm-none-eabi/lib/armv7-m\libg_s.a(lib_a-memcpy-stub.o)
                              .\CortexM3\ARM_GCC_484\Debug\Carte HF.a(cyfitter_cfg.o) (memcpy)
c:/program files (x86)/cypress/psoc creator/3.1/psoc creator/import/gnu_cs/arm/4.8.4/bin/../lib/gcc/arm-none-eabi/4.8.4/../../../../arm-none-eabi/lib/armv7-m\libg_s.a(lib_a-memset.o)
                              c:/program files (x86)/cypress/psoc creator/3.1/psoc creator/import/gnu_cs/arm/4.8.4/bin/../lib/gcc/arm-none-eabi/4.8.4/../../../../arm-none-eabi/lib/armv7-m/crt0.o (memset)

Allocating common symbols
Common symbol       size              file

writeData           0xfe              .\CortexM3\ARM_GCC_484\Debug\main.o
I2C_state           0x1               .\CortexM3\ARM_GCC_484\Debug\Carte HF.a(I2C.o)
I2C_mstrWrBufIndex  0x1               .\CortexM3\ARM_GCC_484\Debug\Carte HF.a(I2C_MASTER.o)
i                   0x1               .\CortexM3\ARM_GCC_484\Debug\main.o
I2C_mstrWrBufSize   0x1               .\CortexM3\ARM_GCC_484\Debug\Carte HF.a(I2C_MASTER.o)
I2C_mstrStatus      0x1               .\CortexM3\ARM_GCC_484\Debug\Carte HF.a(I2C_MASTER.o)
I2C_mstrRdBufPtr    0x4               .\CortexM3\ARM_GCC_484\Debug\Carte HF.a(I2C_MASTER.o)
I2C_mstrControl     0x1               .\CortexM3\ARM_GCC_484\Debug\Carte HF.a(I2C_MASTER.o)
I2C_mstrRdBufSize   0x1               .\CortexM3\ARM_GCC_484\Debug\Carte HF.a(I2C_MASTER.o)
I2C_mstrRdBufIndex  0x1               .\CortexM3\ARM_GCC_484\Debug\Carte HF.a(I2C_MASTER.o)
I2C_mstrWrBufPtr    0x4               .\CortexM3\ARM_GCC_484\Debug\Carte HF.a(I2C_MASTER.o)
readData            0xfe              .\CortexM3\ARM_GCC_484\Debug\main.o
dieTemperature      0x2               .\CortexM3\ARM_GCC_484\Debug\Carte HF.a(CyFlash.o)

Discarded input sections

 .text          0x00000000        0x0 c:/program files (x86)/cypress/psoc creator/3.1/psoc creator/import/gnu_cs/arm/4.8.4/bin/../lib/gcc/arm-none-eabi/4.8.4/armv7-m/crti.o
 .data          0x00000000        0x0 c:/program files (x86)/cypress/psoc creator/3.1/psoc creator/import/gnu_cs/arm/4.8.4/bin/../lib/gcc/arm-none-eabi/4.8.4/armv7-m/crti.o
 .bss           0x00000000        0x0 c:/program files (x86)/cypress/psoc creator/3.1/psoc creator/import/gnu_cs/arm/4.8.4/bin/../lib/gcc/arm-none-eabi/4.8.4/armv7-m/crti.o
 .data          0x00000000        0x4 c:/program files (x86)/cypress/psoc creator/3.1/psoc creator/import/gnu_cs/arm/4.8.4/bin/../lib/gcc/arm-none-eabi/4.8.4/armv7-m/crtbegin.o
 .text          0x00000000       0x74 c:/program files (x86)/cypress/psoc creator/3.1/psoc creator/import/gnu_cs/arm/4.8.4/bin/../lib/gcc/arm-none-eabi/4.8.4/../../../../arm-none-eabi/lib/armv7-m/crt0.o
 .data          0x00000000        0x0 c:/program files (x86)/cypress/psoc creator/3.1/psoc creator/import/gnu_cs/arm/4.8.4/bin/../lib/gcc/arm-none-eabi/4.8.4/../../../../arm-none-eabi/lib/armv7-m/crt0.o
 .bss           0x00000000        0x0 c:/program files (x86)/cypress/psoc creator/3.1/psoc creator/import/gnu_cs/arm/4.8.4/bin/../lib/gcc/arm-none-eabi/4.8.4/../../../../arm-none-eabi/lib/armv7-m/crt0.o
 .ARM.extab     0x00000000        0x0 c:/program files (x86)/cypress/psoc creator/3.1/psoc creator/import/gnu_cs/arm/4.8.4/bin/../lib/gcc/arm-none-eabi/4.8.4/../../../../arm-none-eabi/lib/armv7-m/crt0.o
 .ARM.exidx     0x00000000        0x8 c:/program files (x86)/cypress/psoc creator/3.1/psoc creator/import/gnu_cs/arm/4.8.4/bin/../lib/gcc/arm-none-eabi/4.8.4/../../../../arm-none-eabi/lib/armv7-m/crt0.o
 .text          0x00000000        0x0 .\CortexM3\ARM_GCC_484\Debug\main.o
 .data          0x00000000        0x0 .\CortexM3\ARM_GCC_484\Debug\main.o
 .text          0x00000000        0x0 .\CortexM3\ARM_GCC_484\Debug\EEPROM.o
 .data          0x00000000        0x0 .\CortexM3\ARM_GCC_484\Debug\EEPROM.o
 .bss           0x00000000        0x0 .\CortexM3\ARM_GCC_484\Debug\EEPROM.o
 .text          0x00000000        0x0 .\CortexM3\ARM_GCC_484\Debug\module_hf.o
 .data          0x00000000        0x0 .\CortexM3\ARM_GCC_484\Debug\module_hf.o
 .bss           0x00000000      0x104 .\CortexM3\ARM_GCC_484\Debug\module_hf.o
 .text          0x00000000        0x0 .\CortexM3\ARM_GCC_484\Debug\cymetadata.o
 .data          0x00000000        0x0 .\CortexM3\ARM_GCC_484\Debug\cymetadata.o
 .bss           0x00000000        0x0 .\CortexM3\ARM_GCC_484\Debug\cymetadata.o
 .text          0x00000000        0x0 .\CortexM3\ARM_GCC_484\Debug\Cm3Start.o
 .data          0x00000000        0x4 .\CortexM3\ARM_GCC_484\Debug\Cm3Start.o
 .bss           0x00000000        0x0 .\CortexM3\ARM_GCC_484\Debug\Cm3Start.o
 .text._exit    0x00000000       0x28 .\CortexM3\ARM_GCC_484\Debug\Cm3Start.o
 .text._sbrk    0x00000000       0x50 .\CortexM3\ARM_GCC_484\Debug\Cm3Start.o
 .text          0x00000000        0x0 .\CortexM3\ARM_GCC_484\Debug\Carte HF.a(cyfitter_cfg.o)
 .data          0x00000000        0x0 .\CortexM3\ARM_GCC_484\Debug\Carte HF.a(cyfitter_cfg.o)
 .bss           0x00000000        0x0 .\CortexM3\ARM_GCC_484\Debug\Carte HF.a(cyfitter_cfg.o)
 .text.CYCONFIGCPYCODE
                0x00000000       0x1c .\CortexM3\ARM_GCC_484\Debug\Carte HF.a(cyfitter_cfg.o)
 .text.SetAnalogRoutingPumps
                0x00000000       0x28 .\CortexM3\ARM_GCC_484\Debug\Carte HF.a(cyfitter_cfg.o)
 .text          0x00000000        0x0 .\CortexM3\ARM_GCC_484\Debug\Carte HF.a(I2C.o)
 .data          0x00000000        0x0 .\CortexM3\ARM_GCC_484\Debug\Carte HF.a(I2C.o)
 .text.I2C_Stop
                0x00000000      0x108 .\CortexM3\ARM_GCC_484\Debug\Carte HF.a(I2C.o)
 .text          0x00000000        0x0 .\CortexM3\ARM_GCC_484\Debug\Carte HF.a(I2C_INT.o)
 .data          0x00000000        0x0 .\CortexM3\ARM_GCC_484\Debug\Carte HF.a(I2C_INT.o)
 .bss           0x00000000        0x0 .\CortexM3\ARM_GCC_484\Debug\Carte HF.a(I2C_INT.o)
 .text          0x00000000        0x0 .\CortexM3\ARM_GCC_484\Debug\Carte HF.a(I2C_PM.o)
 .data          0x00000000        0x8 .\CortexM3\ARM_GCC_484\Debug\Carte HF.a(I2C_PM.o)
 .bss           0x00000000        0x0 .\CortexM3\ARM_GCC_484\Debug\Carte HF.a(I2C_PM.o)
 .text.I2C_SaveConfig
                0x00000000       0x58 .\CortexM3\ARM_GCC_484\Debug\Carte HF.a(I2C_PM.o)
 .text.I2C_Sleep
                0x00000000       0x38 .\CortexM3\ARM_GCC_484\Debug\Carte HF.a(I2C_PM.o)
 .text.I2C_RestoreConfig
                0x00000000       0x8c .\CortexM3\ARM_GCC_484\Debug\Carte HF.a(I2C_PM.o)
 .text.I2C_Wakeup
                0x00000000       0x28 .\CortexM3\ARM_GCC_484\Debug\Carte HF.a(I2C_PM.o)
 .text          0x00000000        0x0 .\CortexM3\ARM_GCC_484\Debug\Carte HF.a(I2C_MASTER.o)
 .data          0x00000000        0x0 .\CortexM3\ARM_GCC_484\Debug\Carte HF.a(I2C_MASTER.o)
 .bss           0x00000000        0x0 .\CortexM3\ARM_GCC_484\Debug\Carte HF.a(I2C_MASTER.o)
 .text.I2C_MasterReadBuf
                0x00000000      0x108 .\CortexM3\ARM_GCC_484\Debug\Carte HF.a(I2C_MASTER.o)
 .text.I2C_MasterSendRestart
                0x00000000       0xa4 .\CortexM3\ARM_GCC_484\Debug\Carte HF.a(I2C_MASTER.o)
 .text.I2C_MasterWriteByte
                0x00000000       0x80 .\CortexM3\ARM_GCC_484\Debug\Carte HF.a(I2C_MASTER.o)
 .text.I2C_MasterGetReadBufSize
                0x00000000       0x18 .\CortexM3\ARM_GCC_484\Debug\Carte HF.a(I2C_MASTER.o)
 .text.I2C_MasterGetWriteBufSize
                0x00000000       0x18 .\CortexM3\ARM_GCC_484\Debug\Carte HF.a(I2C_MASTER.o)
 .text.I2C_MasterClearReadBuf
                0x00000000       0x44 .\CortexM3\ARM_GCC_484\Debug\Carte HF.a(I2C_MASTER.o)
 .text.I2C_MasterClearWriteBuf
                0x00000000       0x44 .\CortexM3\ARM_GCC_484\Debug\Carte HF.a(I2C_MASTER.o)
 .text          0x00000000        0x0 .\CortexM3\ARM_GCC_484\Debug\Carte HF.a(LCD.o)
 .data          0x00000000        0x0 .\CortexM3\ARM_GCC_484\Debug\Carte HF.a(LCD.o)
 .text.LCD_Stop
                0x00000000       0x18 .\CortexM3\ARM_GCC_484\Debug\Carte HF.a(LCD.o)
 .text.LCD_PrintString
                0x00000000       0x38 .\CortexM3\ARM_GCC_484\Debug\Carte HF.a(LCD.o)
 .text.LCD_PrintInt8
                0x00000000       0x34 .\CortexM3\ARM_GCC_484\Debug\Carte HF.a(LCD.o)
 .text.LCD_PrintInt16
                0x00000000       0x28 .\CortexM3\ARM_GCC_484\Debug\Carte HF.a(LCD.o)
 .text.LCD_PrintInt32
                0x00000000       0x30 .\CortexM3\ARM_GCC_484\Debug\Carte HF.a(LCD.o)
 .text.LCD_PrintU32Number
                0x00000000       0xa4 .\CortexM3\ARM_GCC_484\Debug\Carte HF.a(LCD.o)
 .rodata        0x00000000       0x10 .\CortexM3\ARM_GCC_484\Debug\Carte HF.a(LCD.o)
 .data          0x00000000        0x0 .\CortexM3\ARM_GCC_484\Debug\Carte HF.a(CyBootAsmGnu.o)
 .bss           0x00000000        0x0 .\CortexM3\ARM_GCC_484\Debug\Carte HF.a(CyBootAsmGnu.o)
 .text          0x00000000        0x0 .\CortexM3\ARM_GCC_484\Debug\Carte HF.a(CyLib.o)
 .bss           0x00000000       0x18 .\CortexM3\ARM_GCC_484\Debug\Carte HF.a(CyLib.o)
 .text.CyPLL_OUT_Start
                0x00000000       0xb0 .\CortexM3\ARM_GCC_484\Debug\Carte HF.a(CyLib.o)
 .text.CyPLL_OUT_Stop
                0x00000000       0x20 .\CortexM3\ARM_GCC_484\Debug\Carte HF.a(CyLib.o)
 .text.CyPLL_OUT_SetPQ
                0x00000000       0x90 .\CortexM3\ARM_GCC_484\Debug\Carte HF.a(CyLib.o)
 .text.CyPLL_OUT_SetSource
                0x00000000       0x54 .\CortexM3\ARM_GCC_484\Debug\Carte HF.a(CyLib.o)
 .text.CyIMO_Start
                0x00000000       0x94 .\CortexM3\ARM_GCC_484\Debug\Carte HF.a(CyLib.o)
 .text.CyIMO_Stop
                0x00000000       0x34 .\CortexM3\ARM_GCC_484\Debug\Carte HF.a(CyLib.o)
 .text.CyUSB_PowerOnCheck
                0x00000000       0x60 .\CortexM3\ARM_GCC_484\Debug\Carte HF.a(CyLib.o)
 .text.CyIMO_SetTrimValue
                0x00000000      0x108 .\CortexM3\ARM_GCC_484\Debug\Carte HF.a(CyLib.o)
 .text.CyIMO_SetFreq
                0x00000000      0x1ac .\CortexM3\ARM_GCC_484\Debug\Carte HF.a(CyLib.o)
 .text.CyIMO_SetSource
                0x00000000       0x8c .\CortexM3\ARM_GCC_484\Debug\Carte HF.a(CyLib.o)
 .text.CyIMO_EnableDoubler
                0x00000000       0x20 .\CortexM3\ARM_GCC_484\Debug\Carte HF.a(CyLib.o)
 .text.CyIMO_DisableDoubler
                0x00000000       0x20 .\CortexM3\ARM_GCC_484\Debug\Carte HF.a(CyLib.o)
 .text.CyMasterClk_SetSource
                0x00000000       0x34 .\CortexM3\ARM_GCC_484\Debug\Carte HF.a(CyLib.o)
 .text.CyMasterClk_SetDivider
                0x00000000       0x20 .\CortexM3\ARM_GCC_484\Debug\Carte HF.a(CyLib.o)
 .text.CyBusClk_Internal_SetDivider
                0x00000000       0x78 .\CortexM3\ARM_GCC_484\Debug\Carte HF.a(CyLib.o)
 .text.CyBusClk_SetDivider
                0x00000000       0xb0 .\CortexM3\ARM_GCC_484\Debug\Carte HF.a(CyLib.o)
 .text.CyUsbClk_SetSource
                0x00000000       0x34 .\CortexM3\ARM_GCC_484\Debug\Carte HF.a(CyLib.o)
 .text.CyILO_Start1K
                0x00000000       0x20 .\CortexM3\ARM_GCC_484\Debug\Carte HF.a(CyLib.o)
 .text.CyILO_Stop1K
                0x00000000       0x20 .\CortexM3\ARM_GCC_484\Debug\Carte HF.a(CyLib.o)
 .text.CyILO_Start100K
                0x00000000       0x20 .\CortexM3\ARM_GCC_484\Debug\Carte HF.a(CyLib.o)
 .text.CyILO_Stop100K
                0x00000000       0x20 .\CortexM3\ARM_GCC_484\Debug\Carte HF.a(CyLib.o)
 .text.CyILO_Enable33K
                0x00000000       0x20 .\CortexM3\ARM_GCC_484\Debug\Carte HF.a(CyLib.o)
 .text.CyILO_Disable33K
                0x00000000       0x20 .\CortexM3\ARM_GCC_484\Debug\Carte HF.a(CyLib.o)
 .text.CyILO_SetSource
                0x00000000       0x38 .\CortexM3\ARM_GCC_484\Debug\Carte HF.a(CyLib.o)
 .text.CyILO_SetPowerMode
                0x00000000       0x4c .\CortexM3\ARM_GCC_484\Debug\Carte HF.a(CyLib.o)
 .text.CyXTAL_32KHZ_Start
                0x00000000       0x84 .\CortexM3\ARM_GCC_484\Debug\Carte HF.a(CyLib.o)
 .text.CyXTAL_32KHZ_Stop
                0x00000000       0x50 .\CortexM3\ARM_GCC_484\Debug\Carte HF.a(CyLib.o)
 .text.CyXTAL_32KHZ_ReadStatus
                0x00000000       0x20 .\CortexM3\ARM_GCC_484\Debug\Carte HF.a(CyLib.o)
 .text.CyXTAL_32KHZ_SetPowerMode
                0x00000000       0xb4 .\CortexM3\ARM_GCC_484\Debug\Carte HF.a(CyLib.o)
 .text.CyXTAL_Start
                0x00000000       0xd0 .\CortexM3\ARM_GCC_484\Debug\Carte HF.a(CyLib.o)
 .text.CyXTAL_Stop
                0x00000000       0x20 .\CortexM3\ARM_GCC_484\Debug\Carte HF.a(CyLib.o)
 .text.CyXTAL_EnableErrStatus
                0x00000000       0x20 .\CortexM3\ARM_GCC_484\Debug\Carte HF.a(CyLib.o)
 .text.CyXTAL_DisableErrStatus
                0x00000000       0x20 .\CortexM3\ARM_GCC_484\Debug\Carte HF.a(CyLib.o)
 .text.CyXTAL_ReadStatus
                0x00000000       0x28 .\CortexM3\ARM_GCC_484\Debug\Carte HF.a(CyLib.o)
 .text.CyXTAL_EnableFaultRecovery
                0x00000000       0x20 .\CortexM3\ARM_GCC_484\Debug\Carte HF.a(CyLib.o)
 .text.CyXTAL_DisableFaultRecovery
                0x00000000       0x20 .\CortexM3\ARM_GCC_484\Debug\Carte HF.a(CyLib.o)
 .text.CyXTAL_SetStartup
                0x00000000       0x34 .\CortexM3\ARM_GCC_484\Debug\Carte HF.a(CyLib.o)
 .text.CyXTAL_SetFbVoltage
                0x00000000       0x34 .\CortexM3\ARM_GCC_484\Debug\Carte HF.a(CyLib.o)
 .text.CyXTAL_SetWdVoltage
                0x00000000       0x38 .\CortexM3\ARM_GCC_484\Debug\Carte HF.a(CyLib.o)
 .text.CySoftwareReset
                0x00000000       0x20 .\CortexM3\ARM_GCC_484\Debug\Carte HF.a(CyLib.o)
 .text.CyDelayFreq
                0x00000000       0x7c .\CortexM3\ARM_GCC_484\Debug\Carte HF.a(CyLib.o)
 .text.CyWdtStart
                0x00000000       0x88 .\CortexM3\ARM_GCC_484\Debug\Carte HF.a(CyLib.o)
 .text.CyWdtClear
                0x00000000       0x18 .\CortexM3\ARM_GCC_484\Debug\Carte HF.a(CyLib.o)
 .text.CyVdLvDigitEnable
                0x00000000       0xb0 .\CortexM3\ARM_GCC_484\Debug\Carte HF.a(CyLib.o)
 .text.CyVdLvAnalogEnable
                0x00000000       0xb0 .\CortexM3\ARM_GCC_484\Debug\Carte HF.a(CyLib.o)
 .text.CyVdLvDigitDisable
                0x00000000       0x48 .\CortexM3\ARM_GCC_484\Debug\Carte HF.a(CyLib.o)
 .text.CyVdLvAnalogDisable
                0x00000000       0x48 .\CortexM3\ARM_GCC_484\Debug\Carte HF.a(CyLib.o)
 .text.CyVdHvAnalogEnable
                0x00000000       0x5c .\CortexM3\ARM_GCC_484\Debug\Carte HF.a(CyLib.o)
 .text.CyVdHvAnalogDisable
                0x00000000       0x20 .\CortexM3\ARM_GCC_484\Debug\Carte HF.a(CyLib.o)
 .text.CyVdStickyStatus
                0x00000000       0x38 .\CortexM3\ARM_GCC_484\Debug\Carte HF.a(CyLib.o)
 .text.CyVdRealTimeStatus
                0x00000000       0x2c .\CortexM3\ARM_GCC_484\Debug\Carte HF.a(CyLib.o)
 .text.CyDisableInts
                0x00000000       0x34 .\CortexM3\ARM_GCC_484\Debug\Carte HF.a(CyLib.o)
 .text.CyEnableInts
                0x00000000       0x28 .\CortexM3\ARM_GCC_484\Debug\Carte HF.a(CyLib.o)
 .text.CyFlushCache
                0x00000000       0x58 .\CortexM3\ARM_GCC_484\Debug\Carte HF.a(CyLib.o)
 .text.CyIntSetSysVector
                0x00000000       0x4c .\CortexM3\ARM_GCC_484\Debug\Carte HF.a(CyLib.o)
 .text.CyIntGetSysVector
                0x00000000       0x38 .\CortexM3\ARM_GCC_484\Debug\Carte HF.a(CyLib.o)
 .text.CyIntGetVector
                0x00000000       0x38 .\CortexM3\ARM_GCC_484\Debug\Carte HF.a(CyLib.o)
 .text.CyIntGetPriority
                0x00000000       0x38 .\CortexM3\ARM_GCC_484\Debug\Carte HF.a(CyLib.o)
 .text.CyIntGetState
                0x00000000       0x44 .\CortexM3\ARM_GCC_484\Debug\Carte HF.a(CyLib.o)
 .text.CySysTickStart
                0x00000000       0x20 .\CortexM3\ARM_GCC_484\Debug\Carte HF.a(CyLib.o)
 .text.CySysTickInit
                0x00000000       0x68 .\CortexM3\ARM_GCC_484\Debug\Carte HF.a(CyLib.o)
 .text.CySysTickEnable
                0x00000000       0x1c .\CortexM3\ARM_GCC_484\Debug\Carte HF.a(CyLib.o)
 .text.CySysTickStop
                0x00000000       0x1c .\CortexM3\ARM_GCC_484\Debug\Carte HF.a(CyLib.o)
 .text.CySysTickEnableInterrupt
                0x00000000       0x1c .\CortexM3\ARM_GCC_484\Debug\Carte HF.a(CyLib.o)
 .text.CySysTickDisableInterrupt
                0x00000000       0x1c .\CortexM3\ARM_GCC_484\Debug\Carte HF.a(CyLib.o)
 .text.CySysTickSetReload
                0x00000000       0x20 .\CortexM3\ARM_GCC_484\Debug\Carte HF.a(CyLib.o)
 .text.CySysTickGetReload
                0x00000000       0x1c .\CortexM3\ARM_GCC_484\Debug\Carte HF.a(CyLib.o)
 .text.CySysTickGetValue
                0x00000000       0x20 .\CortexM3\ARM_GCC_484\Debug\Carte HF.a(CyLib.o)
 .text.CySysTickSetClockSource
                0x00000000       0x38 .\CortexM3\ARM_GCC_484\Debug\Carte HF.a(CyLib.o)
 .text.CySysTickGetCountFlag
                0x00000000       0x1c .\CortexM3\ARM_GCC_484\Debug\Carte HF.a(CyLib.o)
 .text.CySysTickClear
                0x00000000       0x18 .\CortexM3\ARM_GCC_484\Debug\Carte HF.a(CyLib.o)
 .text.CySysTickSetCallback
                0x00000000       0x30 .\CortexM3\ARM_GCC_484\Debug\Carte HF.a(CyLib.o)
 .text.CySysTickGetCallback
                0x00000000       0x20 .\CortexM3\ARM_GCC_484\Debug\Carte HF.a(CyLib.o)
 .text.CySysTickServiceCallbacks
                0x00000000       0x44 .\CortexM3\ARM_GCC_484\Debug\Carte HF.a(CyLib.o)
 .text          0x00000000        0x0 .\CortexM3\ARM_GCC_484\Debug\Carte HF.a(cyPm.o)
 .data          0x00000000        0x0 .\CortexM3\ARM_GCC_484\Debug\Carte HF.a(cyPm.o)
 .bss           0x00000000       0x44 .\CortexM3\ARM_GCC_484\Debug\Carte HF.a(cyPm.o)
 .rodata        0x00000000       0x10 .\CortexM3\ARM_GCC_484\Debug\Carte HF.a(cyPm.o)
 .text.CyPmSaveClocks
                0x00000000      0x280 .\CortexM3\ARM_GCC_484\Debug\Carte HF.a(cyPm.o)
 .text.CyPmRestoreClocks
                0x00000000      0x300 .\CortexM3\ARM_GCC_484\Debug\Carte HF.a(cyPm.o)
 .text.CyPmAltAct
                0x00000000       0xb8 .\CortexM3\ARM_GCC_484\Debug\Carte HF.a(cyPm.o)
 .text.CyPmSleep
                0x00000000      0x16c .\CortexM3\ARM_GCC_484\Debug\Carte HF.a(cyPm.o)
 .text.CyPmHibernate
                0x00000000      0x140 .\CortexM3\ARM_GCC_484\Debug\Carte HF.a(cyPm.o)
 .text.CyPmReadStatus
                0x00000000       0x58 .\CortexM3\ARM_GCC_484\Debug\Carte HF.a(cyPm.o)
 .text.CyPmHibSaveSet
                0x00000000       0xd4 .\CortexM3\ARM_GCC_484\Debug\Carte HF.a(cyPm.o)
 .text.CyPmHibRestore
                0x00000000       0x68 .\CortexM3\ARM_GCC_484\Debug\Carte HF.a(cyPm.o)
 .text.CyPmCtwSetInterval
                0x00000000       0x90 .\CortexM3\ARM_GCC_484\Debug\Carte HF.a(cyPm.o)
 .text.CyPmOppsSet
                0x00000000       0x40 .\CortexM3\ARM_GCC_484\Debug\Carte HF.a(cyPm.o)
 .text.CyPmFtwSetInterval
                0x00000000       0x90 .\CortexM3\ARM_GCC_484\Debug\Carte HF.a(cyPm.o)
 .text.CyPmHibSlpSaveSet
                0x00000000      0x280 .\CortexM3\ARM_GCC_484\Debug\Carte HF.a(cyPm.o)
 .text.CyPmHibSlpRestore
                0x00000000      0x188 .\CortexM3\ARM_GCC_484\Debug\Carte HF.a(cyPm.o)
 .text.CyPmHviLviSaveDisable
                0x00000000       0xd4 .\CortexM3\ARM_GCC_484\Debug\Carte HF.a(cyPm.o)
 .text.CyPmHviLviRestore
                0x00000000       0x54 .\CortexM3\ARM_GCC_484\Debug\Carte HF.a(cyPm.o)
 .text          0x00000000        0x0 .\CortexM3\ARM_GCC_484\Debug\Carte HF.a(CyFlash.o)
 .data          0x00000000        0x0 .\CortexM3\ARM_GCC_484\Debug\Carte HF.a(CyFlash.o)
 .bss           0x00000000        0x4 .\CortexM3\ARM_GCC_484\Debug\Carte HF.a(CyFlash.o)
 .text.CyFlash_Start
                0x00000000       0x8c .\CortexM3\ARM_GCC_484\Debug\Carte HF.a(CyFlash.o)
 .text.CyFlash_Stop
                0x00000000       0x44 .\CortexM3\ARM_GCC_484\Debug\Carte HF.a(CyFlash.o)
 .text.CySetTempInt
                0x00000000       0x7c .\CortexM3\ARM_GCC_484\Debug\Carte HF.a(CyFlash.o)
 .text.CyFlashGetSpcAlgorithm
                0x00000000       0x70 .\CortexM3\ARM_GCC_484\Debug\Carte HF.a(CyFlash.o)
 .text.CySetTemp
                0x00000000       0x24 .\CortexM3\ARM_GCC_484\Debug\Carte HF.a(CyFlash.o)
 .text.CySetFlashEEBuffer
                0x00000000       0x54 .\CortexM3\ARM_GCC_484\Debug\Carte HF.a(CyFlash.o)
 .text.CyWriteRowData
                0x00000000       0x3c .\CortexM3\ARM_GCC_484\Debug\Carte HF.a(CyFlash.o)
 .text.CyWriteRowFull
                0x00000000      0x154 .\CortexM3\ARM_GCC_484\Debug\Carte HF.a(CyFlash.o)
 .text.CyFlash_SetWaitCycles
                0x00000000       0xbc .\CortexM3\ARM_GCC_484\Debug\Carte HF.a(CyFlash.o)
 .text.CyEEPROM_Start
                0x00000000       0x8c .\CortexM3\ARM_GCC_484\Debug\Carte HF.a(CyFlash.o)
 .text.CyEEPROM_Stop
                0x00000000       0x44 .\CortexM3\ARM_GCC_484\Debug\Carte HF.a(CyFlash.o)
 .text.CyEEPROM_ReadReserve
                0x00000000       0x30 .\CortexM3\ARM_GCC_484\Debug\Carte HF.a(CyFlash.o)
 .text.CyEEPROM_ReadRelease
                0x00000000       0x20 .\CortexM3\ARM_GCC_484\Debug\Carte HF.a(CyFlash.o)
 COMMON         0x00000000        0x2 .\CortexM3\ARM_GCC_484\Debug\Carte HF.a(CyFlash.o)
 .text          0x00000000        0x0 .\CortexM3\ARM_GCC_484\Debug\Carte HF.a(CySpc.o)
 .data          0x00000000        0x0 .\CortexM3\ARM_GCC_484\Debug\Carte HF.a(CySpc.o)
 .bss           0x00000000        0x8 .\CortexM3\ARM_GCC_484\Debug\Carte HF.a(CySpc.o)
 .text.CySpcStart
                0x00000000       0x44 .\CortexM3\ARM_GCC_484\Debug\Carte HF.a(CySpc.o)
 .text.CySpcStop
                0x00000000       0x44 .\CortexM3\ARM_GCC_484\Debug\Carte HF.a(CySpc.o)
 .text.CySpcReadData
                0x00000000       0x58 .\CortexM3\ARM_GCC_484\Debug\Carte HF.a(CySpc.o)
 .text.CySpcLoadMultiByte
                0x00000000       0xd0 .\CortexM3\ARM_GCC_484\Debug\Carte HF.a(CySpc.o)
 .text.CySpcLoadRow
                0x00000000       0x8c .\CortexM3\ARM_GCC_484\Debug\Carte HF.a(CySpc.o)
 .text.CySpcLoadRowFull
                0x00000000       0xcc .\CortexM3\ARM_GCC_484\Debug\Carte HF.a(CySpc.o)
 .text.CySpcWriteRow
                0x00000000       0x88 .\CortexM3\ARM_GCC_484\Debug\Carte HF.a(CySpc.o)
 .text.CySpcEraseSector
                0x00000000       0x70 .\CortexM3\ARM_GCC_484\Debug\Carte HF.a(CySpc.o)
 .text.CySpcGetTemp
                0x00000000       0x64 .\CortexM3\ARM_GCC_484\Debug\Carte HF.a(CySpc.o)
 .text.CySpcLock
                0x00000000       0x68 .\CortexM3\ARM_GCC_484\Debug\Carte HF.a(CySpc.o)
 .text.CySpcUnlock
                0x00000000       0x50 .\CortexM3\ARM_GCC_484\Debug\Carte HF.a(CySpc.o)
 .text.CySpcGetAlgorithm
                0x00000000       0x48 .\CortexM3\ARM_GCC_484\Debug\Carte HF.a(CySpc.o)
 .text          0x00000000        0x0 c:/program files (x86)/cypress/psoc creator/3.1/psoc creator/import/gnu_cs/arm/4.8.4/bin/../lib/gcc/arm-none-eabi/4.8.4/../../../../arm-none-eabi/lib/armv7-m\libg_s.a(lib_a-errno.o)
 .data          0x00000000        0x0 c:/program files (x86)/cypress/psoc creator/3.1/psoc creator/import/gnu_cs/arm/4.8.4/bin/../lib/gcc/arm-none-eabi/4.8.4/../../../../arm-none-eabi/lib/armv7-m\libg_s.a(lib_a-errno.o)
 .bss           0x00000000        0x0 c:/program files (x86)/cypress/psoc creator/3.1/psoc creator/import/gnu_cs/arm/4.8.4/bin/../lib/gcc/arm-none-eabi/4.8.4/../../../../arm-none-eabi/lib/armv7-m\libg_s.a(lib_a-errno.o)
 .text.__errno  0x00000000        0xc c:/program files (x86)/cypress/psoc creator/3.1/psoc creator/import/gnu_cs/arm/4.8.4/bin/../lib/gcc/arm-none-eabi/4.8.4/../../../../arm-none-eabi/lib/armv7-m\libg_s.a(lib_a-errno.o)
 .text          0x00000000        0x0 c:/program files (x86)/cypress/psoc creator/3.1/psoc creator/import/gnu_cs/arm/4.8.4/bin/../lib/gcc/arm-none-eabi/4.8.4/../../../../arm-none-eabi/lib/armv7-m\libg_s.a(lib_a-exit.o)
 .data          0x00000000        0x0 c:/program files (x86)/cypress/psoc creator/3.1/psoc creator/import/gnu_cs/arm/4.8.4/bin/../lib/gcc/arm-none-eabi/4.8.4/../../../../arm-none-eabi/lib/armv7-m\libg_s.a(lib_a-exit.o)
 .bss           0x00000000        0x0 c:/program files (x86)/cypress/psoc creator/3.1/psoc creator/import/gnu_cs/arm/4.8.4/bin/../lib/gcc/arm-none-eabi/4.8.4/../../../../arm-none-eabi/lib/armv7-m\libg_s.a(lib_a-exit.o)
 .text.exit     0x00000000       0x28 c:/program files (x86)/cypress/psoc creator/3.1/psoc creator/import/gnu_cs/arm/4.8.4/bin/../lib/gcc/arm-none-eabi/4.8.4/../../../../arm-none-eabi/lib/armv7-m\libg_s.a(lib_a-exit.o)
 .text          0x00000000        0x0 c:/program files (x86)/cypress/psoc creator/3.1/psoc creator/import/gnu_cs/arm/4.8.4/bin/../lib/gcc/arm-none-eabi/4.8.4/../../../../arm-none-eabi/lib/armv7-m\libg_s.a(lib_a-impure.o)
 .data          0x00000000        0x0 c:/program files (x86)/cypress/psoc creator/3.1/psoc creator/import/gnu_cs/arm/4.8.4/bin/../lib/gcc/arm-none-eabi/4.8.4/../../../../arm-none-eabi/lib/armv7-m\libg_s.a(lib_a-impure.o)
 .bss           0x00000000        0x0 c:/program files (x86)/cypress/psoc creator/3.1/psoc creator/import/gnu_cs/arm/4.8.4/bin/../lib/gcc/arm-none-eabi/4.8.4/../../../../arm-none-eabi/lib/armv7-m\libg_s.a(lib_a-impure.o)
 .data.impure_data
                0x00000000       0x60 c:/program files (x86)/cypress/psoc creator/3.1/psoc creator/import/gnu_cs/arm/4.8.4/bin/../lib/gcc/arm-none-eabi/4.8.4/../../../../arm-none-eabi/lib/armv7-m\libg_s.a(lib_a-impure.o)
 .data._impure_ptr
                0x00000000        0x4 c:/program files (x86)/cypress/psoc creator/3.1/psoc creator/import/gnu_cs/arm/4.8.4/bin/../lib/gcc/arm-none-eabi/4.8.4/../../../../arm-none-eabi/lib/armv7-m\libg_s.a(lib_a-impure.o)
 .rodata.str1.1
                0x00000000        0x2 c:/program files (x86)/cypress/psoc creator/3.1/psoc creator/import/gnu_cs/arm/4.8.4/bin/../lib/gcc/arm-none-eabi/4.8.4/../../../../arm-none-eabi/lib/armv7-m\libg_s.a(lib_a-impure.o)
 .rodata._global_impure_ptr
                0x00000000        0x4 c:/program files (x86)/cypress/psoc creator/3.1/psoc creator/import/gnu_cs/arm/4.8.4/bin/../lib/gcc/arm-none-eabi/4.8.4/../../../../arm-none-eabi/lib/armv7-m\libg_s.a(lib_a-impure.o)
 .text          0x00000000        0x0 c:/program files (x86)/cypress/psoc creator/3.1/psoc creator/import/gnu_cs/arm/4.8.4/bin/../lib/gcc/arm-none-eabi/4.8.4/../../../../arm-none-eabi/lib/armv7-m\libg_s.a(lib_a-init.o)
 .data          0x00000000        0x0 c:/program files (x86)/cypress/psoc creator/3.1/psoc creator/import/gnu_cs/arm/4.8.4/bin/../lib/gcc/arm-none-eabi/4.8.4/../../../../arm-none-eabi/lib/armv7-m\libg_s.a(lib_a-init.o)
 .bss           0x00000000        0x0 c:/program files (x86)/cypress/psoc creator/3.1/psoc creator/import/gnu_cs/arm/4.8.4/bin/../lib/gcc/arm-none-eabi/4.8.4/../../../../arm-none-eabi/lib/armv7-m\libg_s.a(lib_a-init.o)
 .text          0x00000000        0x0 c:/program files (x86)/cypress/psoc creator/3.1/psoc creator/import/gnu_cs/arm/4.8.4/bin/../lib/gcc/arm-none-eabi/4.8.4/../../../../arm-none-eabi/lib/armv7-m\libg_s.a(lib_a-memcpy-stub.o)
 .data          0x00000000        0x0 c:/program files (x86)/cypress/psoc creator/3.1/psoc creator/import/gnu_cs/arm/4.8.4/bin/../lib/gcc/arm-none-eabi/4.8.4/../../../../arm-none-eabi/lib/armv7-m\libg_s.a(lib_a-memcpy-stub.o)
 .bss           0x00000000        0x0 c:/program files (x86)/cypress/psoc creator/3.1/psoc creator/import/gnu_cs/arm/4.8.4/bin/../lib/gcc/arm-none-eabi/4.8.4/../../../../arm-none-eabi/lib/armv7-m\libg_s.a(lib_a-memcpy-stub.o)
 .text          0x00000000        0x0 c:/program files (x86)/cypress/psoc creator/3.1/psoc creator/import/gnu_cs/arm/4.8.4/bin/../lib/gcc/arm-none-eabi/4.8.4/../../../../arm-none-eabi/lib/armv7-m\libg_s.a(lib_a-memset.o)
 .data          0x00000000        0x0 c:/program files (x86)/cypress/psoc creator/3.1/psoc creator/import/gnu_cs/arm/4.8.4/bin/../lib/gcc/arm-none-eabi/4.8.4/../../../../arm-none-eabi/lib/armv7-m\libg_s.a(lib_a-memset.o)
 .bss           0x00000000        0x0 c:/program files (x86)/cypress/psoc creator/3.1/psoc creator/import/gnu_cs/arm/4.8.4/bin/../lib/gcc/arm-none-eabi/4.8.4/../../../../arm-none-eabi/lib/armv7-m\libg_s.a(lib_a-memset.o)
 .text          0x00000000        0x0 c:/program files (x86)/cypress/psoc creator/3.1/psoc creator/import/gnu_cs/arm/4.8.4/bin/../lib/gcc/arm-none-eabi/4.8.4/armv7-m/crtend.o
 .data          0x00000000        0x0 c:/program files (x86)/cypress/psoc creator/3.1/psoc creator/import/gnu_cs/arm/4.8.4/bin/../lib/gcc/arm-none-eabi/4.8.4/armv7-m/crtend.o
 .bss           0x00000000        0x0 c:/program files (x86)/cypress/psoc creator/3.1/psoc creator/import/gnu_cs/arm/4.8.4/bin/../lib/gcc/arm-none-eabi/4.8.4/armv7-m/crtend.o
 .text          0x00000000        0x0 c:/program files (x86)/cypress/psoc creator/3.1/psoc creator/import/gnu_cs/arm/4.8.4/bin/../lib/gcc/arm-none-eabi/4.8.4/armv7-m/crtn.o
 .data          0x00000000        0x0 c:/program files (x86)/cypress/psoc creator/3.1/psoc creator/import/gnu_cs/arm/4.8.4/bin/../lib/gcc/arm-none-eabi/4.8.4/armv7-m/crtn.o
 .bss           0x00000000        0x0 c:/program files (x86)/cypress/psoc creator/3.1/psoc creator/import/gnu_cs/arm/4.8.4/bin/../lib/gcc/arm-none-eabi/4.8.4/armv7-m/crtn.o

Memory Configuration

Name             Origin             Length             Attributes
rom              0x00000000         0x00040000         xr
ram              0x1fff8000         0x00010000         xrw
*default*        0x00000000         0xffffffff

Linker script and memory map

LOAD c:/program files (x86)/cypress/psoc creator/3.1/psoc creator/import/gnu_cs/arm/4.8.4/bin/../lib/gcc/arm-none-eabi/4.8.4/armv7-m/crti.o
LOAD c:/program files (x86)/cypress/psoc creator/3.1/psoc creator/import/gnu_cs/arm/4.8.4/bin/../lib/gcc/arm-none-eabi/4.8.4/armv7-m/crtbegin.o
LOAD c:/program files (x86)/cypress/psoc creator/3.1/psoc creator/import/gnu_cs/arm/4.8.4/bin/../lib/gcc/arm-none-eabi/4.8.4/../../../../arm-none-eabi/lib/armv7-m/crt0.o
START GROUP
LOAD .\CortexM3\ARM_GCC_484\Debug\main.o
LOAD .\CortexM3\ARM_GCC_484\Debug\EEPROM.o
LOAD .\CortexM3\ARM_GCC_484\Debug\module_hf.o
LOAD .\CortexM3\ARM_GCC_484\Debug\cymetadata.o
LOAD .\CortexM3\ARM_GCC_484\Debug\Cm3Start.o
LOAD .\CortexM3\ARM_GCC_484\Debug\Carte HF.a
LOAD C:\Program Files (x86)\Cypress\PSoC Creator\3.1\PSoC Creator\psoc\content\cycomponentlibrary\CyComponentLibrary.cylib\CortexM3\ARM_GCC_484\Debug\CyComponentLibrary.a
END GROUP
START GROUP
LOAD c:/program files (x86)/cypress/psoc creator/3.1/psoc creator/import/gnu_cs/arm/4.8.4/bin/../lib/gcc/arm-none-eabi/4.8.4/armv7-m\libgcc.a
LOAD c:/program files (x86)/cypress/psoc creator/3.1/psoc creator/import/gnu_cs/arm/4.8.4/bin/../lib/gcc/arm-none-eabi/4.8.4/../../../../arm-none-eabi/lib/armv7-m\libg_s.a
LOAD c:/program files (x86)/cypress/psoc creator/3.1/psoc creator/import/gnu_cs/arm/4.8.4/bin/../lib/gcc/arm-none-eabi/4.8.4/../../../../arm-none-eabi/lib/armv7-m\libc_s.a
END GROUP
START GROUP
LOAD c:/program files (x86)/cypress/psoc creator/3.1/psoc creator/import/gnu_cs/arm/4.8.4/bin/../lib/gcc/arm-none-eabi/4.8.4/armv7-m\libgcc.a
LOAD c:/program files (x86)/cypress/psoc creator/3.1/psoc creator/import/gnu_cs/arm/4.8.4/bin/../lib/gcc/arm-none-eabi/4.8.4/../../../../arm-none-eabi/lib/armv7-m\libc_s.a
END GROUP
LOAD c:/program files (x86)/cypress/psoc creator/3.1/psoc creator/import/gnu_cs/arm/4.8.4/bin/../lib/gcc/arm-none-eabi/4.8.4/armv7-m/crtend.o
LOAD c:/program files (x86)/cypress/psoc creator/3.1/psoc creator/import/gnu_cs/arm/4.8.4/bin/../lib/gcc/arm-none-eabi/4.8.4/armv7-m/crtn.o
START GROUP
LOAD c:/program files (x86)/cypress/psoc creator/3.1/psoc creator/import/gnu_cs/arm/4.8.4/bin/../lib/gcc/arm-none-eabi/4.8.4/armv7-m\libgcc.a
LOAD c:/program files (x86)/cypress/psoc creator/3.1/psoc creator/import/gnu_cs/arm/4.8.4/bin/../lib/gcc/arm-none-eabi/4.8.4/../../../../arm-none-eabi/lib/armv7-m\libc.a
LOAD c:/program files (x86)/cypress/psoc creator/3.1/psoc creator/import/gnu_cs/arm/4.8.4/bin/../lib/gcc/arm-none-eabi/4.8.4/../../../../arm-none-eabi/lib/armv7-m\libnosys.a
END GROUP
                0x00000000                CY_APPL_ORIGIN = 0x0
                0x00000100                CY_FLASH_ROW_SIZE = 0x100
                0x00000020                CY_ECC_ROW_SIZE = 0x20
                0x00000000                CY_EE_IN_BTLDR = 0x0
                0x00000000                CY_APPL_LOADABLE = 0x0
                0x00000800                CY_EE_SIZE = 0x800
                0x00000001                CY_APPL_NUM = 0x1
                0x00000001                CY_APPL_MAX = 0x1
                0x00000040                CY_METADATA_SIZE = 0x40
                0x1fff8458                PROVIDE (__cy_heap_start, _end)
                0x00000001                PROVIDE (__cy_region_num, ((__cy_regions_end - __cy_regions) / 0x10))
                0x20008000                PROVIDE (__cy_stack, (ORIGIN (ram) + 0x10000))
                0x20007800                PROVIDE (__cy_heap_end, (__cy_stack - 0x800))

.cybootloader   0x00000000        0x0
 *(.cybootloader)
                0x00000000                appl1_start = CY_APPL_ORIGIN?CY_APPL_ORIGIN:ALIGN (CY_FLASH_ROW_SIZE)
                0x0001ff00                appl2_start = (appl1_start + ALIGN ((((0x40000 - appl1_start) - (0x2 * CY_FLASH_ROW_SIZE)) / 0x2), CY_FLASH_ROW_SIZE))
                0x00000000                appl_start = (CY_APPL_NUM == 0x1)?appl1_start:appl2_start
                0x00000000                ecc_offset = ((appl_start / CY_FLASH_ROW_SIZE) * CY_ECC_ROW_SIZE)
                0x00000000                ee_offset = (CY_APPL_LOADABLE && ! (CY_EE_IN_BTLDR))?((CY_EE_SIZE / CY_APPL_MAX) * (CY_APPL_NUM - 0x1)):0x0
                0x00000800                ee_size = (CY_APPL_LOADABLE && ! (CY_EE_IN_BTLDR))?(CY_EE_SIZE / CY_APPL_MAX):CY_EE_SIZE
                0x00000000                PROVIDE (CY_ECC_OFFSET, ecc_offset)

.text           0x00000000     0x13ca
 CREATE_OBJECT_SYMBOLS
                0x00000000                PROVIDE (__cy_interrupt_vector, RomVectors)
 *(.romvectors)
 .romvectors    0x00000000       0x10 .\CortexM3\ARM_GCC_484\Debug\Cm3Start.o
                0x00000000                RomVectors
                0x00000001                ASSERT ((. != __cy_interrupt_vector), No interrupt vector)
                0x00000001                ASSERT (CY_APPL_ORIGIN?(SIZEOF (.cybootloader) <= CY_APPL_ORIGIN):0x1, Wrong image location)
                0x00000010                PROVIDE (__cy_reset, Reset)
 *(.text.Reset)
 .text.Reset    0x00000010       0x18 .\CortexM3\ARM_GCC_484\Debug\Cm3Start.o
                0x00000010                Reset
                0x00000001                ASSERT ((. != __cy_reset), No reset code)
 *(.dma_init)
                0x00000001                ASSERT ((((appl_start + .) <= 0x10000) || 0x1), DMA Init must be within the first 64k of flash)
 *(.text .text.* .gnu.linkonce.t.*)
 .text          0x00000028       0x54 c:/program files (x86)/cypress/psoc creator/3.1/psoc creator/import/gnu_cs/arm/4.8.4/bin/../lib/gcc/arm-none-eabi/4.8.4/armv7-m/crtbegin.o
 .text.main     0x0000007c       0x1c .\CortexM3\ARM_GCC_484\Debug\main.o
                0x0000007c                main
 .text.Config   0x00000098        0xc .\CortexM3\ARM_GCC_484\Debug\main.o
                0x00000098                Config
 .text.Init     0x000000a4       0x10 .\CortexM3\ARM_GCC_484\Debug\main.o
                0x000000a4                Init
 .text.Init_Interruptions
                0x000000b4       0x10 .\CortexM3\ARM_GCC_484\Debug\main.o
                0x000000b4                Init_Interruptions
 .text.fonctionTest
                0x000000c4       0x84 .\CortexM3\ARM_GCC_484\Debug\main.o
                0x000000c4                fonctionTest
 .text.EcritureEEPROM
                0x00000148       0x8c .\CortexM3\ARM_GCC_484\Debug\EEPROM.o
                0x00000148                EcritureEEPROM
 .text.LectureEEPROM
                0x000001d4       0x94 .\CortexM3\ARM_GCC_484\Debug\EEPROM.o
                0x000001d4                LectureEEPROM
 .text.IntDefaultHandler
                0x00000268        0x8 .\CortexM3\ARM_GCC_484\Debug\Cm3Start.o
                0x00000268                IntDefaultHandler
 .text.Start_c  0x00000270       0x98 .\CortexM3\ARM_GCC_484\Debug\Cm3Start.o
                0x00000270                Start_c
 .text.initialize_psoc
                0x00000308       0x8c .\CortexM3\ARM_GCC_484\Debug\Cm3Start.o
                0x00000308                initialize_psoc
 .text.CYMEMZERO
                0x00000394       0x1c .\CortexM3\ARM_GCC_484\Debug\Carte HF.a(cyfitter_cfg.o)
 .text.CYCONFIGCPY
                0x000003b0       0x1c .\CortexM3\ARM_GCC_484\Debug\Carte HF.a(cyfitter_cfg.o)
 .text.CyClockStartupError
                0x000003cc        0xc .\CortexM3\ARM_GCC_484\Debug\Carte HF.a(cyfitter_cfg.o)
 .text.cfg_write_bytes32
                0x000003d8       0x74 .\CortexM3\ARM_GCC_484\Debug\Carte HF.a(cyfitter_cfg.o)
 .text.ClockSetup
                0x0000044c       0xd8 .\CortexM3\ARM_GCC_484\Debug\Carte HF.a(cyfitter_cfg.o)
 .text.AnalogSetDefault
                0x00000524       0x44 .\CortexM3\ARM_GCC_484\Debug\Carte HF.a(cyfitter_cfg.o)
 .text.cyfitter_cfg
                0x00000568      0x120 .\CortexM3\ARM_GCC_484\Debug\Carte HF.a(cyfitter_cfg.o)
                0x00000568                cyfitter_cfg
 .text.I2C_Init
                0x00000688       0x80 .\CortexM3\ARM_GCC_484\Debug\Carte HF.a(I2C.o)
                0x00000688                I2C_Init
 .text.I2C_Enable
                0x00000708       0x44 .\CortexM3\ARM_GCC_484\Debug\Carte HF.a(I2C.o)
                0x00000708                I2C_Enable
 .text.I2C_Start
                0x0000074c       0x2c .\CortexM3\ARM_GCC_484\Debug\Carte HF.a(I2C.o)
                0x0000074c                I2C_Start
 .text.I2C_ISR  0x00000778      0x3a8 .\CortexM3\ARM_GCC_484\Debug\Carte HF.a(I2C_INT.o)
                0x00000778                I2C_ISR
 .text.I2C_MasterWriteBuf
                0x00000b20      0x104 .\CortexM3\ARM_GCC_484\Debug\Carte HF.a(I2C_MASTER.o)
                0x00000b20                I2C_MasterWriteBuf
 .text.I2C_MasterSendStart
                0x00000c24       0xb8 .\CortexM3\ARM_GCC_484\Debug\Carte HF.a(I2C_MASTER.o)
                0x00000c24                I2C_MasterSendStart
 .text.I2C_MasterSendStop
                0x00000cdc       0x58 .\CortexM3\ARM_GCC_484\Debug\Carte HF.a(I2C_MASTER.o)
                0x00000cdc                I2C_MasterSendStop
 .text.I2C_MasterReadByte
                0x00000d34       0x7c .\CortexM3\ARM_GCC_484\Debug\Carte HF.a(I2C_MASTER.o)
                0x00000d34                I2C_MasterReadByte
 .text.I2C_MasterStatus
                0x00000db0       0x54 .\CortexM3\ARM_GCC_484\Debug\Carte HF.a(I2C_MASTER.o)
                0x00000db0                I2C_MasterStatus
 .text.I2C_MasterClearStatus
                0x00000e04       0x3c .\CortexM3\ARM_GCC_484\Debug\Carte HF.a(I2C_MASTER.o)
                0x00000e04                I2C_MasterClearStatus
 .text.LCD_Init
                0x00000e40       0x6c .\CortexM3\ARM_GCC_484\Debug\Carte HF.a(LCD.o)
                0x00000e40                LCD_Init
 .text.LCD_Enable
                0x00000eac       0x18 .\CortexM3\ARM_GCC_484\Debug\Carte HF.a(LCD.o)
                0x00000eac                LCD_Enable
 .text.LCD_Start
                0x00000ec4       0x20 .\CortexM3\ARM_GCC_484\Debug\Carte HF.a(LCD.o)
                0x00000ec4                LCD_Start
 .text.LCD_Position
                0x00000ee4       0x6c .\CortexM3\ARM_GCC_484\Debug\Carte HF.a(LCD.o)
                0x00000ee4                LCD_Position
 .text.LCD_PutChar
                0x00000f50       0x18 .\CortexM3\ARM_GCC_484\Debug\Carte HF.a(LCD.o)
                0x00000f50                LCD_PutChar
 .text.LCD_WriteData
                0x00000f68       0x34 .\CortexM3\ARM_GCC_484\Debug\Carte HF.a(LCD.o)
                0x00000f68                LCD_WriteData
 .text.LCD_WriteControl
                0x00000f9c       0x34 .\CortexM3\ARM_GCC_484\Debug\Carte HF.a(LCD.o)
                0x00000f9c                LCD_WriteControl
 .text.LCD_IsReady
                0x00000fd0      0x178 .\CortexM3\ARM_GCC_484\Debug\Carte HF.a(LCD.o)
                0x00000fd0                LCD_IsReady
 .text.LCD_WrDatNib
                0x00001148       0x78 .\CortexM3\ARM_GCC_484\Debug\Carte HF.a(LCD.o)
 .text.LCD_WrCntrlNib
                0x000011c0       0x60 .\CortexM3\ARM_GCC_484\Debug\Carte HF.a(LCD.o)
 .text          0x00001220       0x28 .\CortexM3\ARM_GCC_484\Debug\Carte HF.a(CyBootAsmGnu.o)
                0x00001220                CyDelayCycles
                0x00001234                CyEnterCriticalSection
                0x0000123c                CyExitCriticalSection
 .text.CyHalt   0x00001248       0x18 .\CortexM3\ARM_GCC_484\Debug\Carte HF.a(CyLib.o)
                0x00001248                CyHalt
 .text.CyDelay  0x00001260       0x44 .\CortexM3\ARM_GCC_484\Debug\Carte HF.a(CyLib.o)
                0x00001260                CyDelay
 .text.CyDelayUs
                0x000012a4       0x24 .\CortexM3\ARM_GCC_484\Debug\Carte HF.a(CyLib.o)
                0x000012a4                CyDelayUs
 .text.CyIntSetVector
                0x000012c8       0x50 .\CortexM3\ARM_GCC_484\Debug\Carte HF.a(CyLib.o)
                0x000012c8                CyIntSetVector
 .text.CyIntSetPriority
                0x00001318       0x44 .\CortexM3\ARM_GCC_484\Debug\Carte HF.a(CyLib.o)
                0x00001318                CyIntSetPriority
 .text.__libc_init_array
                0x0000135c       0x4c c:/program files (x86)/cypress/psoc creator/3.1/psoc creator/import/gnu_cs/arm/4.8.4/bin/../lib/gcc/arm-none-eabi/4.8.4/../../../../arm-none-eabi/lib/armv7-m\libg_s.a(lib_a-init.o)
                0x0000135c                __libc_init_array
 .text.memcpy   0x000013a8       0x12 c:/program files (x86)/cypress/psoc creator/3.1/psoc creator/import/gnu_cs/arm/4.8.4/bin/../lib/gcc/arm-none-eabi/4.8.4/../../../../arm-none-eabi/lib/armv7-m\libg_s.a(lib_a-memcpy-stub.o)
                0x000013a8                memcpy
 .text.memset   0x000013ba       0x10 c:/program files (x86)/cypress/psoc creator/3.1/psoc creator/import/gnu_cs/arm/4.8.4/bin/../lib/gcc/arm-none-eabi/4.8.4/../../../../arm-none-eabi/lib/armv7-m\libg_s.a(lib_a-memset.o)
                0x000013ba                memset
 *(.plt)
 *(.gnu.warning)
 *(.glue_7t)
 .glue_7t       0x00000000        0x0 linker stubs
 *(.glue_7)
 .glue_7        0x00000000        0x0 linker stubs
 *(.vfp11_veneer)
 .vfp11_veneer  0x00000000        0x0 linker stubs
 *(.bootloader)
 *(.ARM.extab* .gnu.linkonce.armextab.*)
 *(.gcc_except_table)

.v4_bx          0x000013cc        0x0
 .v4_bx         0x00000000        0x0 linker stubs

.iplt           0x000013cc        0x0
 .iplt          0x00000000        0x0 c:/program files (x86)/cypress/psoc creator/3.1/psoc creator/import/gnu_cs/arm/4.8.4/bin/../lib/gcc/arm-none-eabi/4.8.4/armv7-m/crtbegin.o

.eh_frame_hdr
 *(.eh_frame_hdr)

.eh_frame       0x000013cc        0x4
 *(.eh_frame)
 .eh_frame      0x000013cc        0x0 c:/program files (x86)/cypress/psoc creator/3.1/psoc creator/import/gnu_cs/arm/4.8.4/bin/../lib/gcc/arm-none-eabi/4.8.4/armv7-m/crtbegin.o
 .eh_frame      0x000013cc        0x4 c:/program files (x86)/cypress/psoc creator/3.1/psoc creator/import/gnu_cs/arm/4.8.4/bin/../lib/gcc/arm-none-eabi/4.8.4/armv7-m/crtend.o
                0x000013d0                PROVIDE (__exidx_start, .)

.ARM.exidx
 *(.ARM.exidx* .gnu.linkonce.armexidx.*)
                0x000013d0                __exidx_end = .

.rodata         0x000013d0       0x70
 *(.rodata .rodata.* .gnu.linkonce.r.*)
 .rodata        0x000013d0       0x38 .\CortexM3\ARM_GCC_484\Debug\Carte HF.a(cyfitter_cfg.o)
                0x00001408                . = ALIGN (0x4)
 *(.init)
 .init          0x00001408        0x4 c:/program files (x86)/cypress/psoc creator/3.1/psoc creator/import/gnu_cs/arm/4.8.4/bin/../lib/gcc/arm-none-eabi/4.8.4/armv7-m/crti.o
                0x00001408                _init
 .init          0x0000140c        0x8 c:/program files (x86)/cypress/psoc creator/3.1/psoc creator/import/gnu_cs/arm/4.8.4/bin/../lib/gcc/arm-none-eabi/4.8.4/armv7-m/crtn.o
                0x00001414                . = ALIGN (0x4)
                0x00001414                __preinit_array_start = .
 *(.preinit_array)
                0x00001414                __preinit_array_end = .
                0x00001414                . = ALIGN (0x4)
                0x00001414                __init_array_start = .
 *(SORT(.init_array.*))
 *(.init_array)
 .init_array    0x00001414        0x4 c:/program files (x86)/cypress/psoc creator/3.1/psoc creator/import/gnu_cs/arm/4.8.4/bin/../lib/gcc/arm-none-eabi/4.8.4/armv7-m/crtbegin.o
 .init_array    0x00001418        0x4 .\CortexM3\ARM_GCC_484\Debug\Cm3Start.o
                0x0000141c                __init_array_end = .
                0x0000141c                . = ALIGN (0x4)
 *(.fini)
 .fini          0x0000141c        0x4 c:/program files (x86)/cypress/psoc creator/3.1/psoc creator/import/gnu_cs/arm/4.8.4/bin/../lib/gcc/arm-none-eabi/4.8.4/armv7-m/crti.o
                0x0000141c                _fini
 .fini          0x00001420        0x8 c:/program files (x86)/cypress/psoc creator/3.1/psoc creator/import/gnu_cs/arm/4.8.4/bin/../lib/gcc/arm-none-eabi/4.8.4/armv7-m/crtn.o
                0x00001428                . = ALIGN (0x4)
                0x00001428                __fini_array_start = .
 *(.fini_array)
 .fini_array    0x00001428        0x4 c:/program files (x86)/cypress/psoc creator/3.1/psoc creator/import/gnu_cs/arm/4.8.4/bin/../lib/gcc/arm-none-eabi/4.8.4/armv7-m/crtbegin.o
 *(SORT(.fini_array.*))
                0x0000142c                __fini_array_end = .
                0x0000142c                . = ALIGN (0x4)
 *crtbegin.o(.ctors)
 *(EXCLUDE_FILE(*crtend.o) .ctors)
 *(SORT(.ctors.*))
 *crtend.o(.ctors)
                0x0000142c                . = ALIGN (0x4)
 *crtbegin.o(.dtors)
 *(EXCLUDE_FILE(*crtend.o) .dtors)
 *(SORT(.dtors.*))
 *crtend.o(.dtors)
                0x0000142c                . = ALIGN (0x4)
                0x0000142c                __cy_regions = .
                0x0000142c        0x4 LONG 0x1440 __cy_region_init_ram
                0x00001430        0x4 LONG 0x1fff8108 __cy_region_start_data
                0x00001434        0x4 LONG 0x18 __cy_region_init_size_ram
                0x00001438        0x4 LONG 0x338 __cy_region_zero_size_ram
                0x0000143c                __cy_regions_end = .
                0x00001440                . = ALIGN (0x8)
 *fill*         0x0000143c        0x4 
                0x00001440                _etext = .

.ramvectors     0x1fff8000      0x100
                0x1fff8000                __cy_region_start_ram = .
 *(.ramvectors)
 .ramvectors    0x1fff8000      0x100 .\CortexM3\ARM_GCC_484\Debug\Cm3Start.o
                0x1fff8000                CyRamVectors

.noinit         0x1fff8100        0x5
 *(.noinit)
 .noinit        0x1fff8100        0x4 .\CortexM3\ARM_GCC_484\Debug\Cm3Start.o
 .noinit        0x1fff8104        0x1 .\CortexM3\ARM_GCC_484\Debug\Carte HF.a(CyLib.o)
                0x1fff8104                CyResetStatus

.data           0x1fff8108       0x18 load address 0x00001440
                0x1fff8108                __cy_region_start_data = .
 *(.jcr)
 .jcr           0x1fff8108        0x0 c:/program files (x86)/cypress/psoc creator/3.1/psoc creator/import/gnu_cs/arm/4.8.4/bin/../lib/gcc/arm-none-eabi/4.8.4/armv7-m/crtbegin.o
 .jcr           0x1fff8108        0x4 c:/program files (x86)/cypress/psoc creator/3.1/psoc creator/import/gnu_cs/arm/4.8.4/bin/../lib/gcc/arm-none-eabi/4.8.4/armv7-m/crtend.o
 *(.got.plt)
 *(.got)
 *(.shdata)
 *(.data .data.* .gnu.linkonce.d.*)
 .data          0x1fff810c       0x10 .\CortexM3\ARM_GCC_484\Debug\Carte HF.a(CyLib.o)
                0x1fff810c                cydelay_freq_hz
                0x1fff8110                cydelay_freq_khz
                0x1fff8114                cydelay_freq_mhz
                0x1fff8118                cydelay_32k_ms
                0x1fff8120                . = ALIGN (0x8)
 *fill*         0x1fff811c        0x4 
 *(.ram)
                0x1fff8120                _edata = .

.igot.plt       0x1fff8120        0x0 load address 0x00001458
 .igot.plt      0x00000000        0x0 c:/program files (x86)/cypress/psoc creator/3.1/psoc creator/import/gnu_cs/arm/4.8.4/bin/../lib/gcc/arm-none-eabi/4.8.4/armv7-m/crtbegin.o

.bss            0x1fff8120      0x338 load address 0x00001458
                0x1fff8120                PROVIDE (__bss_start__, .)
 *(.shbss)
 *(.bss .bss.* .gnu.linkonce.b.*)
 .bss           0x1fff8120       0x1c c:/program files (x86)/cypress/psoc creator/3.1/psoc creator/import/gnu_cs/arm/4.8.4/bin/../lib/gcc/arm-none-eabi/4.8.4/armv7-m/crtbegin.o
 .bss           0x1fff813c      0x104 .\CortexM3\ARM_GCC_484\Debug\main.o
                0x1fff813c                adresse
                0x1fff8140                dataBuffer
 .bss           0x1fff8240        0x1 .\CortexM3\ARM_GCC_484\Debug\Carte HF.a(I2C.o)
                0x1fff8240                I2C_initVar
 .bss           0x1fff8241        0x2 .\CortexM3\ARM_GCC_484\Debug\Carte HF.a(LCD.o)
                0x1fff8241                LCD_enableState
                0x1fff8242                LCD_initVar
 *(COMMON)
 *fill*         0x1fff8243        0x1 
 COMMON         0x1fff8244      0x1fe .\CortexM3\ARM_GCC_484\Debug\main.o
                0x1fff8244                writeData
                0x1fff8342                i
                0x1fff8344                readData
 COMMON         0x1fff8442        0x1 .\CortexM3\ARM_GCC_484\Debug\Carte HF.a(I2C.o)
                0x1fff8442                I2C_state
 *fill*         0x1fff8443        0x1 
 COMMON         0x1fff8444       0x10 .\CortexM3\ARM_GCC_484\Debug\Carte HF.a(I2C_MASTER.o)
                0x1fff8444                I2C_mstrWrBufIndex
                0x1fff8445                I2C_mstrWrBufSize
                0x1fff8446                I2C_mstrStatus
                0x1fff8448                I2C_mstrRdBufPtr
                0x1fff844c                I2C_mstrControl
                0x1fff844d                I2C_mstrRdBufSize
                0x1fff844e                I2C_mstrRdBufIndex
                0x1fff8450                I2C_mstrWrBufPtr
                0x1fff8458                . = ALIGN (0x8)
 *fill*         0x1fff8454        0x4 
 *(.ram.b)
                0x1fff8458                _end = .
                0x1fff8458                __end = .
                0x1fff8458                PROVIDE (end, .)
                0x1fff8458                PROVIDE (__bss_end__, .)
                0x00001440                __cy_region_init_ram = LOADADDR (.data)
                0x00000018                __cy_region_init_size_ram = (_edata - ADDR (.data))
                0x00000338                __cy_region_zero_size_ram = (_end - _edata)

.heap           0x1fff8458       0x80 load address 0x00001458
                0x1fff8458                . = _end
                0x1fff84d8                . = (. + 0x80)
 *fill*         0x1fff8458       0x80 
                0x1fff84d8                __cy_heap_limit = .

.stack          0x20007800      0x800
                0x20007800                __cy_stack_limit = .
                0x20008000                . = (. + 0x800)
 *fill*         0x20007800      0x800 
                0x00000001                ASSERT ((__cy_stack_limit >= __cy_heap_limit), region RAM overflowed with stack)

.cyloadermeta
 *(.cyloadermeta)

.cyloadablemeta
 *(.cyloadablemeta)

.cyconfigecc    0x80000000       0xa0
 *(.cyconfigecc)
 .cyconfigecc   0x80000000       0xa0 .\CortexM3\ARM_GCC_484\Debug\cymetadata.o
                0x80000000                cy_meta_configecc

.cycustnvl      0x90000000        0x4
 *(.cycustnvl)
 .cycustnvl     0x90000000        0x4 .\CortexM3\ARM_GCC_484\Debug\cymetadata.o
                0x90000000                cy_meta_custnvl

.cywolatch      0x90100000        0x4
 *(.cywolatch)
 .cywolatch     0x90100000        0x4 .\CortexM3\ARM_GCC_484\Debug\cymetadata.o
                0x90100000                cy_meta_wonvl

.cyeeprom       0x90200000        0x0
 *(.cyeeprom)
                0x00000001                ASSERT ((. <= ((0x90200000 + ee_offset) + ee_size)), .cyeeprom data will not fit in EEPROM)

.cyflashprotect
                0x90400000      0x100
 *(.cyflashprotect)
 .cyflashprotect
                0x90400000      0x100 .\CortexM3\ARM_GCC_484\Debug\cymetadata.o
                0x90400000                cy_meta_flashprotect

.cymeta         0x90500000        0xc
 *(.cymeta)
 .cymeta        0x90500000        0xc .\CortexM3\ARM_GCC_484\Debug\cymetadata.o
                0x90500000                cy_metadata

.rel.dyn        0x00001458        0x0 load address 0x9050000c
 .rel.iplt      0x00000000        0x0 c:/program files (x86)/cypress/psoc creator/3.1/psoc creator/import/gnu_cs/arm/4.8.4/bin/../lib/gcc/arm-none-eabi/4.8.4/armv7-m/crtbegin.o

.stab
 *(.stab)

.stabstr
 *(.stabstr)

.debug
 *(.debug)

.line
 *(.line)

.debug_srcinfo
 *(.debug_srcinfo)

.debug_sfnames
 *(.debug_sfnames)

.debug_aranges  0x00000000      0x720
 *(.debug_aranges)
 .debug_aranges
                0x00000000       0x40 .\CortexM3\ARM_GCC_484\Debug\main.o
 .debug_aranges
                0x00000040       0x28 .\CortexM3\ARM_GCC_484\Debug\EEPROM.o
 .debug_aranges
                0x00000068       0x18 .\CortexM3\ARM_GCC_484\Debug\module_hf.o
 .debug_aranges
                0x00000080       0x18 .\CortexM3\ARM_GCC_484\Debug\cymetadata.o
 .debug_aranges
                0x00000098       0x48 .\CortexM3\ARM_GCC_484\Debug\Cm3Start.o
 .debug_aranges
                0x000000e0       0x60 .\CortexM3\ARM_GCC_484\Debug\Carte HF.a(cyfitter_cfg.o)
 .debug_aranges
                0x00000140       0x38 .\CortexM3\ARM_GCC_484\Debug\Carte HF.a(I2C.o)
 .debug_aranges
                0x00000178       0x20 .\CortexM3\ARM_GCC_484\Debug\Carte HF.a(I2C_INT.o)
 .debug_aranges
                0x00000198       0x38 .\CortexM3\ARM_GCC_484\Debug\Carte HF.a(I2C_PM.o)
 .debug_aranges
                0x000001d0       0x80 .\CortexM3\ARM_GCC_484\Debug\Carte HF.a(I2C_MASTER.o)
 .debug_aranges
                0x00000250       0x98 .\CortexM3\ARM_GCC_484\Debug\Carte HF.a(LCD.o)
 .debug_aranges
                0x000002e8       0x20 .\CortexM3\ARM_GCC_484\Debug\Carte HF.a(CyBootAsmGnu.o)
 .debug_aranges
                0x00000308      0x290 .\CortexM3\ARM_GCC_484\Debug\Carte HF.a(CyLib.o)
 .debug_aranges
                0x00000598       0x90 .\CortexM3\ARM_GCC_484\Debug\Carte HF.a(cyPm.o)
 .debug_aranges
                0x00000628       0x80 .\CortexM3\ARM_GCC_484\Debug\Carte HF.a(CyFlash.o)
 .debug_aranges
                0x000006a8       0x78 .\CortexM3\ARM_GCC_484\Debug\Carte HF.a(CySpc.o)

.debug_pubnames
 *(.debug_pubnames)

.debug_info     0x00000000     0x3381
 *(.debug_info .gnu.linkonce.wi.*)
 .debug_info    0x00000000      0x186 .\CortexM3\ARM_GCC_484\Debug\main.o
 .debug_info    0x00000186      0x170 .\CortexM3\ARM_GCC_484\Debug\EEPROM.o
 .debug_info    0x000002f6      0x125 .\CortexM3\ARM_GCC_484\Debug\module_hf.o
 .debug_info    0x0000041b      0x139 .\CortexM3\ARM_GCC_484\Debug\cymetadata.o
 .debug_info    0x00000554      0x323 .\CortexM3\ARM_GCC_484\Debug\Cm3Start.o
 .debug_info    0x00000877      0x38e .\CortexM3\ARM_GCC_484\Debug\Carte HF.a(cyfitter_cfg.o)
 .debug_info    0x00000c05      0x1f7 .\CortexM3\ARM_GCC_484\Debug\Carte HF.a(I2C.o)
 .debug_info    0x00000dfc      0x14d .\CortexM3\ARM_GCC_484\Debug\Carte HF.a(I2C_INT.o)
 .debug_info    0x00000f49      0x190 .\CortexM3\ARM_GCC_484\Debug\Carte HF.a(I2C_PM.o)
 .debug_info    0x000010d9      0x3ef .\CortexM3\ARM_GCC_484\Debug\Carte HF.a(I2C_MASTER.o)
 .debug_info    0x000014c8      0x3c4 .\CortexM3\ARM_GCC_484\Debug\Carte HF.a(LCD.o)
 .debug_info    0x0000188c       0x7a .\CortexM3\ARM_GCC_484\Debug\Carte HF.a(CyBootAsmGnu.o)
 .debug_info    0x00001906      0xd85 .\CortexM3\ARM_GCC_484\Debug\Carte HF.a(CyLib.o)
 .debug_info    0x0000268b      0x536 .\CortexM3\ARM_GCC_484\Debug\Carte HF.a(cyPm.o)
 .debug_info    0x00002bc1      0x36a .\CortexM3\ARM_GCC_484\Debug\Carte HF.a(CyFlash.o)
 .debug_info    0x00002f2b      0x456 .\CortexM3\ARM_GCC_484\Debug\Carte HF.a(CySpc.o)

.debug_abbrev   0x00000000     0x109d
 *(.debug_abbrev)
 .debug_abbrev  0x00000000       0xc7 .\CortexM3\ARM_GCC_484\Debug\main.o
 .debug_abbrev  0x000000c7       0xb1 .\CortexM3\ARM_GCC_484\Debug\EEPROM.o
 .debug_abbrev  0x00000178       0x7f .\CortexM3\ARM_GCC_484\Debug\module_hf.o
 .debug_abbrev  0x000001f7       0x5d .\CortexM3\ARM_GCC_484\Debug\cymetadata.o
 .debug_abbrev  0x00000254      0x1c5 .\CortexM3\ARM_GCC_484\Debug\Cm3Start.o
 .debug_abbrev  0x00000419      0x185 .\CortexM3\ARM_GCC_484\Debug\Carte HF.a(cyfitter_cfg.o)
 .debug_abbrev  0x0000059e       0xe2 .\CortexM3\ARM_GCC_484\Debug\Carte HF.a(I2C.o)
 .debug_abbrev  0x00000680       0x8e .\CortexM3\ARM_GCC_484\Debug\Carte HF.a(I2C_INT.o)
 .debug_abbrev  0x0000070e       0xf8 .\CortexM3\ARM_GCC_484\Debug\Carte HF.a(I2C_PM.o)
 .debug_abbrev  0x00000806      0x12b .\CortexM3\ARM_GCC_484\Debug\Carte HF.a(I2C_MASTER.o)
 .debug_abbrev  0x00000931      0x12d .\CortexM3\ARM_GCC_484\Debug\Carte HF.a(LCD.o)
 .debug_abbrev  0x00000a5e       0x14 .\CortexM3\ARM_GCC_484\Debug\Carte HF.a(CyBootAsmGnu.o)
 .debug_abbrev  0x00000a72      0x217 .\CortexM3\ARM_GCC_484\Debug\Carte HF.a(CyLib.o)
 .debug_abbrev  0x00000c89      0x16e .\CortexM3\ARM_GCC_484\Debug\Carte HF.a(cyPm.o)
 .debug_abbrev  0x00000df7      0x12d .\CortexM3\ARM_GCC_484\Debug\Carte HF.a(CyFlash.o)
 .debug_abbrev  0x00000f24      0x179 .\CortexM3\ARM_GCC_484\Debug\Carte HF.a(CySpc.o)

.debug_line     0x00000000     0x1fbc
 *(.debug_line)
 .debug_line    0x00000000      0x1ee .\CortexM3\ARM_GCC_484\Debug\main.o
 .debug_line    0x000001ee      0x1c5 .\CortexM3\ARM_GCC_484\Debug\EEPROM.o
 .debug_line    0x000003b3      0x160 .\CortexM3\ARM_GCC_484\Debug\module_hf.o
 .debug_line    0x00000513       0x53 .\CortexM3\ARM_GCC_484\Debug\cymetadata.o
 .debug_line    0x00000566      0x1d0 .\CortexM3\ARM_GCC_484\Debug\Cm3Start.o
 .debug_line    0x00000736      0x1e9 .\CortexM3\ARM_GCC_484\Debug\Carte HF.a(cyfitter_cfg.o)
 .debug_line    0x0000091f       0xd7 .\CortexM3\ARM_GCC_484\Debug\Carte HF.a(I2C.o)
 .debug_line    0x000009f6      0x109 .\CortexM3\ARM_GCC_484\Debug\Carte HF.a(I2C_INT.o)
 .debug_line    0x00000aff       0xba .\CortexM3\ARM_GCC_484\Debug\Carte HF.a(I2C_PM.o)
 .debug_line    0x00000bb9      0x1ea .\CortexM3\ARM_GCC_484\Debug\Carte HF.a(I2C_MASTER.o)
 .debug_line    0x00000da3      0x1ef .\CortexM3\ARM_GCC_484\Debug\Carte HF.a(LCD.o)
 .debug_line    0x00000f92       0x68 .\CortexM3\ARM_GCC_484\Debug\Carte HF.a(CyBootAsmGnu.o)
 .debug_line    0x00000ffa      0x839 .\CortexM3\ARM_GCC_484\Debug\Carte HF.a(CyLib.o)
 .debug_line    0x00001833      0x366 .\CortexM3\ARM_GCC_484\Debug\Carte HF.a(cyPm.o)
 .debug_line    0x00001b99      0x217 .\CortexM3\ARM_GCC_484\Debug\Carte HF.a(CyFlash.o)
 .debug_line    0x00001db0      0x20c .\CortexM3\ARM_GCC_484\Debug\Carte HF.a(CySpc.o)

.debug_frame    0x00000000     0x1658
 *(.debug_frame)
 .debug_frame   0x00000000       0x9c .\CortexM3\ARM_GCC_484\Debug\main.o
 .debug_frame   0x0000009c       0x54 .\CortexM3\ARM_GCC_484\Debug\EEPROM.o
 .debug_frame   0x000000f0       0xc4 .\CortexM3\ARM_GCC_484\Debug\Cm3Start.o
 .debug_frame   0x000001b4      0x120 .\CortexM3\ARM_GCC_484\Debug\Carte HF.a(cyfitter_cfg.o)
 .debug_frame   0x000002d4       0x88 .\CortexM3\ARM_GCC_484\Debug\Carte HF.a(I2C.o)
 .debug_frame   0x0000035c       0x30 .\CortexM3\ARM_GCC_484\Debug\Carte HF.a(I2C_INT.o)
 .debug_frame   0x0000038c       0x84 .\CortexM3\ARM_GCC_484\Debug\Carte HF.a(I2C_PM.o)
 .debug_frame   0x00000410      0x17c .\CortexM3\ARM_GCC_484\Debug\Carte HF.a(I2C_MASTER.o)
 .debug_frame   0x0000058c      0x200 .\CortexM3\ARM_GCC_484\Debug\Carte HF.a(LCD.o)
 .debug_frame   0x0000078c      0x924 .\CortexM3\ARM_GCC_484\Debug\Carte HF.a(CyLib.o)
 .debug_frame   0x000010b0      0x1d0 .\CortexM3\ARM_GCC_484\Debug\Carte HF.a(cyPm.o)
 .debug_frame   0x00001280      0x1a8 .\CortexM3\ARM_GCC_484\Debug\Carte HF.a(CyFlash.o)
 .debug_frame   0x00001428      0x174 .\CortexM3\ARM_GCC_484\Debug\Carte HF.a(CySpc.o)
 .debug_frame   0x0000159c       0x20 c:/program files (x86)/cypress/psoc creator/3.1/psoc creator/import/gnu_cs/arm/4.8.4/bin/../lib/gcc/arm-none-eabi/4.8.4/../../../../arm-none-eabi/lib/armv7-m\libg_s.a(lib_a-errno.o)
 .debug_frame   0x000015bc       0x28 c:/program files (x86)/cypress/psoc creator/3.1/psoc creator/import/gnu_cs/arm/4.8.4/bin/../lib/gcc/arm-none-eabi/4.8.4/../../../../arm-none-eabi/lib/armv7-m\libg_s.a(lib_a-exit.o)
 .debug_frame   0x000015e4       0x2c c:/program files (x86)/cypress/psoc creator/3.1/psoc creator/import/gnu_cs/arm/4.8.4/bin/../lib/gcc/arm-none-eabi/4.8.4/../../../../arm-none-eabi/lib/armv7-m\libg_s.a(lib_a-init.o)
 .debug_frame   0x00001610       0x28 c:/program files (x86)/cypress/psoc creator/3.1/psoc creator/import/gnu_cs/arm/4.8.4/bin/../lib/gcc/arm-none-eabi/4.8.4/../../../../arm-none-eabi/lib/armv7-m\libg_s.a(lib_a-memcpy-stub.o)
 .debug_frame   0x00001638       0x20 c:/program files (x86)/cypress/psoc creator/3.1/psoc creator/import/gnu_cs/arm/4.8.4/bin/../lib/gcc/arm-none-eabi/4.8.4/../../../../arm-none-eabi/lib/armv7-m\libg_s.a(lib_a-memset.o)

.debug_str      0x00000000     0x16ea
 *(.debug_str)
 .debug_str     0x00000000      0x17d .\CortexM3\ARM_GCC_484\Debug\main.o
                                0x1ca (size before relaxing)
 .debug_str     0x0000017d       0x2f .\CortexM3\ARM_GCC_484\Debug\EEPROM.o
                                0x1c7 (size before relaxing)
 .debug_str     0x000001ac        0xe .\CortexM3\ARM_GCC_484\Debug\module_hf.o
                                0x19e (size before relaxing)
 .debug_str     0x000001ba       0x77 .\CortexM3\ARM_GCC_484\Debug\cymetadata.o
                                0x1c2 (size before relaxing)
 .debug_str     0x00000231      0x13e .\CortexM3\ARM_GCC_484\Debug\Cm3Start.o
                                0x2a3 (size before relaxing)
 .debug_str     0x0000036f      0x15e .\CortexM3\ARM_GCC_484\Debug\Carte HF.a(cyfitter_cfg.o)
                                0x2cf (size before relaxing)
 .debug_str     0x000004cd       0xe2 .\CortexM3\ARM_GCC_484\Debug\Carte HF.a(I2C.o)
                                0x252 (size before relaxing)
 .debug_str     0x000005af       0x88 .\CortexM3\ARM_GCC_484\Debug\Carte HF.a(I2C_INT.o)
                                0x224 (size before relaxing)
 .debug_str     0x00000637       0x58 .\CortexM3\ARM_GCC_484\Debug\Carte HF.a(I2C_PM.o)
                                0x208 (size before relaxing)
 .debug_str     0x0000068f      0x177 .\CortexM3\ARM_GCC_484\Debug\Carte HF.a(I2C_MASTER.o)
                                0x370 (size before relaxing)
 .debug_str     0x00000806      0x173 .\CortexM3\ARM_GCC_484\Debug\Carte HF.a(LCD.o)
                                0x2e5 (size before relaxing)
 .debug_str     0x00000979      0x798 .\CortexM3\ARM_GCC_484\Debug\Carte HF.a(CyLib.o)
                                0x963 (size before relaxing)
 .debug_str     0x00001111      0x371 .\CortexM3\ARM_GCC_484\Debug\Carte HF.a(cyPm.o)
                                0x4f3 (size before relaxing)
 .debug_str     0x00001482      0x147 .\CortexM3\ARM_GCC_484\Debug\Carte HF.a(CyFlash.o)
                                0x2c2 (size before relaxing)
 .debug_str     0x000015c9      0x121 .\CortexM3\ARM_GCC_484\Debug\Carte HF.a(CySpc.o)
                                0x2bf (size before relaxing)

.debug_loc
 *(.debug_loc)

.debug_macinfo
 *(.debug_macinfo)

.debug_ranges   0x00000000      0x600
 *(.debug_ranges)
 .debug_ranges  0x00000000       0x30 .\CortexM3\ARM_GCC_484\Debug\main.o
 .debug_ranges  0x00000030       0x18 .\CortexM3\ARM_GCC_484\Debug\EEPROM.o
 .debug_ranges  0x00000048       0x38 .\CortexM3\ARM_GCC_484\Debug\Cm3Start.o
 .debug_ranges  0x00000080       0x50 .\CortexM3\ARM_GCC_484\Debug\Carte HF.a(cyfitter_cfg.o)
 .debug_ranges  0x000000d0       0x28 .\CortexM3\ARM_GCC_484\Debug\Carte HF.a(I2C.o)
 .debug_ranges  0x000000f8       0x10 .\CortexM3\ARM_GCC_484\Debug\Carte HF.a(I2C_INT.o)
 .debug_ranges  0x00000108       0x28 .\CortexM3\ARM_GCC_484\Debug\Carte HF.a(I2C_PM.o)
 .debug_ranges  0x00000130       0x70 .\CortexM3\ARM_GCC_484\Debug\Carte HF.a(I2C_MASTER.o)
 .debug_ranges  0x000001a0       0x88 .\CortexM3\ARM_GCC_484\Debug\Carte HF.a(LCD.o)
 .debug_ranges  0x00000228      0x280 .\CortexM3\ARM_GCC_484\Debug\Carte HF.a(CyLib.o)
 .debug_ranges  0x000004a8       0x80 .\CortexM3\ARM_GCC_484\Debug\Carte HF.a(cyPm.o)
 .debug_ranges  0x00000528       0x70 .\CortexM3\ARM_GCC_484\Debug\Carte HF.a(CyFlash.o)
 .debug_ranges  0x00000598       0x68 .\CortexM3\ARM_GCC_484\Debug\Carte HF.a(CySpc.o)

.comment        0x00000000       0x70
 .comment       0x00000000       0x70 .\CortexM3\ARM_GCC_484\Debug\main.o
                                 0x71 (size before relaxing)
 .comment       0x00000000       0x71 .\CortexM3\ARM_GCC_484\Debug\EEPROM.o
 .comment       0x00000000       0x71 .\CortexM3\ARM_GCC_484\Debug\module_hf.o
 .comment       0x00000000       0x71 .\CortexM3\ARM_GCC_484\Debug\cymetadata.o
 .comment       0x00000000       0x71 .\CortexM3\ARM_GCC_484\Debug\Cm3Start.o
 .comment       0x00000000       0x71 .\CortexM3\ARM_GCC_484\Debug\Carte HF.a(cyfitter_cfg.o)
 .comment       0x00000000       0x71 .\CortexM3\ARM_GCC_484\Debug\Carte HF.a(I2C.o)
 .comment       0x00000000       0x71 .\CortexM3\ARM_GCC_484\Debug\Carte HF.a(I2C_INT.o)
 .comment       0x00000000       0x71 .\CortexM3\ARM_GCC_484\Debug\Carte HF.a(I2C_PM.o)
 .comment       0x00000000       0x71 .\CortexM3\ARM_GCC_484\Debug\Carte HF.a(I2C_MASTER.o)
 .comment       0x00000000       0x71 .\CortexM3\ARM_GCC_484\Debug\Carte HF.a(LCD.o)
 .comment       0x00000000       0x71 .\CortexM3\ARM_GCC_484\Debug\Carte HF.a(CyLib.o)
 .comment       0x00000000       0x71 .\CortexM3\ARM_GCC_484\Debug\Carte HF.a(cyPm.o)
 .comment       0x00000000       0x71 .\CortexM3\ARM_GCC_484\Debug\Carte HF.a(CyFlash.o)
 .comment       0x00000000       0x71 .\CortexM3\ARM_GCC_484\Debug\Carte HF.a(CySpc.o)

.debug_weaknames
 *(.debug_weaknames)

.debug_funcnames
 *(.debug_funcnames)

.debug_typenames
 *(.debug_typenames)

.debug_varnames
 *(.debug_varnames)

.note.gnu.arm.ident
 *(.note.gnu.arm.ident)

.ARM.attributes
                0x00000000       0x29
 *(.ARM.attributes)
 .ARM.attributes
                0x00000000       0x1d c:/program files (x86)/cypress/psoc creator/3.1/psoc creator/import/gnu_cs/arm/4.8.4/bin/../lib/gcc/arm-none-eabi/4.8.4/armv7-m/crti.o
 .ARM.attributes
                0x0000001d       0x2d c:/program files (x86)/cypress/psoc creator/3.1/psoc creator/import/gnu_cs/arm/4.8.4/bin/../lib/gcc/arm-none-eabi/4.8.4/armv7-m/crtbegin.o
 .ARM.attributes
                0x0000004a       0x1b c:/program files (x86)/cypress/psoc creator/3.1/psoc creator/import/gnu_cs/arm/4.8.4/bin/../lib/gcc/arm-none-eabi/4.8.4/../../../../arm-none-eabi/lib/armv7-m/crt0.o
 .ARM.attributes
                0x00000065       0x33 .\CortexM3\ARM_GCC_484\Debug\main.o
 .ARM.attributes
                0x00000098       0x33 .\CortexM3\ARM_GCC_484\Debug\EEPROM.o
 .ARM.attributes
                0x000000cb       0x33 .\CortexM3\ARM_GCC_484\Debug\module_hf.o
 .ARM.attributes
                0x000000fe       0x33 .\CortexM3\ARM_GCC_484\Debug\cymetadata.o
 .ARM.attributes
                0x00000131       0x33 .\CortexM3\ARM_GCC_484\Debug\Cm3Start.o
 .ARM.attributes
                0x00000164       0x33 .\CortexM3\ARM_GCC_484\Debug\Carte HF.a(cyfitter_cfg.o)
 .ARM.attributes
                0x00000197       0x33 .\CortexM3\ARM_GCC_484\Debug\Carte HF.a(I2C.o)
 .ARM.attributes
                0x000001ca       0x33 .\CortexM3\ARM_GCC_484\Debug\Carte HF.a(I2C_INT.o)
 .ARM.attributes
                0x000001fd       0x33 .\CortexM3\ARM_GCC_484\Debug\Carte HF.a(I2C_PM.o)
 .ARM.attributes
                0x00000230       0x33 .\CortexM3\ARM_GCC_484\Debug\Carte HF.a(I2C_MASTER.o)
 .ARM.attributes
                0x00000263       0x33 .\CortexM3\ARM_GCC_484\Debug\Carte HF.a(LCD.o)
 .ARM.attributes
                0x00000296       0x21 .\CortexM3\ARM_GCC_484\Debug\Carte HF.a(CyBootAsmGnu.o)
 .ARM.attributes
                0x000002b7       0x33 .\CortexM3\ARM_GCC_484\Debug\Carte HF.a(CyLib.o)
 .ARM.attributes
                0x000002ea       0x33 .\CortexM3\ARM_GCC_484\Debug\Carte HF.a(cyPm.o)
 .ARM.attributes
                0x0000031d       0x33 .\CortexM3\ARM_GCC_484\Debug\Carte HF.a(CyFlash.o)
 .ARM.attributes
                0x00000350       0x33 .\CortexM3\ARM_GCC_484\Debug\Carte HF.a(CySpc.o)
 .ARM.attributes
                0x00000383       0x2d c:/program files (x86)/cypress/psoc creator/3.1/psoc creator/import/gnu_cs/arm/4.8.4/bin/../lib/gcc/arm-none-eabi/4.8.4/../../../../arm-none-eabi/lib/armv7-m\libg_s.a(lib_a-errno.o)
 .ARM.attributes
                0x000003b0       0x2d c:/program files (x86)/cypress/psoc creator/3.1/psoc creator/import/gnu_cs/arm/4.8.4/bin/../lib/gcc/arm-none-eabi/4.8.4/../../../../arm-none-eabi/lib/armv7-m\libg_s.a(lib_a-exit.o)
 .ARM.attributes
                0x000003dd       0x2d c:/program files (x86)/cypress/psoc creator/3.1/psoc creator/import/gnu_cs/arm/4.8.4/bin/../lib/gcc/arm-none-eabi/4.8.4/../../../../arm-none-eabi/lib/armv7-m\libg_s.a(lib_a-impure.o)
 .ARM.attributes
                0x0000040a       0x2d c:/program files (x86)/cypress/psoc creator/3.1/psoc creator/import/gnu_cs/arm/4.8.4/bin/../lib/gcc/arm-none-eabi/4.8.4/../../../../arm-none-eabi/lib/armv7-m\libg_s.a(lib_a-init.o)
 .ARM.attributes
                0x00000437       0x2d c:/program files (x86)/cypress/psoc creator/3.1/psoc creator/import/gnu_cs/arm/4.8.4/bin/../lib/gcc/arm-none-eabi/4.8.4/../../../../arm-none-eabi/lib/armv7-m\libg_s.a(lib_a-memcpy-stub.o)
 .ARM.attributes
                0x00000464       0x2d c:/program files (x86)/cypress/psoc creator/3.1/psoc creator/import/gnu_cs/arm/4.8.4/bin/../lib/gcc/arm-none-eabi/4.8.4/../../../../arm-none-eabi/lib/armv7-m\libg_s.a(lib_a-memset.o)
 .ARM.attributes
                0x00000491       0x2d c:/program files (x86)/cypress/psoc creator/3.1/psoc creator/import/gnu_cs/arm/4.8.4/bin/../lib/gcc/arm-none-eabi/4.8.4/armv7-m/crtend.o
 .ARM.attributes
                0x000004be       0x1d c:/program files (x86)/cypress/psoc creator/3.1/psoc creator/import/gnu_cs/arm/4.8.4/bin/../lib/gcc/arm-none-eabi/4.8.4/armv7-m/crtn.o

/DISCARD/
 *(.note.GNU-stack)
OUTPUT(.\CortexM3\ARM_GCC_484\Debug\Carte HF.elf elf32-littlearm)
